Archive member included to satisfy reference by file (symbol)

/Applications/STM32CubeIDE.app/Contents/Eclipse/plugins/com.st.stm32cube.ide.mcu.externaltools.gnu-tools-for-stm32.13.3.rel1.macos64_1.0.0.202411102158/tools/bin/../lib/gcc/arm-none-eabi/13.3.1/../../../../arm-none-eabi/lib/thumb/v7e-m+fp/hard/libc_nano.a(libc_a-exit.o)
                              /Applications/STM32CubeIDE.app/Contents/Eclipse/plugins/com.st.stm32cube.ide.mcu.externaltools.gnu-tools-for-stm32.13.3.rel1.macos64_1.0.0.202411102158/tools/bin/../lib/gcc/arm-none-eabi/13.3.1/../../../../arm-none-eabi/lib/thumb/v7e-m+fp/hard/crt0.o (exit)
/Applications/STM32CubeIDE.app/Contents/Eclipse/plugins/com.st.stm32cube.ide.mcu.externaltools.gnu-tools-for-stm32.13.3.rel1.macos64_1.0.0.202411102158/tools/bin/../lib/gcc/arm-none-eabi/13.3.1/../../../../arm-none-eabi/lib/thumb/v7e-m+fp/hard/libc_nano.a(libc_a-findfp.o)
                              /Applications/STM32CubeIDE.app/Contents/Eclipse/plugins/com.st.stm32cube.ide.mcu.externaltools.gnu-tools-for-stm32.13.3.rel1.macos64_1.0.0.202411102158/tools/bin/../lib/gcc/arm-none-eabi/13.3.1/../../../../arm-none-eabi/lib/thumb/v7e-m+fp/hard/libc_nano.a(libc_a-exit.o) (__stdio_exit_handler)
/Applications/STM32CubeIDE.app/Contents/Eclipse/plugins/com.st.stm32cube.ide.mcu.externaltools.gnu-tools-for-stm32.13.3.rel1.macos64_1.0.0.202411102158/tools/bin/../lib/gcc/arm-none-eabi/13.3.1/../../../../arm-none-eabi/lib/thumb/v7e-m+fp/hard/libc_nano.a(libc_a-fwalk.o)
                              /Applications/STM32CubeIDE.app/Contents/Eclipse/plugins/com.st.stm32cube.ide.mcu.externaltools.gnu-tools-for-stm32.13.3.rel1.macos64_1.0.0.202411102158/tools/bin/../lib/gcc/arm-none-eabi/13.3.1/../../../../arm-none-eabi/lib/thumb/v7e-m+fp/hard/libc_nano.a(libc_a-findfp.o) (_fwalk_sglue)
/Applications/STM32CubeIDE.app/Contents/Eclipse/plugins/com.st.stm32cube.ide.mcu.externaltools.gnu-tools-for-stm32.13.3.rel1.macos64_1.0.0.202411102158/tools/bin/../lib/gcc/arm-none-eabi/13.3.1/../../../../arm-none-eabi/lib/thumb/v7e-m+fp/hard/libc_nano.a(libc_a-memset.o)
                              /Applications/STM32CubeIDE.app/Contents/Eclipse/plugins/com.st.stm32cube.ide.mcu.externaltools.gnu-tools-for-stm32.13.3.rel1.macos64_1.0.0.202411102158/tools/bin/../lib/gcc/arm-none-eabi/13.3.1/../../../../arm-none-eabi/lib/thumb/v7e-m+fp/hard/crt0.o (memset)
/Applications/STM32CubeIDE.app/Contents/Eclipse/plugins/com.st.stm32cube.ide.mcu.externaltools.gnu-tools-for-stm32.13.3.rel1.macos64_1.0.0.202411102158/tools/bin/../lib/gcc/arm-none-eabi/13.3.1/../../../../arm-none-eabi/lib/thumb/v7e-m+fp/hard/libc_nano.a(libc_a-errno.o)
                              ./Application/User/syscalls.o (__errno)
/Applications/STM32CubeIDE.app/Contents/Eclipse/plugins/com.st.stm32cube.ide.mcu.externaltools.gnu-tools-for-stm32.13.3.rel1.macos64_1.0.0.202411102158/tools/bin/../lib/gcc/arm-none-eabi/13.3.1/../../../../arm-none-eabi/lib/thumb/v7e-m+fp/hard/libc_nano.a(libc_a-init.o)
                              /Applications/STM32CubeIDE.app/Contents/Eclipse/plugins/com.st.stm32cube.ide.mcu.externaltools.gnu-tools-for-stm32.13.3.rel1.macos64_1.0.0.202411102158/tools/bin/../lib/gcc/arm-none-eabi/13.3.1/../../../../arm-none-eabi/lib/thumb/v7e-m+fp/hard/crt0.o (__libc_init_array)
/Applications/STM32CubeIDE.app/Contents/Eclipse/plugins/com.st.stm32cube.ide.mcu.externaltools.gnu-tools-for-stm32.13.3.rel1.macos64_1.0.0.202411102158/tools/bin/../lib/gcc/arm-none-eabi/13.3.1/../../../../arm-none-eabi/lib/thumb/v7e-m+fp/hard/libc_nano.a(libc_a-lock.o)
                              /Applications/STM32CubeIDE.app/Contents/Eclipse/plugins/com.st.stm32cube.ide.mcu.externaltools.gnu-tools-for-stm32.13.3.rel1.macos64_1.0.0.202411102158/tools/bin/../lib/gcc/arm-none-eabi/13.3.1/../../../../arm-none-eabi/lib/thumb/v7e-m+fp/hard/libc_nano.a(libc_a-findfp.o) (__retarget_lock_init_recursive)
/Applications/STM32CubeIDE.app/Contents/Eclipse/plugins/com.st.stm32cube.ide.mcu.externaltools.gnu-tools-for-stm32.13.3.rel1.macos64_1.0.0.202411102158/tools/bin/../lib/gcc/arm-none-eabi/13.3.1/../../../../arm-none-eabi/lib/thumb/v7e-m+fp/hard/libc_nano.a(libc_a-impure.o)
                              /Applications/STM32CubeIDE.app/Contents/Eclipse/plugins/com.st.stm32cube.ide.mcu.externaltools.gnu-tools-for-stm32.13.3.rel1.macos64_1.0.0.202411102158/tools/bin/../lib/gcc/arm-none-eabi/13.3.1/../../../../arm-none-eabi/lib/thumb/v7e-m+fp/hard/libc_nano.a(libc_a-errno.o) (_impure_ptr)
/Applications/STM32CubeIDE.app/Contents/Eclipse/plugins/com.st.stm32cube.ide.mcu.externaltools.gnu-tools-for-stm32.13.3.rel1.macos64_1.0.0.202411102158/tools/bin/../lib/gcc/arm-none-eabi/13.3.1/../../../../arm-none-eabi/lib/thumb/v7e-m+fp/hard/libc_nano.a(libc_a-mallocr.o)
[...]
Memory Configuration

Name             Origin             Length             Attributes
CCMRAM           0x10000000         0x00010000         xrw
RAM              0x20000000         0x00020000         xrw
ROM              0x08000000         0x00100000         xr
*default*        0x00000000         0xffffffff

Linker script and memory map

LOAD /Applications/STM32CubeIDE.app/Contents/Eclipse/plugins/com.st.stm32cube.ide.mcu.externaltools.gnu-tools-for-stm32.13.3.rel1.macos64_1.0.0.202411102158/tools/bin/../lib/gcc/arm-none-eabi/13.3.1/thumb/v7e-m+fp/hard/crti.o
LOAD /Applications/STM32CubeIDE.app/Contents/Eclipse/plugins/com.st.stm32cube.ide.mcu.externaltools.gnu-tools-for-stm32.13.3.rel1.macos64_1.0.0.202411102158/tools/bin/../lib/gcc/arm-none-eabi/13.3.1/thumb/v7e-m+fp/hard/crtbegin.o
LOAD /Applications/STM32CubeIDE.app/Contents/Eclipse/plugins/com.st.stm32cube.ide.mcu.externaltools.gnu-tools-for-stm32.13.3.rel1.macos64_1.0.0.202411102158/tools/bin/../lib/gcc/arm-none-eabi/13.3.1/../../../../arm-none-eabi/lib/thumb/v7e-m+fp/hard/crt0.o
LOAD ./Application/Startup/startup_stm32f407vgtx.o
LOAD ./Application/User/main.o
LOAD ./Application/User/stm32f4xx_hal_msp.o
LOAD ./Application/User/syscalls.o
LOAD ./Application/User/sysmem.o
LOAD ./Drivers/BSP/Components/lis302dl.o
LOAD ./Drivers/BSP/Components/lis3dsh.o
LOAD ./Drivers/BSP/STM32F4_DISCO/stm32f4_discovery.o
LOAD ./Drivers/BSP/STM32F4_DISCO/stm32f4_discovery_accelerometer.o
LOAD ./Drivers/CMSIS/system_stm32f4xx.o
LOAD ./Drivers/STM32F4xx_HAL_Drivers/stm32f4xx_hal.o
LOAD ./Drivers/STM32F4xx_HAL_Drivers/stm32f4xx_hal_adc.o
LOAD ./Drivers/STM32F4xx_HAL_Drivers/stm32f4xx_hal_can.o
LOAD ./Drivers/STM32F4xx_HAL_Drivers/stm32f4xx_hal_cortex.o
LOAD ./Drivers/STM32F4xx_HAL_Drivers/stm32f4xx_hal_crc.o
LOAD ./Drivers/STM32F4xx_HAL_Drivers/stm32f4xx_hal_cryp.o
LOAD ./Drivers/STM32F4xx_HAL_Drivers/stm32f4xx_hal_dac.o
LOAD ./Drivers/STM32F4xx_HAL_Drivers/stm32f4xx_hal_dcmi.o
LOAD ./Drivers/STM32F4xx_HAL_Drivers/stm32f4xx_hal_dma.o
LOAD ./Drivers/STM32F4xx_HAL_Drivers/stm32f4xx_hal_eth.o
LOAD ./Drivers/STM32F4xx_HAL_Drivers/stm32f4xx_hal_flash.o
LOAD ./Drivers/STM32F4xx_HAL_Drivers/stm32f4xx_hal_flash_ex.o
LOAD ./Drivers/STM32F4xx_HAL_Drivers/stm32f4xx_hal_gpio.o
LOAD ./Drivers/STM32F4xx_HAL_Drivers/stm32f4xx_hal_hash.o
LOAD ./Drivers/STM32F4xx_HAL_Drivers/stm32f4xx_hal_hcd.o
LOAD ./Drivers/STM32F4xx_HAL_Drivers/stm32f4xx_hal_i2c.o
LOAD ./Drivers/STM32F4xx_HAL_Drivers/stm32f4xx_hal_i2s.o
LOAD ./Drivers/STM32F4xx_HAL_Drivers/stm32f4xx_hal_irda.o
LOAD ./Drivers/STM32F4xx_HAL_Drivers/stm32f4xx_hal_iwdg.o
LOAD ./Drivers/STM32F4xx_HAL_Drivers/stm32f4xx_hal_nand.o
LOAD ./Drivers/STM32F4xx_HAL_Drivers/stm32f4xx_hal_nor.o
LOAD ./Drivers/STM32F4xx_HAL_Drivers/stm32f4xx_hal_pccard.o
LOAD ./Drivers/STM32F4xx_HAL_Drivers/stm32f4xx_hal_pcd.o
LOAD ./Drivers/STM32F4xx_HAL_Drivers/stm32f4xx_hal_pcd_ex.o
LOAD ./Drivers/STM32F4xx_HAL_Drivers/stm32f4xx_hal_pwr.o
LOAD ./Drivers/STM32F4xx_HAL_Drivers/stm32f4xx_hal_rcc.o
LOAD ./Drivers/STM32F4xx_HAL_Drivers/stm32f4xx_hal_rng.o
LOAD ./Drivers/STM32F4xx_HAL_Drivers/stm32f4xx_hal_rtc.o
LOAD ./Drivers/STM32F4xx_HAL_Drivers/stm32f4xx_hal_sd.o
LOAD ./Drivers/STM32F4xx_HAL_Drivers/stm32f4xx_hal_smartcard.o
LOAD ./Drivers/STM32F4xx_HAL_Drivers/stm32f4xx_hal_spi.o
LOAD ./Drivers/STM32F4xx_HAL_Drivers/stm32f4xx_hal_sram.o
LOAD ./Drivers/STM32F4xx_HAL_Drivers/stm32f4xx_hal_tim.o
LOAD ./Drivers/STM32F4xx_HAL_Drivers/stm32f4xx_hal_tim_ex.o
LOAD ./Drivers/STM32F4xx_HAL_Drivers/stm32f4xx_hal_uart.o
LOAD ./Drivers/STM32F4xx_HAL_Drivers/stm32f4xx_hal_usart.o
LOAD ./Drivers/STM32F4xx_HAL_Drivers/stm32f4xx_hal_wwdg.o
LOAD ./Drivers/STM32F4xx_HAL_Drivers/stm32f4xx_ll_fsmc.o
LOAD ./Drivers/STM32F4xx_HAL_Drivers/stm32f4xx_ll_sdmmc.o
LOAD ./Drivers/STM32F4xx_HAL_Drivers/stm32f4xx_ll_usb.o
START GROUP
LOAD /Applications/STM32CubeIDE.app/Contents/Eclipse/plugins/com.st.stm32cube.ide.mcu.externaltools.gnu-tools-for-stm32.13.3.rel1.macos64_1.0.0.202411102158/tools/bin/../lib/gcc/arm-none-eabi/13.3.1/../../../../arm-none-eabi/lib/thumb/v7e-m+fp/hard/libc_nano.a
LOAD /Applications/STM32CubeIDE.app/Contents/Eclipse/plugins/com.st.stm32cube.ide.mcu.externaltools.gnu-tools-for-stm32.13.3.rel1.macos64_1.0.0.202411102158/tools/bin/../lib/gcc/arm-none-eabi/13.3.1/../../../../arm-none-eabi/lib/thumb/v7e-m+fp/hard/libm.a
END GROUP
START GROUP
LOAD /Applications/STM32CubeIDE.app/Contents/Eclipse/plugins/com.st.stm32cube.ide.mcu.externaltools.gnu-tools-for-stm32.13.3.rel1.macos64_1.0.0.202411102158/tools/bin/../lib/gcc/arm-none-eabi/13.3.1/thumb/v7e-m+fp/hard/libgcc.a
LOAD /Applications/STM32CubeIDE.app/Contents/Eclipse/plugins/com.st.stm32cube.ide.mcu.externaltools.gnu-tools-for-stm32.13.3.rel1.macos64_1.0.0.202411102158/tools/bin/../lib/gcc/arm-none-eabi/13.3.1/../../../../arm-none-eabi/lib/thumb/v7e-m+fp/hard/libc_nano.a
END GROUP
START GROUP
LOAD /Applications/STM32CubeIDE.app/Contents/Eclipse/plugins/com.st.stm32cube.ide.mcu.externaltools.gnu-tools-for-stm32.13.3.rel1.macos64_1.0.0.202411102158/tools/bin/../lib/gcc/arm-none-eabi/13.3.1/thumb/v7e-m+fp/hard/libgcc.a
LOAD /Applications/STM32CubeIDE.app/Contents/Eclipse/plugins/com.st.stm32cube.ide.mcu.externaltools.gnu-tools-for-stm32.13.3.rel1.macos64_1.0.0.202411102158/tools/bin/../lib/gcc/arm-none-eabi/13.3.1/../../../../arm-none-eabi/lib/thumb/v7e-m+fp/hard/libc_nano.a
LOAD /Applications/STM32CubeIDE.app/Contents/Eclipse/plugins/com.st.stm32cube.ide.mcu.externaltools.gnu-tools-for-stm32.13.3.rel1.macos64_1.0.0.202411102158/tools/bin/../lib/gcc/arm-none-eabi/13.3.1/../../../../arm-none-eabi/lib/thumb/v7e-m+fp/hard/libnosys.a
END GROUP
START GROUP
LOAD /Applications/STM32CubeIDE.app/Contents/Eclipse/plugins/com.st.stm32cube.ide.mcu.externaltools.gnu-tools-for-stm32.13.3.rel1.macos64_1.0.0.202411102158/tools/bin/../lib/gcc/arm-none-eabi/13.3.1/thumb/v7e-m+fp/hard/libgcc.a
LOAD /Applications/STM32CubeIDE.app/Contents/Eclipse/plugins/com.st.stm32cube.ide.mcu.externaltools.gnu-tools-for-stm32.13.3.rel1.macos64_1.0.0.202411102158/tools/bin/../lib/gcc/arm-none-eabi/13.3.1/../../../../arm-none-eabi/lib/thumb/v7e-m+fp/hard/libc_nano.a
LOAD /Applications/STM32CubeIDE.app/Contents/Eclipse/plugins/com.st.stm32cube.ide.mcu.externaltools.gnu-tools-for-stm32.13.3.rel1.macos64_1.0.0.202411102158/tools/bin/../lib/gcc/arm-none-eabi/13.3.1/../../../../arm-none-eabi/lib/thumb/v7e-m+fp/hard/libnosys.a
END GROUP
LOAD /Applications/STM32CubeIDE.app/Contents/Eclipse/plugins/com.st.stm32cube.ide.mcu.externaltools.gnu-tools-for-stm32.13.3.rel1.macos64_1.0.0.202411102158/tools/bin/../lib/gcc/arm-none-eabi/13.3.1/thumb/v7e-m+fp/hard/crtend.o
LOAD /Applications/STM32CubeIDE.app/Contents/Eclipse/plugins/com.st.stm32cube.ide.mcu.externaltools.gnu-tools-for-stm32.13.3.rel1.macos64_1.0.0.202411102158/tools/bin/../lib/gcc/arm-none-eabi/13.3.1/thumb/v7e-m+fp/hard/crtn.o
                0x20020000                        _estack = (ORIGIN (RAM) + LENGTH (RAM))
                0x00000200                        _Min_Heap_Size = 0x200
                0x00000400                        _Min_Stack_Size = 0x400

.isr_vector     0x08000000      0x188
                0x08000000                        . = ALIGN (0x4)
 *(.isr_vector)
 .isr_vector    0x08000000      0x188 ./Application/Startup/startup_stm32f407vgtx.o
                0x08000000                g_pfnVectors
                0x08000188                        . = ALIGN (0x4)

.text           0x08000188     0x3508
                0x08000188                        . = ALIGN (0x4)
 *(.text)
 .text          0x08000188       0x40 /Applications/STM32CubeIDE.app/Contents/Eclipse/plugins/com.st.stm32cube.ide.mcu.externaltools.gnu-tools-for-stm32.13.3.rel1.macos64_1.0.0.202411102158/tools/bin/../lib/gcc/arm-none-eabi/13.3.1/thumb/v7e-m+fp/hard/crtbegin.o
 .text          0x080001c8       0x30 /Applications/STM32CubeIDE.app/Contents/Eclipse/plugins/com.st.stm32cube.ide.mcu.externaltools.gnu-tools-for-stm32.13.3.rel1.macos64_1.0.0.202411102158/tools/bin/../lib/gcc/arm-none-eabi/13.3.1/thumb/v7e-m+fp/hard/libgcc.a(_aeabi_uldivmod.o)
                0x080001c8                __aeabi_uldivmod
 .text          0x080001f8      0x2f8 /Applications/STM32CubeIDE.app/Contents/Eclipse/plugins/com.st.stm32cube.ide.mcu.externaltools.gnu-tools-for-stm32.13.3.rel1.macos64_1.0.0.202411102158/tools/bin/../lib/gcc/arm-none-eabi/13.3.1/thumb/v7e-m+fp/hard/libgcc.a(_udivmoddi4.o)
                0x080001f8                __udivmoddi4
 .text          0x080004f0        0x4 /Applications/STM32CubeIDE.app/Contents/Eclipse/plugins/com.st.stm32cube.ide.mcu.externaltools.gnu-tools-for-stm32.13.3.rel1.macos64_1.0.0.202411102158/tools/bin/../lib/gcc/arm-none-eabi/13.3.1/thumb/v7e-m+fp/hard/libgcc.a(_dvmd_tls.o)
                0x080004f0                __aeabi_ldiv0
                0x080004f0                __aeabi_idiv0
 *(.text*)
 .text.Reset_Handler
                0x080004f4       0x50 ./Application/Startup/startup_stm32f407vgtx.o
                0x080004f4                Reset_Handler
 .text.Default_Handler
                0x08000544        0x2 ./Application/Startup/startup_stm32f407vgtx.o
                0x08000544                DMA1_Stream3_IRQHandler
                0x08000544                HASH_RNG_IRQHandler
                0x08000544                EXTI2_IRQHandler
                0x08000544                TIM8_CC_IRQHandler
                0x08000544                DebugMon_Handler
                0x08000544                TIM1_CC_IRQHandler
                0x08000544                DMA2_Stream5_IRQHandler
                0x08000544                HardFault_Handler
                0x08000544                DMA1_Stream5_IRQHandler
                0x08000544                SysTick_Handler
                0x08000544                PVD_IRQHandler
                0x08000544                SDIO_IRQHandler
                0x08000544                TAMP_STAMP_IRQHandler
                0x08000544                PendSV_Handler
                0x08000544                NMI_Handler
                0x08000544                CAN2_RX1_IRQHandler
                0x08000544                EXTI3_IRQHandler
                0x08000544                TIM8_TRG_COM_TIM14_IRQHandler
                0x08000544                TIM1_UP_TIM10_IRQHandler
                0x08000544                TIM8_UP_TIM13_IRQHandler
                0x08000544                I2C3_ER_IRQHandler
                0x08000544                EXTI0_IRQHandler
                0x08000544                I2C2_EV_IRQHandler
                0x08000544                DMA1_Stream2_IRQHandler
                0x08000544                CAN1_RX0_IRQHandler
                0x08000544                FPU_IRQHandler
                0x08000544                OTG_HS_WKUP_IRQHandler
                0x08000544                UsageFault_Handler
                0x08000544                CAN2_SCE_IRQHandler
                0x08000544                DMA2_Stream2_IRQHandler
                0x08000544                SPI1_IRQHandler
                0x08000544                TIM6_DAC_IRQHandler
                0x08000544                TIM1_BRK_TIM9_IRQHandler
                0x08000544                DCMI_IRQHandler
                0x08000544                CAN2_RX0_IRQHandler
                0x08000544                DMA2_Stream3_IRQHandler
                0x08000544                USART6_IRQHandler
                0x08000544                USART3_IRQHandler
                0x08000544                CAN1_RX1_IRQHandler
                0x08000544                UART5_IRQHandler
                0x08000544                DMA2_Stream0_IRQHandler
                0x08000544                TIM4_IRQHandler
                0x08000544                I2C1_EV_IRQHandler
                0x08000544                DMA1_Stream6_IRQHandler
                0x08000544                DMA1_Stream1_IRQHandler
                0x08000544                UART4_IRQHandler
                0x08000544                TIM3_IRQHandler
                0x08000544                RCC_IRQHandler
                0x08000544                TIM8_BRK_TIM12_IRQHandler
                0x08000544                Default_Handler
                0x08000544                EXTI15_10_IRQHandler
                0x08000544                ADC_IRQHandler
                0x08000544                DMA1_Stream7_IRQHandler
                0x08000544                TIM7_IRQHandler
                0x08000544                CAN2_TX_IRQHandler
                0x08000544                TIM5_IRQHandler
                0x08000544                DMA2_Stream7_IRQHandler
                0x08000544                I2C3_EV_IRQHandler
                0x08000544                EXTI9_5_IRQHandler
                0x08000544                RTC_WKUP_IRQHandler
                0x08000544                ETH_WKUP_IRQHandler
                0x08000544                SPI2_IRQHandler
                0x08000544                OTG_HS_EP1_IN_IRQHandler
                0x08000544                MemManage_Handler
                0x08000544                DMA1_Stream0_IRQHandler
                0x08000544                CAN1_TX_IRQHandler
                0x08000544                SVC_Handler
                0x08000544                EXTI4_IRQHandler
                0x08000544                FSMC_IRQHandler
                0x08000544                ETH_IRQHandler
                0x08000544                OTG_HS_EP1_OUT_IRQHandler
                0x08000544                WWDG_IRQHandler
                0x08000544                TIM2_IRQHandler
                0x08000544                OTG_FS_WKUP_IRQHandler
                0x08000544                TIM1_TRG_COM_TIM11_IRQHandler
                0x08000544                OTG_HS_IRQHandler
                0x08000544                EXTI1_IRQHandler
                0x08000544                USART2_IRQHandler
                0x08000544                I2C2_ER_IRQHandler
                0x08000544                DMA2_Stream1_IRQHandler
                0x08000544                CAN1_SCE_IRQHandler
                0x08000544                FLASH_IRQHandler
                0x08000544                DMA2_Stream4_IRQHandler
                0x08000544                BusFault_Handler
                0x08000544                USART1_IRQHandler
                0x08000544                OTG_FS_IRQHandler
                0x08000544                SPI3_IRQHandler
                0x08000544                DMA1_Stream4_IRQHandler
                0x08000544                I2C1_ER_IRQHandler
                0x08000544                DMA2_Stream6_IRQHandler
                0x08000544                RTC_Alarm_IRQHandler
 *fill*         0x08000546        0x2 
 .text.__NVIC_SetPriority
                0x08000548       0x54 ./Application/User/main.o
 .text.SysTick_Config
                0x0800059c       0x44 ./Application/User/main.o
 .text.main     0x080005e0       0x34 ./Application/User/main.o
                0x080005e0                main
 .text.Demo_Exec
                0x08000614      0x14c ./Application/User/main.o
 .text.TIM4_Config
                0x08000760       0xd4 ./Application/User/main.o
 .text.Error_Handler
                0x08000834        0xe ./Application/User/main.o
 *fill*         0x08000842        0x2 
 .text.SystemClock_Config
                0x08000844       0xc0 ./Application/User/main.o
 .text.HAL_TIM_PWM_MspInit
                0x08000904       0x74 ./Application/User/stm32f4xx_hal_msp.o
                0x08000904                HAL_TIM_PWM_MspInit
 .text.HAL_TIM_PWM_MspDeInit
                0x08000978       0x30 ./Application/User/stm32f4xx_hal_msp.o
                0x08000978                HAL_TIM_PWM_MspDeInit
 .text.LIS302DL_Init
                0x080009a8       0x2e ./Drivers/BSP/Components/lis302dl.o
                0x080009a8                LIS302DL_Init
 .text.LIS302DL_DeInit
                0x080009d6        0xe ./Drivers/BSP/Components/lis302dl.o
                0x080009d6                LIS302DL_DeInit
 .text.LIS302DL_ReadID
                0x080009e4       0x24 ./Drivers/BSP/Components/lis302dl.o
                0x080009e4                LIS302DL_ReadID
 .text.LIS302DL_FilterConfig
                0x08000a08       0x46 ./Drivers/BSP/Components/lis302dl.o
                0x08000a08                LIS302DL_FilterConfig
 .text.LIS302DL_InterruptConfig
                0x08000a4e       0x46 ./Drivers/BSP/Components/lis302dl.o
                0x08000a4e                LIS302DL_InterruptConfig
 .text.LIS302DL_Click_IntConfig
                0x08000a94       0xaa ./Drivers/BSP/Components/lis302dl.o
                0x08000a94                LIS302DL_Click_IntConfig
 .text.LIS302DL_Click_IntClear
                0x08000b3e       0x2c ./Drivers/BSP/Components/lis302dl.o
                0x08000b3e                LIS302DL_Click_IntClear
 .text.LIS302DL_RebootCmd
                0x08000b6a       0x30 ./Drivers/BSP/Components/lis302dl.o
                0x08000b6a                LIS302DL_RebootCmd
 .text.LIS302DL_ReadACC
                0x08000b9a       0xb2 ./Drivers/BSP/Components/lis302dl.o
                0x08000b9a                LIS302DL_ReadACC
 .text.LIS3DSH_Init
                0x08000c4c       0x46 ./Drivers/BSP/Components/lis3dsh.o
                0x08000c4c                LIS3DSH_Init
 .text.LIS3DSH_DeInit
                0x08000c92        0xe ./Drivers/BSP/Components/lis3dsh.o
                0x08000c92                LIS3DSH_DeInit
 .text.LIS3DSH_ReadID
                0x08000ca0       0x24 ./Drivers/BSP/Components/lis3dsh.o
                0x08000ca0                LIS3DSH_ReadID
 .text.LIS3DSH_InterruptConfig
                0x08000cc4       0x70 ./Drivers/BSP/Components/lis3dsh.o
                0x08000cc4                LIS3DSH_InterruptConfig
 .text.LIS3DSH_Click_IntConfig
                0x08000d34       0xde ./Drivers/BSP/Components/lis3dsh.o
                0x08000d34                LIS3DSH_Click_IntConfig
 .text.LIS3DSH_RebootCmd
                0x08000e12       0x30 ./Drivers/BSP/Components/lis3dsh.o
                0x08000e12                LIS3DSH_RebootCmd
 *fill*         0x08000e42        0x2 
 .text.LIS3DSH_ReadACC
                0x08000e44      0x1b4 ./Drivers/BSP/Components/lis3dsh.o
                0x08000e44                LIS3DSH_ReadACC
 .text.BSP_LED_Init
                0x08000ff8       0xf0 ./Drivers/BSP/STM32F4_DISCO/stm32f4_discovery.o
                0x08000ff8                BSP_LED_Init
 .text.BSP_LED_On
                0x080010e8       0x34 ./Drivers/BSP/STM32F4_DISCO/stm32f4_discovery.o
                0x080010e8                BSP_LED_On
 .text.BSP_LED_Off
                0x0800111c       0x34 ./Drivers/BSP/STM32F4_DISCO/stm32f4_discovery.o
                0x0800111c                BSP_LED_Off
 .text.BSP_LED_Toggle
                0x08001150       0x34 ./Drivers/BSP/STM32F4_DISCO/stm32f4_discovery.o
                0x08001150                BSP_LED_Toggle
 .text.BSP_PB_Init
                0x08001184       0xb0 ./Drivers/BSP/STM32F4_DISCO/stm32f4_discovery.o
                0x08001184                BSP_PB_Init
 .text.BSP_PB_GetState
                0x08001234       0x2c ./Drivers/BSP/STM32F4_DISCO/stm32f4_discovery.o
                0x08001234                BSP_PB_GetState
 .text.SPIx_Init
                0x08001260       0x74 ./Drivers/BSP/STM32F4_DISCO/stm32f4_discovery.o
 .text.SPIx_WriteRead
                0x080012d4       0x40 ./Drivers/BSP/STM32F4_DISCO/stm32f4_discovery.o
 .text.SPIx_Error
                0x08001314       0x18 ./Drivers/BSP/STM32F4_DISCO/stm32f4_discovery.o
 .text.SPIx_MspInit
                0x0800132c       0x70 ./Drivers/BSP/STM32F4_DISCO/stm32f4_discovery.o
 .text.ACCELERO_IO_Init
                0x0800139c       0x5c ./Drivers/BSP/STM32F4_DISCO/stm32f4_discovery.o
                0x0800139c                ACCELERO_IO_Init
 .text.ACCELERO_IO_ITConfig
                0x080013f8       0x60 ./Drivers/BSP/STM32F4_DISCO/stm32f4_discovery.o
                0x080013f8                ACCELERO_IO_ITConfig
 .text.ACCELERO_IO_Write
                0x08001458       0x64 ./Drivers/BSP/STM32F4_DISCO/stm32f4_discovery.o
                0x08001458                ACCELERO_IO_Write
 .text.ACCELERO_IO_Read
                0x080014bc       0x74 ./Drivers/BSP/STM32F4_DISCO/stm32f4_discovery.o
                0x080014bc                ACCELERO_IO_Read
 .text.BSP_ACCELERO_Init
                0x08001530      0x118 ./Drivers/BSP/STM32F4_DISCO/stm32f4_discovery_accelerometer.o
                0x08001530                BSP_ACCELERO_Init
 .text.SystemInit
                0x08001648       0x6c ./Drivers/CMSIS/system_stm32f4xx.o
                0x08001648                SystemInit
 .text.HAL_Init
                0x080016b4       0x38 ./Drivers/STM32F4xx_HAL_Drivers/stm32f4xx_hal.o
                0x080016b4                HAL_Init
 .text.HAL_MspInit
                0x080016ec        0xe ./Drivers/STM32F4xx_HAL_Drivers/stm32f4xx_hal.o
                0x080016ec                HAL_MspInit
 *fill*         0x080016fa        0x2 
 .text.HAL_InitTick
                0x080016fc       0x60 ./Drivers/STM32F4xx_HAL_Drivers/stm32f4xx_hal.o
                0x080016fc                HAL_InitTick
 .text.HAL_GetTick
                0x0800175c       0x18 ./Drivers/STM32F4xx_HAL_Drivers/stm32f4xx_hal.o
                0x0800175c                HAL_GetTick
 .text.HAL_Delay
                0x08001774       0x48 ./Drivers/STM32F4xx_HAL_Drivers/stm32f4xx_hal.o
                0x08001774                HAL_Delay
 .text.HAL_GetREVID
                0x080017bc       0x18 ./Drivers/STM32F4xx_HAL_Drivers/stm32f4xx_hal.o
                0x080017bc                HAL_GetREVID
 .text.__NVIC_SetPriorityGrouping
                0x080017d4       0x48 ./Drivers/STM32F4xx_HAL_Drivers/stm32f4xx_hal_cortex.o
 .text.__NVIC_GetPriorityGrouping
                0x0800181c       0x1c ./Drivers/STM32F4xx_HAL_Drivers/stm32f4xx_hal_cortex.o
 .text.__NVIC_EnableIRQ
                0x08001838       0x3c ./Drivers/STM32F4xx_HAL_Drivers/stm32f4xx_hal_cortex.o
 .text.__NVIC_SetPriority
                0x08001874       0x54 ./Drivers/STM32F4xx_HAL_Drivers/stm32f4xx_hal_cortex.o
 .text.NVIC_EncodePriority
                0x080018c8       0x66 ./Drivers/STM32F4xx_HAL_Drivers/stm32f4xx_hal_cortex.o
 *fill*         0x0800192e        0x2 
 .text.SysTick_Config
                0x08001930       0x44 ./Drivers/STM32F4xx_HAL_Drivers/stm32f4xx_hal_cortex.o
 .text.HAL_NVIC_SetPriorityGrouping
                0x08001974       0x16 ./Drivers/STM32F4xx_HAL_Drivers/stm32f4xx_hal_cortex.o
                0x08001974                HAL_NVIC_SetPriorityGrouping
 .text.HAL_NVIC_SetPriority
                0x0800198a       0x38 ./Drivers/STM32F4xx_HAL_Drivers/stm32f4xx_hal_cortex.o
                0x0800198a                HAL_NVIC_SetPriority
 .text.HAL_NVIC_EnableIRQ
                0x080019c2       0x1c ./Drivers/STM32F4xx_HAL_Drivers/stm32f4xx_hal_cortex.o
                0x080019c2                HAL_NVIC_EnableIRQ
 .text.HAL_SYSTICK_Config
                0x080019de       0x18 ./Drivers/STM32F4xx_HAL_Drivers/stm32f4xx_hal_cortex.o
                0x080019de                HAL_SYSTICK_Config
 *fill*         0x080019f6        0x2 
 .text.HAL_GPIO_Init
                0x080019f8      0x338 ./Drivers/STM32F4xx_HAL_Drivers/stm32f4xx_hal_gpio.o
                0x080019f8                HAL_GPIO_Init
 .text.HAL_GPIO_ReadPin
                0x08001d30       0x30 ./Drivers/STM32F4xx_HAL_Drivers/stm32f4xx_hal_gpio.o
                0x08001d30                HAL_GPIO_ReadPin
 .text.HAL_GPIO_WritePin
                0x08001d60       0x32 ./Drivers/STM32F4xx_HAL_Drivers/stm32f4xx_hal_gpio.o
                0x08001d60                HAL_GPIO_WritePin
 .text.HAL_GPIO_TogglePin
                0x08001d92       0x34 ./Drivers/STM32F4xx_HAL_Drivers/stm32f4xx_hal_gpio.o
                0x08001d92                HAL_GPIO_TogglePin
 *fill*         0x08001dc6        0x2 
 .text.HAL_RCC_OscConfig
                0x08001dc8      0x4f0 ./Drivers/STM32F4xx_HAL_Drivers/stm32f4xx_hal_rcc.o
                0x08001dc8                HAL_RCC_OscConfig
 .text.HAL_RCC_ClockConfig
                0x080022b8      0x1cc ./Drivers/STM32F4xx_HAL_Drivers/stm32f4xx_hal_rcc.o
                0x080022b8                HAL_RCC_ClockConfig
 .text.HAL_RCC_GetSysClockFreq
                0x08002484      0x20c ./Drivers/STM32F4xx_HAL_Drivers/stm32f4xx_hal_rcc.o
                0x08002484                HAL_RCC_GetSysClockFreq
 .text.HAL_RCC_GetHCLKFreq
                0x08002690       0x18 ./Drivers/STM32F4xx_HAL_Drivers/stm32f4xx_hal_rcc.o
                0x08002690                HAL_RCC_GetHCLKFreq
 .text.HAL_SPI_Init
                0x080026a8      0x122 ./Drivers/STM32F4xx_HAL_Drivers/stm32f4xx_hal_spi.o
                0x080026a8                HAL_SPI_Init
 .text.HAL_SPI_DeInit
                0x080027ca       0x50 ./Drivers/STM32F4xx_HAL_Drivers/stm32f4xx_hal_spi.o
                0x080027ca                HAL_SPI_DeInit
 .text.HAL_SPI_MspInit
                0x0800281a       0x14 ./Drivers/STM32F4xx_HAL_Drivers/stm32f4xx_hal_spi.o
                0x0800281a                HAL_SPI_MspInit
 .text.HAL_SPI_MspDeInit
                0x0800282e       0x14 ./Drivers/STM32F4xx_HAL_Drivers/stm32f4xx_hal_spi.o
                0x0800282e                HAL_SPI_MspDeInit
 .text.HAL_SPI_TransmitReceive
                0x08002842      0x496 ./Drivers/STM32F4xx_HAL_Drivers/stm32f4xx_hal_spi.o
                0x08002842                HAL_SPI_TransmitReceive
 .text.HAL_SPI_GetState
                0x08002cd8       0x1c ./Drivers/STM32F4xx_HAL_Drivers/stm32f4xx_hal_spi.o
                0x08002cd8                HAL_SPI_GetState
 .text.SPI_WaitFlagStateUntilTimeout
                0x08002cf4      0x110 ./Drivers/STM32F4xx_HAL_Drivers/stm32f4xx_hal_spi.o
 .text.SPI_EndRxTxTransaction
                0x08002e04       0xa8 ./Drivers/STM32F4xx_HAL_Drivers/stm32f4xx_hal_spi.o
 .text.HAL_TIM_PWM_Init
                0x08002eac       0x9e ./Drivers/STM32F4xx_HAL_Drivers/stm32f4xx_hal_tim.o
                0x08002eac                HAL_TIM_PWM_Init
 .text.HAL_TIM_PWM_DeInit
                0x08002f4a       0xa8 ./Drivers/STM32F4xx_HAL_Drivers/stm32f4xx_hal_tim.o
                0x08002f4a                HAL_TIM_PWM_DeInit
 *fill*         0x08002ff2        0x2 
 .text.HAL_TIM_PWM_ConfigChannel
                0x08002ff4      0x184 ./Drivers/STM32F4xx_HAL_Drivers/stm32f4xx_hal_tim.o
                0x08002ff4                HAL_TIM_PWM_ConfigChannel
 .text.TIM_Base_SetConfig
                0x08003178      0x158 ./Drivers/STM32F4xx_HAL_Drivers/stm32f4xx_hal_tim.o
                0x08003178                TIM_Base_SetConfig
 .text.TIM_OC1_SetConfig
                0x080032d0       0xe0 ./Drivers/STM32F4xx_HAL_Drivers/stm32f4xx_hal_tim.o
 .text.TIM_OC2_SetConfig
                0x080033b0       0xec ./Drivers/STM32F4xx_HAL_Drivers/stm32f4xx_hal_tim.o
                0x080033b0                TIM_OC2_SetConfig
 .text.TIM_OC3_SetConfig
                0x0800349c       0xe8 ./Drivers/STM32F4xx_HAL_Drivers/stm32f4xx_hal_tim.o
 .text.TIM_OC4_SetConfig
                0x08003584       0xac ./Drivers/STM32F4xx_HAL_Drivers/stm32f4xx_hal_tim.o
 .text.__libc_init_array
                0x08003630       0x48 /Applications/STM32CubeIDE.app/Contents/Eclipse/plugins/com.st.stm32cube.ide.mcu.externaltools.gnu-tools-for-stm32.13.3.rel1.macos64_1.0.0.202411102158/tools/bin/../lib/gcc/arm-none-eabi/13.3.1/../../../../arm-none-eabi/lib/thumb/v7e-m+fp/hard/libc_nano.a(libc_a-init.o)
                0x08003630                __libc_init_array
 *(.glue_7)
 .glue_7        0x08003678        0x0 linker stubs
 *(.glue_7t)
 .glue_7t       0x08003678        0x0 linker stubs
 *(.eh_frame)
 .eh_frame      0x08003678        0x0 /Applications/STM32CubeIDE.app/Contents/Eclipse/plugins/com.st.stm32cube.ide.mcu.externaltools.gnu-tools-for-stm32.13.3.rel1.macos64_1.0.0.202411102158/tools/bin/../lib/gcc/arm-none-eabi/13.3.1/thumb/v7e-m+fp/hard/crtbegin.o
 *(.init)
 .init          0x08003678        0x4 /Applications/STM32CubeIDE.app/Contents/Eclipse/plugins/com.st.stm32cube.ide.mcu.externaltools.gnu-tools-for-stm32.13.3.rel1.macos64_1.0.0.202411102158/tools/bin/../lib/gcc/arm-none-eabi/13.3.1/thumb/v7e-m+fp/hard/crti.o
                0x08003678                _init
 .init          0x0800367c        0x8 /Applications/STM32CubeIDE.app/Contents/Eclipse/plugins/com.st.stm32cube.ide.mcu.externaltools.gnu-tools-for-stm32.13.3.rel1.macos64_1.0.0.202411102158/tools/bin/../lib/gcc/arm-none-eabi/13.3.1/thumb/v7e-m+fp/hard/crtn.o
 *(.fini)
 .fini          0x08003684        0x4 /Applications/STM32CubeIDE.app/Contents/Eclipse/plugins/com.st.stm32cube.ide.mcu.externaltools.gnu-tools-for-stm32.13.3.rel1.macos64_1.0.0.202411102158/tools/bin/../lib/gcc/arm-none-eabi/13.3.1/thumb/v7e-m+fp/hard/crti.o
                0x08003684                _fini
 .fini          0x08003688        0x8 /Applications/STM32CubeIDE.app/Contents/Eclipse/plugins/com.st.stm32cube.ide.mcu.externaltools.gnu-tools-for-stm32.13.3.rel1.macos64_1.0.0.202411102158/tools/bin/../lib/gcc/arm-none-eabi/13.3.1/thumb/v7e-m+fp/hard/crtn.o
                0x08003690                        . = ALIGN (0x4)
                0x08003690                        _etext = .

.vfp11_veneer   0x08003690        0x0
 .vfp11_veneer  0x08003690        0x0 linker stubs

.v4_bx          0x08003690        0x0
 .v4_bx         0x08003690        0x0 linker stubs

.iplt           0x08003690        0x0
 .iplt          0x08003690        0x0 /Applications/STM32CubeIDE.app/Contents/Eclipse/plugins/com.st.stm32cube.ide.mcu.externaltools.gnu-tools-for-stm32.13.3.rel1.macos64_1.0.0.202411102158/tools/bin/../lib/gcc/arm-none-eabi/13.3.1/thumb/v7e-m+fp/hard/crtbegin.o

.rodata         0x08003690       0x18
                0x08003690                        . = ALIGN (0x4)
 *(.rodata)
 *(.rodata*)
 .rodata.GPIO_PIN
                0x08003690        0x8 ./Drivers/BSP/STM32F4_DISCO/stm32f4_discovery.o
                0x08003690                GPIO_PIN
 .rodata.AHBPrescTable
                0x08003698       0x10 ./Drivers/CMSIS/system_stm32f4xx.o
                0x08003698                AHBPrescTable
                0x080036a8                        . = ALIGN (0x4)

.ARM.extab      0x080036a8        0x0
                0x080036a8                        . = ALIGN (0x4)
 *(.ARM.extab* .gnu.linkonce.armextab.*)
                0x080036a8                        . = ALIGN (0x4)

.ARM            0x080036a8        0x8
                0x080036a8                        . = ALIGN (0x4)
                0x080036a8                        __exidx_start = .
 *(.ARM.exidx*)
 .ARM.exidx     0x080036a8        0x8 /Applications/STM32CubeIDE.app/Contents/Eclipse/plugins/com.st.stm32cube.ide.mcu.externaltools.gnu-tools-for-stm32.13.3.rel1.macos64_1.0.0.202411102158/tools/bin/../lib/gcc/arm-none-eabi/13.3.1/thumb/v7e-m+fp/hard/libgcc.a(_udivmoddi4.o)
                0x080036b0                        __exidx_end = .
                0x080036b0                        . = ALIGN (0x4)

.preinit_array  0x080036b0        0x0
                0x080036b0                        . = ALIGN (0x4)
                0x080036b0                        PROVIDE (__preinit_array_start = .)
 *(.preinit_array*)
                0x080036b0                        PROVIDE (__preinit_array_end = .)
                0x080036b0                        . = ALIGN (0x4)

.init_array     0x080036b0        0x4
                0x080036b0                        . = ALIGN (0x4)
                0x080036b0                        PROVIDE (__init_array_start = .)
 *(SORT_BY_NAME(.init_array.*))
 *(.init_array*)
 .init_array    0x080036b0        0x4 /Applications/STM32CubeIDE.app/Contents/Eclipse/plugins/com.st.stm32cube.ide.mcu.externaltools.gnu-tools-for-stm32.13.3.rel1.macos64_1.0.0.202411102158/tools/bin/../lib/gcc/arm-none-eabi/13.3.1/thumb/v7e-m+fp/hard/crtbegin.o
                0x080036b4                        PROVIDE (__init_array_end = .)
                0x080036b4                        . = ALIGN (0x4)

.fini_array     0x080036b4        0x4
                0x080036b4                        . = ALIGN (0x4)
                [!provide]                        PROVIDE (__fini_array_start = .)
 *(SORT_BY_NAME(.fini_array.*))
 *(.fini_array*)
 .fini_array    0x080036b4        0x4 /Applications/STM32CubeIDE.app/Contents/Eclipse/plugins/com.st.stm32cube.ide.mcu.externaltools.gnu-tools-for-stm32.13.3.rel1.macos64_1.0.0.202411102158/tools/bin/../lib/gcc/arm-none-eabi/13.3.1/thumb/v7e-m+fp/hard/crtbegin.o
                [!provide]                        PROVIDE (__fini_array_end = .)
                0x080036b8                        . = ALIGN (0x4)
                0x080036b8                        _sidata = LOADADDR (.data)

.rel.dyn        0x080036b8        0x0
 .rel.iplt      0x080036b8        0x0 /Applications/STM32CubeIDE.app/Contents/Eclipse/plugins/com.st.stm32cube.ide.mcu.externaltools.gnu-tools-for-stm32.13.3.rel1.macos64_1.0.0.202411102158/tools/bin/../lib/gcc/arm-none-eabi/13.3.1/thumb/v7e-m+fp/hard/crtbegin.o

.data           0x20000000       0x8c load address 0x080036b8
                0x20000000                        . = ALIGN (0x4)
                0x20000000                        _sdata = .
 *(.data)
 *(.data*)
 .data.Lis302dlDrv
                0x20000000       0x34 ./Drivers/BSP/Components/lis302dl.o
                0x20000000                Lis302dlDrv
 .data.Lis3dshDrv
                0x20000034       0x34 ./Drivers/BSP/Components/lis3dsh.o
                0x20000034                Lis3dshDrv
 .data.GPIO_PORT
                0x20000068       0x10 ./Drivers/BSP/STM32F4_DISCO/stm32f4_discovery.o
                0x20000068                GPIO_PORT
 .data.BUTTON_PORT
                0x20000078        0x4 ./Drivers/BSP/STM32F4_DISCO/stm32f4_discovery.o
                0x20000078                BUTTON_PORT
 .data.SpixTimeout
                0x2000007c        0x4 ./Drivers/BSP/STM32F4_DISCO/stm32f4_discovery.o
                0x2000007c                SpixTimeout
 .data.SystemCoreClock
                0x20000080        0x4 ./Drivers/CMSIS/system_stm32f4xx.o
                0x20000080                SystemCoreClock
 .data.uwTickPrio
                0x20000084        0x4 ./Drivers/STM32F4xx_HAL_Drivers/stm32f4xx_hal.o
                0x20000084                uwTickPrio
 .data.uwTickFreq
                0x20000088        0x1 ./Drivers/STM32F4xx_HAL_Drivers/stm32f4xx_hal.o
                0x20000088                uwTickFreq
 *(.RamFunc)
 *(.RamFunc*)
                0x2000008c                        . = ALIGN (0x4)
 *fill*         0x20000089        0x3 
                0x2000008c                        _edata = .
                0x08003744                        _siccmram = LOADADDR (.ccmram)

.igot.plt       0x2000008c        0x0 load address 0x08003744
 .igot.plt      0x2000008c        0x0 /Applications/STM32CubeIDE.app/Contents/Eclipse/plugins/com.st.stm32cube.ide.mcu.externaltools.gnu-tools-for-stm32.13.3.rel1.macos64_1.0.0.202411102158/tools/bin/../lib/gcc/arm-none-eabi/13.3.1/thumb/v7e-m+fp/hard/crtbegin.o

.ccmram         0x10000000        0x0 load address 0x08003744
                0x10000000                        . = ALIGN (0x4)
                0x10000000                        _sccmram = .
 *(.ccmram)
 *(.ccmram*)
                0x10000000                        . = ALIGN (0x4)
                0x10000000                        _eccmram = .
                0x10000000                        . = ALIGN (0x4)

.bss            0x2000008c       0xe4
                0x2000008c                        _sbss = .
                0x2000008c                        __bss_start__ = _sbss
 *(.bss)
 .bss           0x2000008c       0x1c /Applications/STM32CubeIDE.app/Contents/Eclipse/plugins/com.st.stm32cube.ide.mcu.externaltools.gnu-tools-for-stm32.13.3.rel1.macos64_1.0.0.202411102158/tools/bin/../lib/gcc/arm-none-eabi/13.3.1/thumb/v7e-m+fp/hard/crtbegin.o
 *(.bss*)
 .bss.UserButtonPressed
                0x200000a8        0x1 ./Application/User/main.o
                0x200000a8                UserButtonPressed
 .bss.DemoEnterCondition
                0x200000a9        0x1 ./Application/User/main.o
                0x200000a9                DemoEnterCondition
 .bss.PrescalerValue
                0x200000aa        0x2 ./Application/User/main.o
                0x200000aa                PrescalerValue
 .bss.htim4     0x200000ac       0x48 ./Application/User/main.o
                0x200000ac                htim4
 .bss.sConfigTim4
                0x200000f4       0x1c ./Application/User/main.o
                0x200000f4                sConfigTim4
 .bss.SpiHandle
                0x20000110       0x58 ./Drivers/BSP/STM32F4_DISCO/stm32f4_discovery.o
 .bss.AcceleroDrv
                0x20000168        0x4 ./Drivers/BSP/STM32F4_DISCO/stm32f4_discovery_accelerometer.o
 .bss.uwTick    0x2000016c        0x4 ./Drivers/STM32F4xx_HAL_Drivers/stm32f4xx_hal.o
                0x2000016c                uwTick
 *(COMMON)
                0x20000170                        . = ALIGN (0x4)
                0x20000170                        _ebss = .
                0x20000170                        __bss_end__ = _ebss

._user_heap_stack
                0x20000170      0x600
                0x20000170                        . = ALIGN (0x8)
                [!provide]                        PROVIDE (end = .)
                0x20000170                        PROVIDE (_end = .)
                0x20000370                        . = (. + _Min_Heap_Size)
 *fill*         0x20000170      0x200 
                0x20000770                        . = (. + _Min_Stack_Size)
 *fill*         0x20000370      0x400 
                0x20000770                        . = ALIGN (0x8)

/DISCARD/
 libc.a(*)
 libm.a(*)
 libgcc.a(*)

.ARM.attributes
                0x00000000       0x30
 *(.ARM.attributes)
 .ARM.attributes
                0x00000000       0x22 /Applications/STM32CubeIDE.app/Contents/Eclipse/plugins/com.st.stm32cube.ide.mcu.externaltools.gnu-tools-for-stm32.13.3.rel1.macos64_1.0.0.202411102158/tools/bin/../lib/gcc/arm-none-eabi/13.3.1/thumb/v7e-m+fp/hard/crti.o
 .ARM.attributes
                0x00000022       0x34 /Applications/STM32CubeIDE.app/Contents/Eclipse/plugins/com.st.stm32cube.ide.mcu.externaltools.gnu-tools-for-stm32.13.3.rel1.macos64_1.0.0.202411102158/tools/bin/../lib/gcc/arm-none-eabi/13.3.1/thumb/v7e-m+fp/hard/crtbegin.o
 .ARM.attributes
                0x00000056       0x21 ./Application/Startup/startup_stm32f407vgtx.o
 .ARM.attributes
                0x00000077       0x34 ./Application/User/main.o
 .ARM.attributes
                0x000000ab       0x34 ./Application/User/stm32f4xx_hal_msp.o
 .ARM.attributes
                0x000000df       0x34 ./Drivers/BSP/Components/lis302dl.o
 .ARM.attributes
                0x00000113       0x34 ./Drivers/BSP/Components/lis3dsh.o
 .ARM.attributes
                0x00000147       0x34 ./Drivers/BSP/STM32F4_DISCO/stm32f4_discovery.o
 .ARM.attributes
                0x0000017b       0x34 ./Drivers/BSP/STM32F4_DISCO/stm32f4_discovery_accelerometer.o
 .ARM.attributes
                0x000001af       0x34 ./Drivers/CMSIS/system_stm32f4xx.o
 .ARM.attributes
                0x000001e3       0x34 ./Drivers/STM32F4xx_HAL_Drivers/stm32f4xx_hal.o
 .ARM.attributes
                0x00000217       0x34 ./Drivers/STM32F4xx_HAL_Drivers/stm32f4xx_hal_cortex.o
 .ARM.attributes
                0x0000024b       0x34 ./Drivers/STM32F4xx_HAL_Drivers/stm32f4xx_hal_gpio.o
 .ARM.attributes
                0x0000027f       0x34 ./Drivers/STM32F4xx_HAL_Drivers/stm32f4xx_hal_rcc.o
 .ARM.attributes
                0x000002b3       0x34 ./Drivers/STM32F4xx_HAL_Drivers/stm32f4xx_hal_spi.o
 .ARM.attributes
                0x000002e7       0x34 ./Drivers/STM32F4xx_HAL_Drivers/stm32f4xx_hal_tim.o
 .ARM.attributes
                0x0000031b       0x34 /Applications/STM32CubeIDE.app/Contents/Eclipse/plugins/com.st.stm32cube.ide.mcu.externaltools.gnu-tools-for-stm32.13.3.rel1.macos64_1.0.0.202411102158/tools/bin/../lib/gcc/arm-none-eabi/13.3.1/../../../../arm-none-eabi/lib/thumb/v7e-m+fp/hard/libc_nano.a(libc_a-init.o)
 .ARM.attributes
                0x0000034f       0x22 /Applications/STM32CubeIDE.app/Contents/Eclipse/plugins/com.st.stm32cube.ide.mcu.externaltools.gnu-tools-for-stm32.13.3.rel1.macos64_1.0.0.202411102158/tools/bin/../lib/gcc/arm-none-eabi/13.3.1/thumb/v7e-m+fp/hard/libgcc.a(_aeabi_uldivmod.o)
 .ARM.attributes
                0x00000371       0x34 /Applications/STM32CubeIDE.app/Contents/Eclipse/plugins/com.st.stm32cube.ide.mcu.externaltools.gnu-tools-for-stm32.13.3.rel1.macos64_1.0.0.202411102158/tools/bin/../lib/gcc/arm-none-eabi/13.3.1/thumb/v7e-m+fp/hard/libgcc.a(_udivmoddi4.o)
 .ARM.attributes
                0x000003a5       0x22 /Applications/STM32CubeIDE.app/Contents/Eclipse/plugins/com.st.stm32cube.ide.mcu.externaltools.gnu-tools-for-stm32.13.3.rel1.macos64_1.0.0.202411102158/tools/bin/../lib/gcc/arm-none-eabi/13.3.1/thumb/v7e-m+fp/hard/libgcc.a(_dvmd_tls.o)
 .ARM.attributes
                0x000003c7       0x22 /Applications/STM32CubeIDE.app/Contents/Eclipse/plugins/com.st.stm32cube.ide.mcu.externaltools.gnu-tools-for-stm32.13.3.rel1.macos64_1.0.0.202411102158/tools/bin/../lib/gcc/arm-none-eabi/13.3.1/thumb/v7e-m+fp/hard/crtn.o
OUTPUT(Demonstrations.elf elf32-littlearm)
LOAD linker stubs
LOAD /Applications/STM32CubeIDE.app/Contents/Eclipse/plugins/com.st.stm32cube.ide.mcu.externaltools.gnu-tools-for-stm32.13.3.rel1.macos64_1.0.0.202411102158/tools/bin/../lib/gcc/arm-none-eabi/13.3.1/../../../../arm-none-eabi/lib/thumb/v7e-m+fp/hard/libc.a
LOAD /Applications/STM32CubeIDE.app/Contents/Eclipse/plugins/com.st.stm32cube.ide.mcu.externaltools.gnu-tools-for-stm32.13.3.rel1.macos64_1.0.0.202411102158/tools/bin/../lib/gcc/arm-none-eabi/13.3.1/../../../../arm-none-eabi/lib/thumb/v7e-m+fp/hard/libm.a
LOAD /Applications/STM32CubeIDE.app/Contents/Eclipse/plugins/com.st.stm32cube.ide.mcu.externaltools.gnu-tools-for-stm32.13.3.rel1.macos64_1.0.0.202411102158/tools/bin/../lib/gcc/arm-none-eabi/13.3.1/thumb/v7e-m+fp/hard/libgcc.a

.debug_line     0x00000000     0xcb62
 .debug_line    0x00000000       0x7a ./Application/Startup/startup_stm32f407vgtx.o
 .debug_line    0x0000007a      0xc0f ./Application/User/main.o
 .debug_line    0x00000c89      0x93c ./Application/User/stm32f4xx_hal_msp.o
 .debug_line    0x000015c5      0x671 ./Drivers/BSP/Components/lis302dl.o
 .debug_line    0x00001c36      0x66e ./Drivers/BSP/Components/lis3dsh.o
 .debug_line    0x000022a4      0xb5a ./Drivers/BSP/STM32F4_DISCO/stm32f4_discovery.o
 .debug_line    0x00002dfe      0xb76 ./Drivers/BSP/STM32F4_DISCO/stm32f4_discovery_accelerometer.o
 .debug_line    0x00003974      0x82b ./Drivers/CMSIS/system_stm32f4xx.o
 .debug_line    0x0000419f      0xa74 ./Drivers/STM32F4xx_HAL_Drivers/stm32f4xx_hal.o
 .debug_line    0x00004c13      0xd45 ./Drivers/STM32F4xx_HAL_Drivers/stm32f4xx_hal_cortex.o
 .debug_line    0x00005958      0xbcd ./Drivers/STM32F4xx_HAL_Drivers/stm32f4xx_hal_gpio.o
 .debug_line    0x00006525      0xe84 ./Drivers/STM32F4xx_HAL_Drivers/stm32f4xx_hal_rcc.o
 .debug_line    0x000073a9     0x1fc7 ./Drivers/STM32F4xx_HAL_Drivers/stm32f4xx_hal_spi.o
 .debug_line    0x00009370     0x37f2 ./Drivers/STM32F4xx_HAL_Drivers/stm32f4xx_hal_tim.o

.debug_line_str
                0x00000000       0x84
 .debug_line_str
                0x00000000       0x84 ./Application/Startup/startup_stm32f407vgtx.o

.debug_info     0x00000000     0xade1
 .debug_info    0x00000000       0x30 ./Application/Startup/startup_stm32f407vgtx.o
 .debug_info    0x00000030     0x14f6 ./Application/User/main.o
 .debug_info    0x00001526      0x9af ./Application/User/stm32f4xx_hal_msp.o
 .debug_info    0x00001ed5      0x51c ./Drivers/BSP/Components/lis302dl.o
 .debug_info    0x000023f1      0x4d2 ./Drivers/BSP/Components/lis3dsh.o
 .debug_info    0x000028c3     0x15d2 ./Drivers/BSP/STM32F4_DISCO/stm32f4_discovery.o
 .debug_info    0x00003e95      0x402 ./Drivers/BSP/STM32F4_DISCO/stm32f4_discovery_accelerometer.o
 .debug_info    0x00004297      0x512 ./Drivers/CMSIS/system_stm32f4xx.o
 .debug_info    0x000047a9      0x944 ./Drivers/STM32F4xx_HAL_Drivers/stm32f4xx_hal.o
 .debug_info    0x000050ed      0xd8c ./Drivers/STM32F4xx_HAL_Drivers/stm32f4xx_hal_cortex.o
 .debug_info    0x00005e79      0x6c3 ./Drivers/STM32F4xx_HAL_Drivers/stm32f4xx_hal_gpio.o
 .debug_info    0x0000653c      0x8af ./Drivers/STM32F4xx_HAL_Drivers/stm32f4xx_hal_rcc.o
 .debug_info    0x00006deb     0x1659 ./Drivers/STM32F4xx_HAL_Drivers/stm32f4xx_hal_spi.o
 .debug_info    0x00008444     0x299d ./Drivers/STM32F4xx_HAL_Drivers/stm32f4xx_hal_tim.o

.debug_abbrev   0x00000000     0x1cf8
 .debug_abbrev  0x00000000       0x24 ./Application/Startup/startup_stm32f407vgtx.o
 .debug_abbrev  0x00000024      0x332 ./Application/User/main.o
 .debug_abbrev  0x00000356      0x1b3 ./Application/User/stm32f4xx_hal_msp.o
 .debug_abbrev  0x00000509      0x1e4 ./Drivers/BSP/Components/lis302dl.o
 .debug_abbrev  0x000006ed      0x1e4 ./Drivers/BSP/Components/lis3dsh.o
 .debug_abbrev  0x000008d1      0x2fa ./Drivers/BSP/STM32F4_DISCO/stm32f4_discovery.o
 .debug_abbrev  0x00000bcb      0x165 ./Drivers/BSP/STM32F4_DISCO/stm32f4_discovery_accelerometer.o
 .debug_abbrev  0x00000d30      0x11a ./Drivers/CMSIS/system_stm32f4xx.o
 .debug_abbrev  0x00000e4a      0x214 ./Drivers/STM32F4xx_HAL_Drivers/stm32f4xx_hal.o
 .debug_abbrev  0x0000105e      0x31d ./Drivers/STM32F4xx_HAL_Drivers/stm32f4xx_hal_cortex.o
 .debug_abbrev  0x0000137b      0x1d4 ./Drivers/STM32F4xx_HAL_Drivers/stm32f4xx_hal_gpio.o
 .debug_abbrev  0x0000154f      0x2b7 ./Drivers/STM32F4xx_HAL_Drivers/stm32f4xx_hal_rcc.o
 .debug_abbrev  0x00001806      0x27a ./Drivers/STM32F4xx_HAL_Drivers/stm32f4xx_hal_spi.o
 .debug_abbrev  0x00001a80      0x278 ./Drivers/STM32F4xx_HAL_Drivers/stm32f4xx_hal_tim.o

.debug_aranges  0x00000000      0xb98
 .debug_aranges
                0x00000000       0x28 ./Application/Startup/startup_stm32f407vgtx.o
 .debug_aranges
                0x00000028       0x60 ./Application/User/main.o
 .debug_aranges
                0x00000088       0x28 ./Application/User/stm32f4xx_hal_msp.o
 .debug_aranges
                0x000000b0       0x78 ./Drivers/BSP/Components/lis302dl.o
 .debug_aranges
                0x00000128       0x68 ./Drivers/BSP/Components/lis3dsh.o
 .debug_aranges
                0x00000190       0xd8 ./Drivers/BSP/STM32F4_DISCO/stm32f4_discovery.o
 .debug_aranges
                0x00000268       0x48 ./Drivers/BSP/STM32F4_DISCO/stm32f4_discovery_accelerometer.o
 .debug_aranges
                0x000002b0       0x28 ./Drivers/CMSIS/system_stm32f4xx.o
 .debug_aranges
                0x000002d8       0xf0 ./Drivers/STM32F4xx_HAL_Drivers/stm32f4xx_hal.o
 .debug_aranges
                0x000003c8      0x130 ./Drivers/STM32F4xx_HAL_Drivers/stm32f4xx_hal_cortex.o
 .debug_aranges
                0x000004f8       0x58 ./Drivers/STM32F4xx_HAL_Drivers/stm32f4xx_hal_gpio.o
 .debug_aranges
                0x00000550       0x88 ./Drivers/STM32F4xx_HAL_Drivers/stm32f4xx_hal_rcc.o
 .debug_aranges
                0x000005d8      0x1f0 ./Drivers/STM32F4xx_HAL_Drivers/stm32f4xx_hal_spi.o
 .debug_aranges
                0x000007c8      0x3d0 ./Drivers/STM32F4xx_HAL_Drivers/stm32f4xx_hal_tim.o

.debug_str      0x00000000    0xcbe2c
 .debug_str     0x00000000    0xcbe2c ./Application/Startup/startup_stm32f407vgtx.o
                                 0xa0 (size before relaxing)
 .debug_str     0x000cbe2c    0xc8ec4 ./Application/User/main.o
 .debug_str     0x000cbe2c    0xc842d ./Application/User/stm32f4xx_hal_msp.o
 .debug_str     0x000cbe2c     0x4bc0 ./Drivers/BSP/Components/lis302dl.o
 .debug_str     0x000cbe2c     0x52ee ./Drivers/BSP/Components/lis3dsh.o
 .debug_str     0x000cbe2c    0xc7376 ./Drivers/BSP/STM32F4_DISCO/stm32f4_discovery.o
 .debug_str     0x000cbe2c    0xc800b ./Drivers/BSP/STM32F4_DISCO/stm32f4_discovery_accelerometer.o
 .debug_str     0x000cbe2c    0xc55cb ./Drivers/CMSIS/system_stm32f4xx.o
 .debug_str     0x000cbe2c    0xc613f ./Drivers/STM32F4xx_HAL_Drivers/stm32f4xx_hal.o
 .debug_str     0x000cbe2c    0xc5ebb ./Drivers/STM32F4xx_HAL_Drivers/stm32f4xx_hal_cortex.o
 .debug_str     0x000cbe2c    0xc5736 ./Drivers/STM32F4xx_HAL_Drivers/stm32f4xx_hal_gpio.o
 .debug_str     0x000cbe2c    0xc59ef ./Drivers/STM32F4xx_HAL_Drivers/stm32f4xx_hal_rcc.o
 .debug_str     0x000cbe2c    0xc5ee0 ./Drivers/STM32F4xx_HAL_Drivers/stm32f4xx_hal_spi.o
 .debug_str     0x000cbe2c    0xc6945 ./Drivers/STM32F4xx_HAL_Drivers/stm32f4xx_hal_tim.o

.debug_rnglists
                0x00000000      0x8e1
 .debug_rnglists
                0x00000000       0x19 ./Application/Startup/startup_stm32f407vgtx.o
 .debug_rnglists
                0x00000019       0x47 ./Application/User/main.o
 .debug_rnglists
                0x00000060       0x19 ./Application/User/stm32f4xx_hal_msp.o
 .debug_rnglists
                0x00000079       0x57 ./Drivers/BSP/Components/lis302dl.o
 .debug_rnglists
                0x000000d0       0x4b ./Drivers/BSP/Components/lis3dsh.o
 .debug_rnglists
                0x0000011b       0xa0 ./Drivers/BSP/STM32F4_DISCO/stm32f4_discovery.o
 .debug_rnglists
                0x000001bb       0x32 ./Drivers/BSP/STM32F4_DISCO/stm32f4_discovery_accelerometer.o
 .debug_rnglists
                0x000001ed       0x1a ./Drivers/CMSIS/system_stm32f4xx.o
 .debug_rnglists
                0x00000207       0xaf ./Drivers/STM32F4xx_HAL_Drivers/stm32f4xx_hal.o
 .debug_rnglists
                0x000002b6       0xe0 ./Drivers/STM32F4xx_HAL_Drivers/stm32f4xx_hal_cortex.o
 .debug_rnglists
                0x00000396       0x3f ./Drivers/STM32F4xx_HAL_Drivers/stm32f4xx_hal_gpio.o
 .debug_rnglists
                0x000003d5       0x66 ./Drivers/STM32F4xx_HAL_Drivers/stm32f4xx_hal_rcc.o
 .debug_rnglists
                0x0000043b      0x18c ./Drivers/STM32F4xx_HAL_Drivers/stm32f4xx_hal_spi.o
 .debug_rnglists
                0x000005c7      0x31a ./Drivers/STM32F4xx_HAL_Drivers/stm32f4xx_hal_tim.o

.debug_macro    0x00000000    0x21145
 .debug_macro   0x00000000      0x279 ./Application/User/main.o
 .debug_macro   0x00000279      0xade ./Application/User/main.o
 .debug_macro   0x00000d57      0x1b1 ./Application/User/main.o
 .debug_macro   0x00000f08       0x2e ./Application/User/main.o
 .debug_macro   0x00000f36       0x2f ./Application/User/main.o
 .debug_macro   0x00000f65       0x22 ./Application/User/main.o
 .debug_macro   0x00000f87       0x8e ./Application/User/main.o
 .debug_macro   0x00001015       0x51 ./Application/User/main.o
 .debug_macro   0x00001066      0x103 ./Application/User/main.o
 .debug_macro   0x00001169       0x6a ./Application/User/main.o
 .debug_macro   0x000011d3      0x1df ./Application/User/main.o
 .debug_macro   0x000013b2       0x1c ./Application/User/main.o
 .debug_macro   0x000013ce       0x22 ./Application/User/main.o
 .debug_macro   0x000013f0       0xfb ./Application/User/main.o
 .debug_macro   0x000014eb     0x1011 ./Application/User/main.o
 .debug_macro   0x000024fc      0x11f ./Application/User/main.o
 .debug_macro   0x0000261b    0x15e97 ./Application/User/main.o
 .debug_macro   0x000184b2       0x6d ./Application/User/main.o
 .debug_macro   0x0001851f     0x369a ./Application/User/main.o
 .debug_macro   0x0001bbb9      0x190 ./Application/User/main.o
 .debug_macro   0x0001bd49       0x5c ./Application/User/main.o
 .debug_macro   0x0001bda5      0x980 ./Application/User/main.o
 .debug_macro   0x0001c725      0x9e9 ./Application/User/main.o
 .debug_macro   0x0001d10e      0x115 ./Application/User/main.o
 .debug_macro   0x0001d223      0x13e ./Application/User/main.o
 .debug_macro   0x0001d361       0xa5 ./Application/User/main.o
 .debug_macro   0x0001d406      0x287 ./Application/User/main.o
 .debug_macro   0x0001d68d       0x5f ./Application/User/main.o
 .debug_macro   0x0001d6ec      0x236 ./Application/User/main.o
 .debug_macro   0x0001d922      0x12c ./Application/User/main.o
 .debug_macro   0x0001da4e      0x21e ./Application/User/main.o
 .debug_macro   0x0001dc6c       0x2e ./Application/User/main.o
 .debug_macro   0x0001dc9a      0x1b5 ./Application/User/main.o
 .debug_macro   0x0001de4f       0xd6 ./Application/User/main.o
 .debug_macro   0x0001df25      0x127 ./Application/User/main.o
 .debug_macro   0x0001e04c       0x7e ./Application/User/main.o
 .debug_macro   0x0001e0ca       0x89 ./Application/User/main.o
 .debug_macro   0x0001e153      0x225 ./Application/User/main.o
 .debug_macro   0x0001e378      0x8ed ./Application/User/main.o
 .debug_macro   0x0001ec65       0x4d ./Application/User/main.o
 .debug_macro   0x0001ecb2      0x293 ./Application/User/main.o
 .debug_macro   0x0001ef45       0xba ./Application/User/main.o
 .debug_macro   0x0001efff      0x12d ./Application/User/main.o
 .debug_macro   0x0001f12c      0x1df ./Application/User/main.o
 .debug_macro   0x0001f30b      0x1d0 ./Application/User/main.o
 .debug_macro   0x0001f4db      0x426 ./Application/User/main.o
 .debug_macro   0x0001f901      0x24f ./Application/User/stm32f4xx_hal_msp.o
 .debug_macro   0x0001fb50       0x7c ./Drivers/BSP/Components/lis302dl.o
 .debug_macro   0x0001fbcc       0x7c ./Drivers/BSP/Components/lis3dsh.o
 .debug_macro   0x0001fc48      0x22f ./Drivers/BSP/STM32F4_DISCO/stm32f4_discovery.o
 .debug_macro   0x0001fe77      0x1d9 ./Drivers/BSP/STM32F4_DISCO/stm32f4_discovery.o
 .debug_macro   0x00020050      0x247 ./Drivers/BSP/STM32F4_DISCO/stm32f4_discovery_accelerometer.o
 .debug_macro   0x00020297      0x208 ./Drivers/CMSIS/system_stm32f4xx.o
 .debug_macro   0x0002049f      0x262 ./Drivers/STM32F4xx_HAL_Drivers/stm32f4xx_hal.o
 .debug_macro   0x00020701      0x202 ./Drivers/STM32F4xx_HAL_Drivers/stm32f4xx_hal_cortex.o
 .debug_macro   0x00020903      0x208 ./Drivers/STM32F4xx_HAL_Drivers/stm32f4xx_hal_gpio.o
 .debug_macro   0x00020b0b      0x226 ./Drivers/STM32F4xx_HAL_Drivers/stm32f4xx_hal_rcc.o
 .debug_macro   0x00020d31      0x211 ./Drivers/STM32F4xx_HAL_Drivers/stm32f4xx_hal_spi.o
 .debug_macro   0x00020f42      0x203 ./Drivers/STM32F4xx_HAL_Drivers/stm32f4xx_hal_tim.o

.comment        0x00000000       0x43
 .comment       0x00000000       0x43 ./Application/User/main.o
                                 0x44 (size before relaxing)
 .comment       0x00000043       0x44 ./Application/User/stm32f4xx_hal_msp.o
 .comment       0x00000043       0x44 ./Drivers/BSP/Components/lis302dl.o
 .comment       0x00000043       0x44 ./Drivers/BSP/Components/lis3dsh.o
 .comment       0x00000043       0x44 ./Drivers/BSP/STM32F4_DISCO/stm32f4_discovery.o
 .comment       0x00000043       0x44 ./Drivers/BSP/STM32F4_DISCO/stm32f4_discovery_accelerometer.o
 .comment       0x00000043       0x44 ./Drivers/CMSIS/system_stm32f4xx.o
 .comment       0x00000043       0x44 ./Drivers/STM32F4xx_HAL_Drivers/stm32f4xx_hal.o
 .comment       0x00000043       0x44 ./Drivers/STM32F4xx_HAL_Drivers/stm32f4xx_hal_cortex.o
 .comment       0x00000043       0x44 ./Drivers/STM32F4xx_HAL_Drivers/stm32f4xx_hal_gpio.o
 .comment       0x00000043       0x44 ./Drivers/STM32F4xx_HAL_Drivers/stm32f4xx_hal_rcc.o
 .comment       0x00000043       0x44 ./Drivers/STM32F4xx_HAL_Drivers/stm32f4xx_hal_spi.o
 .comment       0x00000043       0x44 ./Drivers/STM32F4xx_HAL_Drivers/stm32f4xx_hal_tim.o

.debug_frame    0x00000000     0x3014
 .debug_frame   0x00000000      0x144 ./Application/User/main.o
 .debug_frame   0x00000144       0x5c ./Application/User/stm32f4xx_hal_msp.o
 .debug_frame   0x000001a0      0x1bc ./Drivers/BSP/Components/lis302dl.o
 .debug_frame   0x0000035c      0x174 ./Drivers/BSP/Components/lis3dsh.o
 .debug_frame   0x000004d0      0x350 ./Drivers/BSP/STM32F4_DISCO/stm32f4_discovery.o
 .debug_frame   0x00000820       0xd0 ./Drivers/BSP/STM32F4_DISCO/stm32f4_discovery_accelerometer.o
 .debug_frame   0x000008f0       0x58 ./Drivers/CMSIS/system_stm32f4xx.o
 .debug_frame   0x00000948      0x374 ./Drivers/STM32F4xx_HAL_Drivers/stm32f4xx_hal.o
 .debug_frame   0x00000cbc      0x508 ./Drivers/STM32F4xx_HAL_Drivers/stm32f4xx_hal_cortex.o
 .debug_frame   0x000011c4      0x14c ./Drivers/STM32F4xx_HAL_Drivers/stm32f4xx_hal_gpio.o
 .debug_frame   0x00001310      0x1f4 ./Drivers/STM32F4xx_HAL_Drivers/stm32f4xx_hal_rcc.o
 .debug_frame   0x00001504      0x8c4 ./Drivers/STM32F4xx_HAL_Drivers/stm32f4xx_hal_spi.o
 .debug_frame   0x00001dc8     0x11c0 ./Drivers/STM32F4xx_HAL_Drivers/stm32f4xx_hal_tim.o
 .debug_frame   0x00002f88       0x2c /Applications/STM32CubeIDE.app/Contents/Eclipse/plugins/com.st.stm32cube.ide.mcu.externaltools.gnu-tools-for-stm32.13.3.rel1.macos64_1.0.0.202411102158/tools/bin/../lib/gcc/arm-none-eabi/13.3.1/../../../../arm-none-eabi/lib/thumb/v7e-m+fp/hard/libc_nano.a(libc_a-init.o)
 .debug_frame   0x00002fb4       0x2c /Applications/STM32CubeIDE.app/Contents/Eclipse/plugins/com.st.stm32cube.ide.mcu.externaltools.gnu-tools-for-stm32.13.3.rel1.macos64_1.0.0.202411102158/tools/bin/../lib/gcc/arm-none-eabi/13.3.1/thumb/v7e-m+fp/hard/libgcc.a(_aeabi_uldivmod.o)
 .debug_frame   0x00002fe0       0x34 /Applications/STM32CubeIDE.app/Contents/Eclipse/plugins/com.st.stm32cube.ide.mcu.externaltools.gnu-tools-for-stm32.13.3.rel1.macos64_1.0.0.202411102158/tools/bin/../lib/gcc/arm-none-eabi/13.3.1/thumb/v7e-m+fp/hard/libgcc.a(_udivmoddi4.o)
