Archive member included to satisfy reference by file (symbol)

/Applications/STM32CubeIDE.app/Contents/Eclipse/plugins/com.st.stm32cube.ide.mcu.externaltools.gnu-tools-for-stm32.13.3.rel1.macos64_1.0.0.202411102158/tools/bin/../lib/gcc/arm-none-eabi/13.3.1/../../../../arm-none-eabi/lib/thumb/v7e-m+fp/hard/libc_nano.a(libc_a-exit.o)
                              /Applications/STM32CubeIDE.app/Contents/Eclipse/plugins/com.st.stm32cube.ide.mcu.externaltools.gnu-tools-for-stm32.13.3.rel1.macos64_1.0.0.202411102158/tools/bin/../lib/gcc/arm-none-eabi/13.3.1/../../../../arm-none-eabi/lib/thumb/v7e-m+fp/hard/crt0.o (exit)
/Applications/STM32CubeIDE.app/Contents/Eclipse/plugins/com.st.stm32cube.ide.mcu.externaltools.gnu-tools-for-stm32.13.3.rel1.macos64_1.0.0.202411102158/tools/bin/../lib/gcc/arm-none-eabi/13.3.1/../../../../arm-none-eabi/lib/thumb/v7e-m+fp/hard/libc_nano.a(libc_a-malloc.o)
                              ./Middlewares/STM32_USBD_Library/Class/HID/usbd_hid.o (malloc)
/Applications/STM32CubeIDE.app/Contents/Eclipse/plugins/com.st.stm32cube.ide.mcu.externaltools.gnu-tools-for-stm32.13.3.rel1.macos64_1.0.0.202411102158/tools/bin/../lib/gcc/arm-none-eabi/13.3.1/../../../../arm-none-eabi/lib/thumb/v7e-m+fp/hard/libc_nano.a(libc_a-mallocr.o)
                              /Applications/STM32CubeIDE.app/Contents/Eclipse/plugins/com.st.stm32cube.ide.mcu.externaltools.gnu-tools-for-stm32.13.3.rel1.macos64_1.0.0.202411102158/tools/bin/../lib/gcc/arm-none-eabi/13.3.1/../../../../arm-none-eabi/lib/thumb/v7e-m+fp/hard/libc_nano.a(libc_a-malloc.o) (_malloc_r)
/Applications/STM32CubeIDE.app/Contents/Eclipse/plugins/com.st.stm32cube.ide.mcu.externaltools.gnu-tools-for-stm32.13.3.rel1.macos64_1.0.0.202411102158/tools/bin/../lib/gcc/arm-none-eabi/13.3.1/../../../../arm-none-eabi/lib/thumb/v7e-m+fp/hard/libc_nano.a(libc_a-mlock.o)
                              /Applications/STM32CubeIDE.app/Contents/Eclipse/plugins/com.st.stm32cube.ide.mcu.externaltools.gnu-tools-for-stm32.13.3.rel1.macos64_1.0.0.202411102158/tools/bin/../lib/gcc/arm-none-eabi/13.3.1/../../../../arm-none-eabi/lib/thumb/v7e-m+fp/hard/libc_nano.a(libc_a-mallocr.o) (__malloc_lock)
/Applications/STM32CubeIDE.app/Contents/Eclipse/plugins/com.st.stm32cube.ide.mcu.externaltools.gnu-tools-for-stm32.13.3.rel1.macos64_1.0.0.202411102158/tools/bin/../lib/gcc/arm-none-eabi/13.3.1/../../../../arm-none-eabi/lib/thumb/v7e-m+fp/hard/libc_nano.a(libc_a-findfp.o)
                              /Applications/STM32CubeIDE.app/Contents/Eclipse/plugins/com.st.stm32cube.ide.mcu.externaltools.gnu-tools-for-stm32.13.3.rel1.macos64_1.0.0.202411102158/tools/bin/../lib/gcc/arm-none-eabi/13.3.1/../../../../arm-none-eabi/lib/thumb/v7e-m+fp/hard/libc_nano.a(libc_a-exit.o) (__stdio_exit_handler)
/Applications/STM32CubeIDE.app/Contents/Eclipse/plugins/com.st.stm32cube.ide.mcu.externaltools.gnu-tools-for-stm32.13.3.rel1.macos64_1.0.0.202411102158/tools/bin/../lib/gcc/arm-none-eabi/13.3.1/../../../../arm-none-eabi/lib/thumb/v7e-m+fp/hard/libc_nano.a(libc_a-fwalk.o)
                              /Applications/STM32CubeIDE.app/Contents/Eclipse/plugins/com.st.stm32cube.ide.mcu.externaltools.gnu-tools-for-stm32.13.3.rel1.macos64_1.0.0.202411102158/tools/bin/../lib/gcc/arm-none-eabi/13.3.1/../../../../arm-none-eabi/lib/thumb/v7e-m+fp/hard/libc_nano.a(libc_a-findfp.o) (_fwalk_sglue)
/Applications/STM32CubeIDE.app/Contents/Eclipse/plugins/com.st.stm32cube.ide.mcu.externaltools.gnu-tools-for-stm32.13.3.rel1.macos64_1.0.0.202411102158/tools/bin/../lib/gcc/arm-none-eabi/13.3.1/../../../../arm-none-eabi/lib/thumb/v7e-m+fp/hard/libc_nano.a(libc_a-memset.o)
                              /Applications/STM32CubeIDE.app/Contents/Eclipse/plugins/com.st.stm32cube.ide.mcu.externaltools.gnu-tools-for-stm32.13.3.rel1.macos64_1.0.0.202411102158/tools/bin/../lib/gcc/arm-none-eabi/13.3.1/../../../../arm-none-eabi/lib/thumb/v7e-m+fp/hard/crt0.o (memset)
/Applications/STM32CubeIDE.app/Contents/Eclipse/plugins/com.st.stm32cube.ide.mcu.externaltools.gnu-tools-for-stm32.13.3.rel1.macos64_1.0.0.202411102158/tools/bin/../lib/gcc/arm-none-eabi/13.3.1/../../../../arm-none-eabi/lib/thumb/v7e-m+fp/hard/libc_nano.a(libc_a-sbrkr.o)
                              /Applications/STM32CubeIDE.app/Contents/Eclipse/plugins/com.st.stm32cube.ide.mcu.externaltools.gnu-tools-for-stm32.13.3.rel1.macos64_1.0.0.202411102158/tools/bin/../lib/gcc/arm-none-eabi/13.3.1/../../../../arm-none-eabi/lib/thumb/v7e-m+fp/hard/libc_nano.a(libc_a-mallocr.o) (_sbrk_r)
/Applications/STM32CubeIDE.app/Contents/Eclipse/plugins/com.st.stm32cube.ide.mcu.externaltools.gnu-tools-for-stm32.13.3.rel1.macos64_1.0.0.202411102158/tools/bin/../lib/gcc/arm-none-eabi/13.3.1/../../../../arm-none-eabi/lib/thumb/v7e-m+fp/hard/libc_nano.a(libc_a-errno.o)
                              ./Application/User/syscalls.o (__errno)
[...]
Memory Configuration

Name             Origin             Length             Attributes
CCMRAM           0x10000000         0x00010000         xrw
RAM              0x20000000         0x00020000         xrw
ROM              0x08000000         0x00100000         xr
*default*        0x00000000         0xffffffff

Linker script and memory map

LOAD /Applications/STM32CubeIDE.app/Contents/Eclipse/plugins/com.st.stm32cube.ide.mcu.externaltools.gnu-tools-for-stm32.13.3.rel1.macos64_1.0.0.202411102158/tools/bin/../lib/gcc/arm-none-eabi/13.3.1/thumb/v7e-m+fp/hard/crti.o
LOAD /Applications/STM32CubeIDE.app/Contents/Eclipse/plugins/com.st.stm32cube.ide.mcu.externaltools.gnu-tools-for-stm32.13.3.rel1.macos64_1.0.0.202411102158/tools/bin/../lib/gcc/arm-none-eabi/13.3.1/thumb/v7e-m+fp/hard/crtbegin.o
LOAD /Applications/STM32CubeIDE.app/Contents/Eclipse/plugins/com.st.stm32cube.ide.mcu.externaltools.gnu-tools-for-stm32.13.3.rel1.macos64_1.0.0.202411102158/tools/bin/../lib/gcc/arm-none-eabi/13.3.1/../../../../arm-none-eabi/lib/thumb/v7e-m+fp/hard/crt0.o
LOAD ./Application/Startup/startup_stm32f407vgtx.o
LOAD ./Application/User/main.o
LOAD ./Application/User/stm32f4xx_hal_msp.o
LOAD ./Application/User/stm32f4xx_it.o
LOAD ./Application/User/syscalls.o
LOAD ./Application/User/sysmem.o
LOAD ./Application/User/usbd_conf.o
LOAD ./Application/User/usbd_desc.o
LOAD ./Drivers/BSP/Components/lis302dl.o
LOAD ./Drivers/BSP/Components/lis3dsh.o
LOAD ./Drivers/BSP/STM32F4_DISCO/stm32f4_discovery.o
LOAD ./Drivers/BSP/STM32F4_DISCO/stm32f4_discovery_accelerometer.o
LOAD ./Drivers/CMSIS/system_stm32f4xx.o
LOAD ./Drivers/STM32F4xx_HAL_Drivers/stm32f4xx_hal.o
LOAD ./Drivers/STM32F4xx_HAL_Drivers/stm32f4xx_hal_adc.o
LOAD ./Drivers/STM32F4xx_HAL_Drivers/stm32f4xx_hal_can.o
LOAD ./Drivers/STM32F4xx_HAL_Drivers/stm32f4xx_hal_cortex.o
LOAD ./Drivers/STM32F4xx_HAL_Drivers/stm32f4xx_hal_crc.o
LOAD ./Drivers/STM32F4xx_HAL_Drivers/stm32f4xx_hal_cryp.o
LOAD ./Drivers/STM32F4xx_HAL_Drivers/stm32f4xx_hal_dac.o
LOAD ./Drivers/STM32F4xx_HAL_Drivers/stm32f4xx_hal_dcmi.o
LOAD ./Drivers/STM32F4xx_HAL_Drivers/stm32f4xx_hal_dma.o
LOAD ./Drivers/STM32F4xx_HAL_Drivers/stm32f4xx_hal_eth.o
LOAD ./Drivers/STM32F4xx_HAL_Drivers/stm32f4xx_hal_flash.o
LOAD ./Drivers/STM32F4xx_HAL_Drivers/stm32f4xx_hal_flash_ex.o
LOAD ./Drivers/STM32F4xx_HAL_Drivers/stm32f4xx_hal_gpio.o
LOAD ./Drivers/STM32F4xx_HAL_Drivers/stm32f4xx_hal_hash.o
LOAD ./Drivers/STM32F4xx_HAL_Drivers/stm32f4xx_hal_hcd.o
LOAD ./Drivers/STM32F4xx_HAL_Drivers/stm32f4xx_hal_i2c.o
LOAD ./Drivers/STM32F4xx_HAL_Drivers/stm32f4xx_hal_i2s.o
LOAD ./Drivers/STM32F4xx_HAL_Drivers/stm32f4xx_hal_irda.o
LOAD ./Drivers/STM32F4xx_HAL_Drivers/stm32f4xx_hal_iwdg.o
LOAD ./Drivers/STM32F4xx_HAL_Drivers/stm32f4xx_hal_nand.o
LOAD ./Drivers/STM32F4xx_HAL_Drivers/stm32f4xx_hal_nor.o
LOAD ./Drivers/STM32F4xx_HAL_Drivers/stm32f4xx_hal_pccard.o
LOAD ./Drivers/STM32F4xx_HAL_Drivers/stm32f4xx_hal_pcd.o
LOAD ./Drivers/STM32F4xx_HAL_Drivers/stm32f4xx_hal_pcd_ex.o
LOAD ./Drivers/STM32F4xx_HAL_Drivers/stm32f4xx_hal_pwr.o
LOAD ./Drivers/STM32F4xx_HAL_Drivers/stm32f4xx_hal_rcc.o
LOAD ./Drivers/STM32F4xx_HAL_Drivers/stm32f4xx_hal_rng.o
LOAD ./Drivers/STM32F4xx_HAL_Drivers/stm32f4xx_hal_rtc.o
LOAD ./Drivers/STM32F4xx_HAL_Drivers/stm32f4xx_hal_sd.o
LOAD ./Drivers/STM32F4xx_HAL_Drivers/stm32f4xx_hal_smartcard.o
LOAD ./Drivers/STM32F4xx_HAL_Drivers/stm32f4xx_hal_spi.o
LOAD ./Drivers/STM32F4xx_HAL_Drivers/stm32f4xx_hal_sram.o
LOAD ./Drivers/STM32F4xx_HAL_Drivers/stm32f4xx_hal_tim.o
LOAD ./Drivers/STM32F4xx_HAL_Drivers/stm32f4xx_hal_tim_ex.o
LOAD ./Drivers/STM32F4xx_HAL_Drivers/stm32f4xx_hal_uart.o
LOAD ./Drivers/STM32F4xx_HAL_Drivers/stm32f4xx_hal_usart.o
LOAD ./Drivers/STM32F4xx_HAL_Drivers/stm32f4xx_hal_wwdg.o
LOAD ./Drivers/STM32F4xx_HAL_Drivers/stm32f4xx_ll_fsmc.o
LOAD ./Drivers/STM32F4xx_HAL_Drivers/stm32f4xx_ll_sdmmc.o
LOAD ./Drivers/STM32F4xx_HAL_Drivers/stm32f4xx_ll_usb.o
LOAD ./Middlewares/STM32_USBD_Library/Class/HID/usbd_hid.o
LOAD ./Middlewares/STM32_USBD_Library/Core/usbd_core.o
LOAD ./Middlewares/STM32_USBD_Library/Core/usbd_ctlreq.o
LOAD ./Middlewares/STM32_USBD_Library/Core/usbd_ioreq.o
START GROUP
LOAD /Applications/STM32CubeIDE.app/Contents/Eclipse/plugins/com.st.stm32cube.ide.mcu.externaltools.gnu-tools-for-stm32.13.3.rel1.macos64_1.0.0.202411102158/tools/bin/../lib/gcc/arm-none-eabi/13.3.1/../../../../arm-none-eabi/lib/thumb/v7e-m+fp/hard/libc_nano.a
LOAD /Applications/STM32CubeIDE.app/Contents/Eclipse/plugins/com.st.stm32cube.ide.mcu.externaltools.gnu-tools-for-stm32.13.3.rel1.macos64_1.0.0.202411102158/tools/bin/../lib/gcc/arm-none-eabi/13.3.1/../../../../arm-none-eabi/lib/thumb/v7e-m+fp/hard/libm.a
END GROUP
START GROUP
LOAD /Applications/STM32CubeIDE.app/Contents/Eclipse/plugins/com.st.stm32cube.ide.mcu.externaltools.gnu-tools-for-stm32.13.3.rel1.macos64_1.0.0.202411102158/tools/bin/../lib/gcc/arm-none-eabi/13.3.1/thumb/v7e-m+fp/hard/libgcc.a
LOAD /Applications/STM32CubeIDE.app/Contents/Eclipse/plugins/com.st.stm32cube.ide.mcu.externaltools.gnu-tools-for-stm32.13.3.rel1.macos64_1.0.0.202411102158/tools/bin/../lib/gcc/arm-none-eabi/13.3.1/../../../../arm-none-eabi/lib/thumb/v7e-m+fp/hard/libc_nano.a
END GROUP
START GROUP
LOAD /Applications/STM32CubeIDE.app/Contents/Eclipse/plugins/com.st.stm32cube.ide.mcu.externaltools.gnu-tools-for-stm32.13.3.rel1.macos64_1.0.0.202411102158/tools/bin/../lib/gcc/arm-none-eabi/13.3.1/thumb/v7e-m+fp/hard/libgcc.a
LOAD /Applications/STM32CubeIDE.app/Contents/Eclipse/plugins/com.st.stm32cube.ide.mcu.externaltools.gnu-tools-for-stm32.13.3.rel1.macos64_1.0.0.202411102158/tools/bin/../lib/gcc/arm-none-eabi/13.3.1/../../../../arm-none-eabi/lib/thumb/v7e-m+fp/hard/libc_nano.a
LOAD /Applications/STM32CubeIDE.app/Contents/Eclipse/plugins/com.st.stm32cube.ide.mcu.externaltools.gnu-tools-for-stm32.13.3.rel1.macos64_1.0.0.202411102158/tools/bin/../lib/gcc/arm-none-eabi/13.3.1/../../../../arm-none-eabi/lib/thumb/v7e-m+fp/hard/libnosys.a
END GROUP
START GROUP
LOAD /Applications/STM32CubeIDE.app/Contents/Eclipse/plugins/com.st.stm32cube.ide.mcu.externaltools.gnu-tools-for-stm32.13.3.rel1.macos64_1.0.0.202411102158/tools/bin/../lib/gcc/arm-none-eabi/13.3.1/thumb/v7e-m+fp/hard/libgcc.a
LOAD /Applications/STM32CubeIDE.app/Contents/Eclipse/plugins/com.st.stm32cube.ide.mcu.externaltools.gnu-tools-for-stm32.13.3.rel1.macos64_1.0.0.202411102158/tools/bin/../lib/gcc/arm-none-eabi/13.3.1/../../../../arm-none-eabi/lib/thumb/v7e-m+fp/hard/libc_nano.a
LOAD /Applications/STM32CubeIDE.app/Contents/Eclipse/plugins/com.st.stm32cube.ide.mcu.externaltools.gnu-tools-for-stm32.13.3.rel1.macos64_1.0.0.202411102158/tools/bin/../lib/gcc/arm-none-eabi/13.3.1/../../../../arm-none-eabi/lib/thumb/v7e-m+fp/hard/libnosys.a
END GROUP
LOAD /Applications/STM32CubeIDE.app/Contents/Eclipse/plugins/com.st.stm32cube.ide.mcu.externaltools.gnu-tools-for-stm32.13.3.rel1.macos64_1.0.0.202411102158/tools/bin/../lib/gcc/arm-none-eabi/13.3.1/thumb/v7e-m+fp/hard/crtend.o
LOAD /Applications/STM32CubeIDE.app/Contents/Eclipse/plugins/com.st.stm32cube.ide.mcu.externaltools.gnu-tools-for-stm32.13.3.rel1.macos64_1.0.0.202411102158/tools/bin/../lib/gcc/arm-none-eabi/13.3.1/thumb/v7e-m+fp/hard/crtn.o
                0x20020000                        _estack = (ORIGIN (RAM) + LENGTH (RAM))
                0x00000200                        _Min_Heap_Size = 0x200
                0x00000400                        _Min_Stack_Size = 0x400

.isr_vector     0x08000000      0x188
                0x08000000                        . = ALIGN (0x4)
 *(.isr_vector)
 .isr_vector    0x08000000      0x188 ./Application/Startup/startup_stm32f407vgtx.o
                0x08000000                g_pfnVectors
                0x08000188                        . = ALIGN (0x4)

.text           0x08000188     0x8d8c
                0x08000188                        . = ALIGN (0x4)
 *(.text)
 .text          0x08000188       0x40 /Applications/STM32CubeIDE.app/Contents/Eclipse/plugins/com.st.stm32cube.ide.mcu.externaltools.gnu-tools-for-stm32.13.3.rel1.macos64_1.0.0.202411102158/tools/bin/../lib/gcc/arm-none-eabi/13.3.1/thumb/v7e-m+fp/hard/crtbegin.o
 .text          0x080001c8       0x30 /Applications/STM32CubeIDE.app/Contents/Eclipse/plugins/com.st.stm32cube.ide.mcu.externaltools.gnu-tools-for-stm32.13.3.rel1.macos64_1.0.0.202411102158/tools/bin/../lib/gcc/arm-none-eabi/13.3.1/thumb/v7e-m+fp/hard/libgcc.a(_aeabi_uldivmod.o)
                0x080001c8                __aeabi_uldivmod
 .text          0x080001f8      0x2f8 /Applications/STM32CubeIDE.app/Contents/Eclipse/plugins/com.st.stm32cube.ide.mcu.externaltools.gnu-tools-for-stm32.13.3.rel1.macos64_1.0.0.202411102158/tools/bin/../lib/gcc/arm-none-eabi/13.3.1/thumb/v7e-m+fp/hard/libgcc.a(_udivmoddi4.o)
                0x080001f8                __udivmoddi4
 .text          0x080004f0        0x4 /Applications/STM32CubeIDE.app/Contents/Eclipse/plugins/com.st.stm32cube.ide.mcu.externaltools.gnu-tools-for-stm32.13.3.rel1.macos64_1.0.0.202411102158/tools/bin/../lib/gcc/arm-none-eabi/13.3.1/thumb/v7e-m+fp/hard/libgcc.a(_dvmd_tls.o)
                0x080004f0                __aeabi_ldiv0
                0x080004f0                __aeabi_idiv0
 *(.text*)
 .text.Reset_Handler
                0x080004f4       0x50 ./Application/Startup/startup_stm32f407vgtx.o
                0x080004f4                Reset_Handler
 .text.Default_Handler
                0x08000544        0x2 ./Application/Startup/startup_stm32f407vgtx.o
                0x08000544                DMA1_Stream3_IRQHandler
                0x08000544                HASH_RNG_IRQHandler
                0x08000544                EXTI2_IRQHandler
                0x08000544                TIM8_CC_IRQHandler
                0x08000544                TIM1_CC_IRQHandler
                0x08000544                DMA2_Stream5_IRQHandler
                0x08000544                DMA1_Stream5_IRQHandler
                0x08000544                PVD_IRQHandler
                0x08000544                SDIO_IRQHandler
                0x08000544                TAMP_STAMP_IRQHandler
                0x08000544                CAN2_RX1_IRQHandler
                0x08000544                EXTI3_IRQHandler
                0x08000544                TIM8_TRG_COM_TIM14_IRQHandler
                0x08000544                TIM1_UP_TIM10_IRQHandler
                0x08000544                TIM8_UP_TIM13_IRQHandler
                0x08000544                I2C3_ER_IRQHandler
                0x08000544                I2C2_EV_IRQHandler
                0x08000544                DMA1_Stream2_IRQHandler
                0x08000544                CAN1_RX0_IRQHandler
                0x08000544                FPU_IRQHandler
                0x08000544                OTG_HS_WKUP_IRQHandler
                0x08000544                CAN2_SCE_IRQHandler
                0x08000544                DMA2_Stream2_IRQHandler
                0x08000544                SPI1_IRQHandler
                0x08000544                TIM6_DAC_IRQHandler
                0x08000544                TIM1_BRK_TIM9_IRQHandler
                0x08000544                DCMI_IRQHandler
                0x08000544                CAN2_RX0_IRQHandler
                0x08000544                DMA2_Stream3_IRQHandler
                0x08000544                USART6_IRQHandler
                0x08000544                USART3_IRQHandler
                0x08000544                CAN1_RX1_IRQHandler
                0x08000544                UART5_IRQHandler
                0x08000544                DMA2_Stream0_IRQHandler
                0x08000544                TIM4_IRQHandler
                0x08000544                I2C1_EV_IRQHandler
                0x08000544                DMA1_Stream6_IRQHandler
                0x08000544                DMA1_Stream1_IRQHandler
                0x08000544                UART4_IRQHandler
                0x08000544                TIM3_IRQHandler
                0x08000544                RCC_IRQHandler
                0x08000544                TIM8_BRK_TIM12_IRQHandler
                0x08000544                Default_Handler
                0x08000544                EXTI15_10_IRQHandler
                0x08000544                ADC_IRQHandler
                0x08000544                DMA1_Stream7_IRQHandler
                0x08000544                TIM7_IRQHandler
                0x08000544                CAN2_TX_IRQHandler
                0x08000544                TIM5_IRQHandler
                0x08000544                DMA2_Stream7_IRQHandler
                0x08000544                I2C3_EV_IRQHandler
                0x08000544                EXTI9_5_IRQHandler
                0x08000544                RTC_WKUP_IRQHandler
                0x08000544                ETH_WKUP_IRQHandler
                0x08000544                SPI2_IRQHandler
                0x08000544                OTG_HS_EP1_IN_IRQHandler
                0x08000544                DMA1_Stream0_IRQHandler
                0x08000544                CAN1_TX_IRQHandler
                0x08000544                EXTI4_IRQHandler
                0x08000544                FSMC_IRQHandler
                0x08000544                ETH_IRQHandler
                0x08000544                OTG_HS_EP1_OUT_IRQHandler
                0x08000544                WWDG_IRQHandler
                0x08000544                TIM2_IRQHandler
                0x08000544                OTG_FS_WKUP_IRQHandler
                0x08000544                TIM1_TRG_COM_TIM11_IRQHandler
                0x08000544                OTG_HS_IRQHandler
                0x08000544                EXTI1_IRQHandler
                0x08000544                USART2_IRQHandler
                0x08000544                I2C2_ER_IRQHandler
                0x08000544                DMA2_Stream1_IRQHandler
                0x08000544                CAN1_SCE_IRQHandler
                0x08000544                FLASH_IRQHandler
                0x08000544                DMA2_Stream4_IRQHandler
                0x08000544                USART1_IRQHandler
                0x08000544                SPI3_IRQHandler
                0x08000544                DMA1_Stream4_IRQHandler
                0x08000544                I2C1_ER_IRQHandler
                0x08000544                DMA2_Stream6_IRQHandler
                0x08000544                RTC_Alarm_IRQHandler
 *fill*         0x08000546        0x2 
 .text.__NVIC_SetPriority
                0x08000548       0x54 ./Application/User/main.o
 .text.SysTick_Config
                0x0800059c       0x44 ./Application/User/main.o
 .text.main     0x080005e0       0x34 ./Application/User/main.o
                0x080005e0                main
 .text.Demo_Exec
                0x08000614      0x160 ./Application/User/main.o
 .text.Demo_USBConfig
                0x08000774       0x30 ./Application/User/main.o
 .text.TIM4_Config
                0x080007a4       0xd4 ./Application/User/main.o
 .text.HAL_SYSTICK_Callback
                0x08000878      0x278 ./Application/User/main.o
                0x08000878                HAL_SYSTICK_Callback
 .text.HAL_GPIO_EXTI_Callback
                0x08000af0       0x28 ./Application/User/main.o
                0x08000af0                HAL_GPIO_EXTI_Callback
 .text.USBD_HID_GetPos
                0x08000b18       0xa0 ./Application/User/main.o
 .text.Error_Handler
                0x08000bb8        0xe ./Application/User/main.o
 *fill*         0x08000bc6        0x2 
 .text.SystemClock_Config
                0x08000bc8       0xc0 ./Application/User/main.o
 .text.HAL_TIM_PWM_MspInit
                0x08000c88       0x74 ./Application/User/stm32f4xx_hal_msp.o
                0x08000c88                HAL_TIM_PWM_MspInit
 .text.HAL_TIM_PWM_MspDeInit
                0x08000cfc       0x30 ./Application/User/stm32f4xx_hal_msp.o
                0x08000cfc                HAL_TIM_PWM_MspDeInit
 .text.NMI_Handler
                0x08000d2c        0xe ./Application/User/stm32f4xx_it.o
                0x08000d2c                NMI_Handler
 .text.HardFault_Handler
                0x08000d3a        0x8 ./Application/User/stm32f4xx_it.o
                0x08000d3a                HardFault_Handler
 .text.MemManage_Handler
                0x08000d42        0x8 ./Application/User/stm32f4xx_it.o
                0x08000d42                MemManage_Handler
 .text.BusFault_Handler
                0x08000d4a        0x8 ./Application/User/stm32f4xx_it.o
                0x08000d4a                BusFault_Handler
 .text.UsageFault_Handler
                0x08000d52        0x8 ./Application/User/stm32f4xx_it.o
                0x08000d52                UsageFault_Handler
 .text.SVC_Handler
                0x08000d5a        0xe ./Application/User/stm32f4xx_it.o
                0x08000d5a                SVC_Handler
 .text.DebugMon_Handler
                0x08000d68        0xe ./Application/User/stm32f4xx_it.o
                0x08000d68                DebugMon_Handler
 .text.PendSV_Handler
                0x08000d76        0xe ./Application/User/stm32f4xx_it.o
                0x08000d76                PendSV_Handler
 .text.SysTick_Handler
                0x08000d84       0x10 ./Application/User/stm32f4xx_it.o
                0x08000d84                SysTick_Handler
 .text.EXTI0_IRQHandler
                0x08000d94        0xe ./Application/User/stm32f4xx_it.o
                0x08000d94                EXTI0_IRQHandler
 *fill*         0x08000da2        0x2 
 .text.OTG_FS_IRQHandler
                0x08000da4       0x14 ./Application/User/stm32f4xx_it.o
                0x08000da4                OTG_FS_IRQHandler
 .text._sbrk    0x08000db8       0x6c ./Application/User/sysmem.o
                0x08000db8                _sbrk
 .text.__NVIC_SetPriority
                0x08000e24       0x54 ./Application/User/usbd_conf.o
 .text.HAL_PCD_MspInit
                0x08000e78       0xd4 ./Application/User/usbd_conf.o
                0x08000e78                HAL_PCD_MspInit
 .text.HAL_PCD_MspDeInit
                0x08000f4c       0x30 ./Application/User/usbd_conf.o
                0x08000f4c                HAL_PCD_MspDeInit
 .text.HAL_PCD_SetupStageCallback
                0x08000f7c       0x24 ./Application/User/usbd_conf.o
                0x08000f7c                HAL_PCD_SetupStageCallback
 .text.HAL_PCD_DataOutStageCallback
                0x08000fa0       0x36 ./Application/User/usbd_conf.o
                0x08000fa0                HAL_PCD_DataOutStageCallback
 .text.HAL_PCD_DataInStageCallback
                0x08000fd6       0x34 ./Application/User/usbd_conf.o
                0x08000fd6                HAL_PCD_DataInStageCallback
 .text.HAL_PCD_SOFCallback
                0x0800100a       0x1c ./Application/User/usbd_conf.o
                0x0800100a                HAL_PCD_SOFCallback
 .text.HAL_PCD_ResetCallback
                0x08001026       0x50 ./Application/User/usbd_conf.o
                0x08001026                HAL_PCD_ResetCallback
 .text.HAL_PCD_SuspendCallback
                0x08001076       0x1c ./Application/User/usbd_conf.o
                0x08001076                HAL_PCD_SuspendCallback
 .text.HAL_PCD_ResumeCallback
                0x08001092       0x1c ./Application/User/usbd_conf.o
                0x08001092                HAL_PCD_ResumeCallback
 .text.HAL_PCD_ISOOUTIncompleteCallback
                0x080010ae       0x24 ./Application/User/usbd_conf.o
                0x080010ae                HAL_PCD_ISOOUTIncompleteCallback
 .text.HAL_PCD_ISOINIncompleteCallback
                0x080010d2       0x24 ./Application/User/usbd_conf.o
                0x080010d2                HAL_PCD_ISOINIncompleteCallback
 .text.HAL_PCD_ConnectCallback
                0x080010f6       0x1c ./Application/User/usbd_conf.o
                0x080010f6                HAL_PCD_ConnectCallback
 .text.HAL_PCD_DisconnectCallback
                0x08001112       0x1c ./Application/User/usbd_conf.o
                0x08001112                HAL_PCD_DisconnectCallback
 *fill*         0x0800112e        0x2 
 .text.USBD_LL_Init
                0x08001130       0x8c ./Application/User/usbd_conf.o
                0x08001130                USBD_LL_Init
 .text.USBD_LL_DeInit
                0x080011bc       0x1e ./Application/User/usbd_conf.o
                0x080011bc                USBD_LL_DeInit
 .text.USBD_LL_Start
                0x080011da       0x1e ./Application/User/usbd_conf.o
                0x080011da                USBD_LL_Start
 .text.USBD_LL_Stop
                0x080011f8       0x1e ./Application/User/usbd_conf.o
                0x080011f8                USBD_LL_Stop
 .text.USBD_LL_OpenEP
                0x08001216       0x34 ./Application/User/usbd_conf.o
                0x08001216                USBD_LL_OpenEP
 .text.USBD_LL_CloseEP
                0x0800124a       0x26 ./Application/User/usbd_conf.o
                0x0800124a                USBD_LL_CloseEP
 .text.USBD_LL_StallEP
                0x08001270       0x26 ./Application/User/usbd_conf.o
                0x08001270                USBD_LL_StallEP
 .text.USBD_LL_ClearStallEP
                0x08001296       0x26 ./Application/User/usbd_conf.o
                0x08001296                USBD_LL_ClearStallEP
 .text.USBD_LL_IsStallEP
                0x080012bc       0x58 ./Application/User/usbd_conf.o
                0x080012bc                USBD_LL_IsStallEP
 .text.USBD_LL_SetUSBAddress
                0x08001314       0x26 ./Application/User/usbd_conf.o
                0x08001314                USBD_LL_SetUSBAddress
 .text.USBD_LL_Transmit
                0x0800133a       0x2a ./Application/User/usbd_conf.o
                0x0800133a                USBD_LL_Transmit
 .text.USBD_LL_PrepareReceive
                0x08001364       0x2a ./Application/User/usbd_conf.o
                0x08001364                USBD_LL_PrepareReceive
 *fill*         0x0800138e        0x2 
 .text.USBD_HID_DeviceDescriptor
                0x08001390       0x24 ./Application/User/usbd_desc.o
                0x08001390                USBD_HID_DeviceDescriptor
 .text.USBD_HID_LangIDStrDescriptor
                0x080013b4       0x24 ./Application/User/usbd_desc.o
                0x080013b4                USBD_HID_LangIDStrDescriptor
 .text.USBD_HID_ProductStrDescriptor
                0x080013d8       0x40 ./Application/User/usbd_desc.o
                0x080013d8                USBD_HID_ProductStrDescriptor
 .text.USBD_HID_ManufacturerStrDescriptor
                0x08001418       0x28 ./Application/User/usbd_desc.o
                0x08001418                USBD_HID_ManufacturerStrDescriptor
 .text.USBD_HID_SerialStrDescriptor
                0x08001440       0x40 ./Application/User/usbd_desc.o
                0x08001440                USBD_HID_SerialStrDescriptor
 .text.USBD_HID_ConfigStrDescriptor
                0x08001480       0x3c ./Application/User/usbd_desc.o
                0x08001480                USBD_HID_ConfigStrDescriptor
 .text.USBD_HID_InterfaceStrDescriptor
                0x080014bc       0x3c ./Application/User/usbd_desc.o
                0x080014bc                USBD_HID_InterfaceStrDescriptor
 .text.LIS302DL_Init
                0x080014f8       0x2e ./Drivers/BSP/Components/lis302dl.o
                0x080014f8                LIS302DL_Init
 .text.LIS302DL_DeInit
                0x08001526        0xe ./Drivers/BSP/Components/lis302dl.o
                0x08001526                LIS302DL_DeInit
 .text.LIS302DL_ReadID
                0x08001534       0x24 ./Drivers/BSP/Components/lis302dl.o
                0x08001534                LIS302DL_ReadID
 .text.LIS302DL_FilterConfig
                0x08001558       0x46 ./Drivers/BSP/Components/lis302dl.o
                0x08001558                LIS302DL_FilterConfig
 .text.LIS302DL_InterruptConfig
                0x0800159e       0x46 ./Drivers/BSP/Components/lis302dl.o
                0x0800159e                LIS302DL_InterruptConfig
 .text.LIS302DL_Click_IntConfig
                0x080015e4       0xaa ./Drivers/BSP/Components/lis302dl.o
                0x080015e4                LIS302DL_Click_IntConfig
 .text.LIS302DL_Click_IntClear
                0x0800168e       0x2c ./Drivers/BSP/Components/lis302dl.o
                0x0800168e                LIS302DL_Click_IntClear
 .text.LIS302DL_RebootCmd
                0x080016ba       0x30 ./Drivers/BSP/Components/lis302dl.o
                0x080016ba                LIS302DL_RebootCmd
 .text.LIS302DL_ReadACC
                0x080016ea       0xb2 ./Drivers/BSP/Components/lis302dl.o
                0x080016ea                LIS302DL_ReadACC
 .text.LIS3DSH_Init
                0x0800179c       0x46 ./Drivers/BSP/Components/lis3dsh.o
                0x0800179c                LIS3DSH_Init
 .text.LIS3DSH_DeInit
                0x080017e2        0xe ./Drivers/BSP/Components/lis3dsh.o
                0x080017e2                LIS3DSH_DeInit
 .text.LIS3DSH_ReadID
                0x080017f0       0x24 ./Drivers/BSP/Components/lis3dsh.o
                0x080017f0                LIS3DSH_ReadID
 .text.LIS3DSH_InterruptConfig
                0x08001814       0x70 ./Drivers/BSP/Components/lis3dsh.o
                0x08001814                LIS3DSH_InterruptConfig
 .text.LIS3DSH_Click_IntConfig
                0x08001884       0xde ./Drivers/BSP/Components/lis3dsh.o
                0x08001884                LIS3DSH_Click_IntConfig
 .text.LIS3DSH_RebootCmd
                0x08001962       0x30 ./Drivers/BSP/Components/lis3dsh.o
                0x08001962                LIS3DSH_RebootCmd
 *fill*         0x08001992        0x2 
 .text.LIS3DSH_ReadACC
                0x08001994      0x1b4 ./Drivers/BSP/Components/lis3dsh.o
                0x08001994                LIS3DSH_ReadACC
 .text.BSP_LED_Init
                0x08001b48       0xf0 ./Drivers/BSP/STM32F4_DISCO/stm32f4_discovery.o
                0x08001b48                BSP_LED_Init
 .text.BSP_LED_On
                0x08001c38       0x34 ./Drivers/BSP/STM32F4_DISCO/stm32f4_discovery.o
                0x08001c38                BSP_LED_On
 .text.BSP_LED_Off
                0x08001c6c       0x34 ./Drivers/BSP/STM32F4_DISCO/stm32f4_discovery.o
                0x08001c6c                BSP_LED_Off
 .text.BSP_LED_Toggle
                0x08001ca0       0x34 ./Drivers/BSP/STM32F4_DISCO/stm32f4_discovery.o
                0x08001ca0                BSP_LED_Toggle
 .text.BSP_PB_Init
                0x08001cd4       0xb0 ./Drivers/BSP/STM32F4_DISCO/stm32f4_discovery.o
                0x08001cd4                BSP_PB_Init
 .text.BSP_PB_GetState
                0x08001d84       0x2c ./Drivers/BSP/STM32F4_DISCO/stm32f4_discovery.o
                0x08001d84                BSP_PB_GetState
 .text.SPIx_Init
                0x08001db0       0x74 ./Drivers/BSP/STM32F4_DISCO/stm32f4_discovery.o
 .text.SPIx_WriteRead
                0x08001e24       0x40 ./Drivers/BSP/STM32F4_DISCO/stm32f4_discovery.o
 .text.SPIx_Error
                0x08001e64       0x18 ./Drivers/BSP/STM32F4_DISCO/stm32f4_discovery.o
 .text.SPIx_MspInit
                0x08001e7c       0x70 ./Drivers/BSP/STM32F4_DISCO/stm32f4_discovery.o
 .text.ACCELERO_IO_Init
                0x08001eec       0x5c ./Drivers/BSP/STM32F4_DISCO/stm32f4_discovery.o
                0x08001eec                ACCELERO_IO_Init
 .text.ACCELERO_IO_ITConfig
                0x08001f48       0x60 ./Drivers/BSP/STM32F4_DISCO/stm32f4_discovery.o
                0x08001f48                ACCELERO_IO_ITConfig
 .text.ACCELERO_IO_Write
                0x08001fa8       0x64 ./Drivers/BSP/STM32F4_DISCO/stm32f4_discovery.o
                0x08001fa8                ACCELERO_IO_Write
 .text.ACCELERO_IO_Read
                0x0800200c       0x74 ./Drivers/BSP/STM32F4_DISCO/stm32f4_discovery.o
                0x0800200c                ACCELERO_IO_Read
 .text.BSP_ACCELERO_Init
                0x08002080      0x118 ./Drivers/BSP/STM32F4_DISCO/stm32f4_discovery_accelerometer.o
                0x08002080                BSP_ACCELERO_Init
 .text.BSP_ACCELERO_GetXYZ
                0x08002198       0x58 ./Drivers/BSP/STM32F4_DISCO/stm32f4_discovery_accelerometer.o
                0x08002198                BSP_ACCELERO_GetXYZ
 .text.SystemInit
                0x080021f0       0x6c ./Drivers/CMSIS/system_stm32f4xx.o
                0x080021f0                SystemInit
 .text.HAL_Init
                0x0800225c       0x38 ./Drivers/STM32F4xx_HAL_Drivers/stm32f4xx_hal.o
                0x0800225c                HAL_Init
 .text.HAL_MspInit
                0x08002294        0xe ./Drivers/STM32F4xx_HAL_Drivers/stm32f4xx_hal.o
                0x08002294                HAL_MspInit
 *fill*         0x080022a2        0x2 
 .text.HAL_InitTick
                0x080022a4       0x60 ./Drivers/STM32F4xx_HAL_Drivers/stm32f4xx_hal.o
                0x080022a4                HAL_InitTick
 .text.HAL_IncTick
                0x08002304       0x28 ./Drivers/STM32F4xx_HAL_Drivers/stm32f4xx_hal.o
                0x08002304                HAL_IncTick
 .text.HAL_GetTick
                0x0800232c       0x18 ./Drivers/STM32F4xx_HAL_Drivers/stm32f4xx_hal.o
                0x0800232c                HAL_GetTick
 .text.HAL_Delay
                0x08002344       0x48 ./Drivers/STM32F4xx_HAL_Drivers/stm32f4xx_hal.o
                0x08002344                HAL_Delay
 .text.HAL_GetREVID
                0x0800238c       0x18 ./Drivers/STM32F4xx_HAL_Drivers/stm32f4xx_hal.o
                0x0800238c                HAL_GetREVID
 .text.__NVIC_SetPriorityGrouping
                0x080023a4       0x48 ./Drivers/STM32F4xx_HAL_Drivers/stm32f4xx_hal_cortex.o
 .text.__NVIC_GetPriorityGrouping
                0x080023ec       0x1c ./Drivers/STM32F4xx_HAL_Drivers/stm32f4xx_hal_cortex.o
 .text.__NVIC_EnableIRQ
                0x08002408       0x3c ./Drivers/STM32F4xx_HAL_Drivers/stm32f4xx_hal_cortex.o
 .text.__NVIC_SetPriority
                0x08002444       0x54 ./Drivers/STM32F4xx_HAL_Drivers/stm32f4xx_hal_cortex.o
 .text.NVIC_EncodePriority
                0x08002498       0x66 ./Drivers/STM32F4xx_HAL_Drivers/stm32f4xx_hal_cortex.o
 *fill*         0x080024fe        0x2 
 .text.SysTick_Config
                0x08002500       0x44 ./Drivers/STM32F4xx_HAL_Drivers/stm32f4xx_hal_cortex.o
 .text.HAL_NVIC_SetPriorityGrouping
                0x08002544       0x16 ./Drivers/STM32F4xx_HAL_Drivers/stm32f4xx_hal_cortex.o
                0x08002544                HAL_NVIC_SetPriorityGrouping
 .text.HAL_NVIC_SetPriority
                0x0800255a       0x38 ./Drivers/STM32F4xx_HAL_Drivers/stm32f4xx_hal_cortex.o
                0x0800255a                HAL_NVIC_SetPriority
 .text.HAL_NVIC_EnableIRQ
                0x08002592       0x1c ./Drivers/STM32F4xx_HAL_Drivers/stm32f4xx_hal_cortex.o
                0x08002592                HAL_NVIC_EnableIRQ
 .text.HAL_SYSTICK_Config
                0x080025ae       0x18 ./Drivers/STM32F4xx_HAL_Drivers/stm32f4xx_hal_cortex.o
                0x080025ae                HAL_SYSTICK_Config
 .text.HAL_SYSTICK_IRQHandler
                0x080025c6        0xc ./Drivers/STM32F4xx_HAL_Drivers/stm32f4xx_hal_cortex.o
                0x080025c6                HAL_SYSTICK_IRQHandler
 *fill*         0x080025d2        0x2 
 .text.HAL_GPIO_Init
                0x080025d4      0x338 ./Drivers/STM32F4xx_HAL_Drivers/stm32f4xx_hal_gpio.o
                0x080025d4                HAL_GPIO_Init
 .text.HAL_GPIO_ReadPin
                0x0800290c       0x30 ./Drivers/STM32F4xx_HAL_Drivers/stm32f4xx_hal_gpio.o
                0x0800290c                HAL_GPIO_ReadPin
 .text.HAL_GPIO_WritePin
                0x0800293c       0x32 ./Drivers/STM32F4xx_HAL_Drivers/stm32f4xx_hal_gpio.o
                0x0800293c                HAL_GPIO_WritePin
 .text.HAL_GPIO_TogglePin
                0x0800296e       0x34 ./Drivers/STM32F4xx_HAL_Drivers/stm32f4xx_hal_gpio.o
                0x0800296e                HAL_GPIO_TogglePin
 *fill*         0x080029a2        0x2 
 .text.HAL_GPIO_EXTI_IRQHandler
                0x080029a4       0x30 ./Drivers/STM32F4xx_HAL_Drivers/stm32f4xx_hal_gpio.o
                0x080029a4                HAL_GPIO_EXTI_IRQHandler
 .text.HAL_PCD_Init
                0x080029d4      0x21e ./Drivers/STM32F4xx_HAL_Drivers/stm32f4xx_hal_pcd.o
                0x080029d4                HAL_PCD_Init
 .text.HAL_PCD_DeInit
                0x08002bf2       0x46 ./Drivers/STM32F4xx_HAL_Drivers/stm32f4xx_hal_pcd.o
                0x08002bf2                HAL_PCD_DeInit
 .text.HAL_PCD_Start
                0x08002c38       0x6a ./Drivers/STM32F4xx_HAL_Drivers/stm32f4xx_hal_pcd.o
                0x08002c38                HAL_PCD_Start
 .text.HAL_PCD_Stop
                0x08002ca2       0x76 ./Drivers/STM32F4xx_HAL_Drivers/stm32f4xx_hal_pcd.o
                0x08002ca2                HAL_PCD_Stop
 .text.HAL_PCD_IRQHandler
                0x08002d18      0x942 ./Drivers/STM32F4xx_HAL_Drivers/stm32f4xx_hal_pcd.o
                0x08002d18                HAL_PCD_IRQHandler
 .text.HAL_PCD_SetAddress
                0x0800365a       0x48 ./Drivers/STM32F4xx_HAL_Drivers/stm32f4xx_hal_pcd.o
                0x0800365a                HAL_PCD_SetAddress
 .text.HAL_PCD_EP_Open
                0x080036a2       0xd4 ./Drivers/STM32F4xx_HAL_Drivers/stm32f4xx_hal_pcd.o
                0x080036a2                HAL_PCD_EP_Open
 .text.HAL_PCD_EP_Close
                0x08003776       0x94 ./Drivers/STM32F4xx_HAL_Drivers/stm32f4xx_hal_pcd.o
                0x08003776                HAL_PCD_EP_Close
 .text.HAL_PCD_EP_Receive
                0x0800380a       0x76 ./Drivers/STM32F4xx_HAL_Drivers/stm32f4xx_hal_pcd.o
                0x0800380a                HAL_PCD_EP_Receive
 .text.HAL_PCD_EP_Transmit
                0x08003880       0x74 ./Drivers/STM32F4xx_HAL_Drivers/stm32f4xx_hal_pcd.o
                0x08003880                HAL_PCD_EP_Transmit
 .text.HAL_PCD_EP_SetStall
                0x080038f4       0xc6 ./Drivers/STM32F4xx_HAL_Drivers/stm32f4xx_hal_pcd.o
                0x080038f4                HAL_PCD_EP_SetStall
 .text.HAL_PCD_EP_ClrStall
                0x080039ba       0xac ./Drivers/STM32F4xx_HAL_Drivers/stm32f4xx_hal_pcd.o
                0x080039ba                HAL_PCD_EP_ClrStall
 .text.HAL_PCD_EP_Abort
                0x08003a66       0x62 ./Drivers/STM32F4xx_HAL_Drivers/stm32f4xx_hal_pcd.o
                0x08003a66                HAL_PCD_EP_Abort
 .text.PCD_WriteEmptyTxFifo
                0x08003ac8      0x118 ./Drivers/STM32F4xx_HAL_Drivers/stm32f4xx_hal_pcd.o
 .text.PCD_EP_OutXfrComplete_int
                0x08003be0      0x1d0 ./Drivers/STM32F4xx_HAL_Drivers/stm32f4xx_hal_pcd.o
 .text.PCD_EP_OutSetupPacket_int
                0x08003db0       0x8c ./Drivers/STM32F4xx_HAL_Drivers/stm32f4xx_hal_pcd.o
 .text.HAL_PCDEx_SetTxFiFo
                0x08003e3c       0x8e ./Drivers/STM32F4xx_HAL_Drivers/stm32f4xx_hal_pcd_ex.o
                0x08003e3c                HAL_PCDEx_SetTxFiFo
 .text.HAL_PCDEx_SetRxFiFo
                0x08003eca       0x22 ./Drivers/STM32F4xx_HAL_Drivers/stm32f4xx_hal_pcd_ex.o
                0x08003eca                HAL_PCDEx_SetRxFiFo
 .text.HAL_PCDEx_LPM_Callback
                0x08003eec       0x18 ./Drivers/STM32F4xx_HAL_Drivers/stm32f4xx_hal_pcd_ex.o
                0x08003eec                HAL_PCDEx_LPM_Callback
 .text.HAL_RCC_OscConfig
                0x08003f04      0x4f0 ./Drivers/STM32F4xx_HAL_Drivers/stm32f4xx_hal_rcc.o
                0x08003f04                HAL_RCC_OscConfig
 .text.HAL_RCC_ClockConfig
                0x080043f4      0x1cc ./Drivers/STM32F4xx_HAL_Drivers/stm32f4xx_hal_rcc.o
                0x080043f4                HAL_RCC_ClockConfig
 .text.HAL_RCC_GetSysClockFreq
                0x080045c0      0x20c ./Drivers/STM32F4xx_HAL_Drivers/stm32f4xx_hal_rcc.o
                0x080045c0                HAL_RCC_GetSysClockFreq
 .text.HAL_RCC_GetHCLKFreq
                0x080047cc       0x18 ./Drivers/STM32F4xx_HAL_Drivers/stm32f4xx_hal_rcc.o
                0x080047cc                HAL_RCC_GetHCLKFreq
 .text.HAL_SPI_Init
                0x080047e4      0x122 ./Drivers/STM32F4xx_HAL_Drivers/stm32f4xx_hal_spi.o
                0x080047e4                HAL_SPI_Init
 .text.HAL_SPI_DeInit
                0x08004906       0x50 ./Drivers/STM32F4xx_HAL_Drivers/stm32f4xx_hal_spi.o
                0x08004906                HAL_SPI_DeInit
 .text.HAL_SPI_MspInit
                0x08004956       0x14 ./Drivers/STM32F4xx_HAL_Drivers/stm32f4xx_hal_spi.o
                0x08004956                HAL_SPI_MspInit
 .text.HAL_SPI_MspDeInit
                0x0800496a       0x14 ./Drivers/STM32F4xx_HAL_Drivers/stm32f4xx_hal_spi.o
                0x0800496a                HAL_SPI_MspDeInit
 .text.HAL_SPI_TransmitReceive
                0x0800497e      0x496 ./Drivers/STM32F4xx_HAL_Drivers/stm32f4xx_hal_spi.o
                0x0800497e                HAL_SPI_TransmitReceive
 .text.HAL_SPI_GetState
                0x08004e14       0x1c ./Drivers/STM32F4xx_HAL_Drivers/stm32f4xx_hal_spi.o
                0x08004e14                HAL_SPI_GetState
 .text.SPI_WaitFlagStateUntilTimeout
                0x08004e30      0x110 ./Drivers/STM32F4xx_HAL_Drivers/stm32f4xx_hal_spi.o
 .text.SPI_EndRxTxTransaction
                0x08004f40       0xa8 ./Drivers/STM32F4xx_HAL_Drivers/stm32f4xx_hal_spi.o
 .text.HAL_TIM_PWM_Init
                0x08004fe8       0x9e ./Drivers/STM32F4xx_HAL_Drivers/stm32f4xx_hal_tim.o
                0x08004fe8                HAL_TIM_PWM_Init
 .text.HAL_TIM_PWM_DeInit
                0x08005086       0xa8 ./Drivers/STM32F4xx_HAL_Drivers/stm32f4xx_hal_tim.o
                0x08005086                HAL_TIM_PWM_DeInit
 *fill*         0x0800512e        0x2 
 .text.HAL_TIM_PWM_Start
                0x08005130      0x190 ./Drivers/STM32F4xx_HAL_Drivers/stm32f4xx_hal_tim.o
                0x08005130                HAL_TIM_PWM_Start
 .text.HAL_TIM_PWM_Stop
                0x080052c0       0xe0 ./Drivers/STM32F4xx_HAL_Drivers/stm32f4xx_hal_tim.o
                0x080052c0                HAL_TIM_PWM_Stop
 .text.HAL_TIM_PWM_ConfigChannel
                0x080053a0      0x184 ./Drivers/STM32F4xx_HAL_Drivers/stm32f4xx_hal_tim.o
                0x080053a0                HAL_TIM_PWM_ConfigChannel
 .text.TIM_Base_SetConfig
                0x08005524      0x158 ./Drivers/STM32F4xx_HAL_Drivers/stm32f4xx_hal_tim.o
                0x08005524                TIM_Base_SetConfig
 .text.TIM_OC1_SetConfig
                0x0800567c       0xe0 ./Drivers/STM32F4xx_HAL_Drivers/stm32f4xx_hal_tim.o
 .text.TIM_OC2_SetConfig
                0x0800575c       0xec ./Drivers/STM32F4xx_HAL_Drivers/stm32f4xx_hal_tim.o
                0x0800575c                TIM_OC2_SetConfig
 .text.TIM_OC3_SetConfig
                0x08005848       0xe8 ./Drivers/STM32F4xx_HAL_Drivers/stm32f4xx_hal_tim.o
 .text.TIM_OC4_SetConfig
                0x08005930       0xac ./Drivers/STM32F4xx_HAL_Drivers/stm32f4xx_hal_tim.o
 .text.TIM_CCxChannelCmd
                0x080059dc       0x4a ./Drivers/STM32F4xx_HAL_Drivers/stm32f4xx_hal_tim.o
                0x080059dc                TIM_CCxChannelCmd
 .text.USB_CoreInit
                0x08005a26       0xc8 ./Drivers/STM32F4xx_HAL_Drivers/stm32f4xx_ll_usb.o
                0x08005a26                USB_CoreInit
 *fill*         0x08005aee        0x2 
 .text.USB_SetTurnaroundTime
                0x08005af0      0x144 ./Drivers/STM32F4xx_HAL_Drivers/stm32f4xx_ll_usb.o
                0x08005af0                USB_SetTurnaroundTime
 .text.USB_EnableGlobalInt
                0x08005c34       0x22 ./Drivers/STM32F4xx_HAL_Drivers/stm32f4xx_ll_usb.o
                0x08005c34                USB_EnableGlobalInt
 .text.USB_DisableGlobalInt
                0x08005c56       0x22 ./Drivers/STM32F4xx_HAL_Drivers/stm32f4xx_ll_usb.o
                0x08005c56                USB_DisableGlobalInt
 .text.USB_SetCurrentMode
                0x08005c78       0x98 ./Drivers/STM32F4xx_HAL_Drivers/stm32f4xx_ll_usb.o
                0x08005c78                USB_SetCurrentMode
 .text.USB_DevInit
                0x08005d10      0x2c8 ./Drivers/STM32F4xx_HAL_Drivers/stm32f4xx_ll_usb.o
                0x08005d10                USB_DevInit
 .text.USB_FlushTxFifo
                0x08005fd8       0x64 ./Drivers/STM32F4xx_HAL_Drivers/stm32f4xx_ll_usb.o
                0x08005fd8                USB_FlushTxFifo
 .text.USB_FlushRxFifo
                0x0800603c       0x5c ./Drivers/STM32F4xx_HAL_Drivers/stm32f4xx_ll_usb.o
                0x0800603c                USB_FlushRxFifo
 .text.USB_SetDevSpeed
                0x08006098       0x32 ./Drivers/STM32F4xx_HAL_Drivers/stm32f4xx_ll_usb.o
                0x08006098                USB_SetDevSpeed
 .text.USB_GetDevSpeed
                0x080060ca       0x4a ./Drivers/STM32F4xx_HAL_Drivers/stm32f4xx_ll_usb.o
                0x080060ca                USB_GetDevSpeed
 .text.USB_ActivateEndpoint
                0x08006114      0x10e ./Drivers/STM32F4xx_HAL_Drivers/stm32f4xx_ll_usb.o
                0x08006114                USB_ActivateEndpoint
 *fill*         0x08006222        0x2 
 .text.USB_DeactivateEndpoint
                0x08006224      0x1b8 ./Drivers/STM32F4xx_HAL_Drivers/stm32f4xx_ll_usb.o
                0x08006224                USB_DeactivateEndpoint
 .text.USB_EPStartXfer
                0x080063dc      0x53c ./Drivers/STM32F4xx_HAL_Drivers/stm32f4xx_ll_usb.o
                0x080063dc                USB_EPStartXfer
 .text.USB_EPStopXfer
                0x08006918      0x154 ./Drivers/STM32F4xx_HAL_Drivers/stm32f4xx_ll_usb.o
                0x08006918                USB_EPStopXfer
 .text.USB_WritePacket
                0x08006a6c       0x7c ./Drivers/STM32F4xx_HAL_Drivers/stm32f4xx_ll_usb.o
                0x08006a6c                USB_WritePacket
 .text.USB_ReadPacket
                0x08006ae8       0xb0 ./Drivers/STM32F4xx_HAL_Drivers/stm32f4xx_ll_usb.o
                0x08006ae8                USB_ReadPacket
 .text.USB_EPSetStall
                0x08006b98       0xdc ./Drivers/STM32F4xx_HAL_Drivers/stm32f4xx_ll_usb.o
                0x08006b98                USB_EPSetStall
 .text.USB_EPClearStall
                0x08006c74       0xcc ./Drivers/STM32F4xx_HAL_Drivers/stm32f4xx_ll_usb.o
                0x08006c74                USB_EPClearStall
 .text.USB_StopDevice
                0x08006d40       0x9e ./Drivers/STM32F4xx_HAL_Drivers/stm32f4xx_ll_usb.o
                0x08006d40                USB_StopDevice
 .text.USB_SetDevAddress
                0x08006dde       0x4c ./Drivers/STM32F4xx_HAL_Drivers/stm32f4xx_ll_usb.o
                0x08006dde                USB_SetDevAddress
 .text.USB_DevConnect
                0x08006e2a       0x42 ./Drivers/STM32F4xx_HAL_Drivers/stm32f4xx_ll_usb.o
                0x08006e2a                USB_DevConnect
 .text.USB_DevDisconnect
                0x08006e6c       0x42 ./Drivers/STM32F4xx_HAL_Drivers/stm32f4xx_ll_usb.o
                0x08006e6c                USB_DevDisconnect
 .text.USB_ReadInterrupts
                0x08006eae       0x26 ./Drivers/STM32F4xx_HAL_Drivers/stm32f4xx_ll_usb.o
                0x08006eae                USB_ReadInterrupts
 .text.USB_ReadDevAllOutEpInterrupt
                0x08006ed4       0x34 ./Drivers/STM32F4xx_HAL_Drivers/stm32f4xx_ll_usb.o
                0x08006ed4                USB_ReadDevAllOutEpInterrupt
 .text.USB_ReadDevAllInEpInterrupt
                0x08006f08       0x34 ./Drivers/STM32F4xx_HAL_Drivers/stm32f4xx_ll_usb.o
                0x08006f08                USB_ReadDevAllInEpInterrupt
 .text.USB_ReadDevOutEPInterrupt
                0x08006f3c       0x3c ./Drivers/STM32F4xx_HAL_Drivers/stm32f4xx_ll_usb.o
                0x08006f3c                USB_ReadDevOutEPInterrupt
 .text.USB_ReadDevInEPInterrupt
                0x08006f78       0x5c ./Drivers/STM32F4xx_HAL_Drivers/stm32f4xx_ll_usb.o
                0x08006f78                USB_ReadDevInEPInterrupt
 .text.USB_GetMode
                0x08006fd4       0x1c ./Drivers/STM32F4xx_HAL_Drivers/stm32f4xx_ll_usb.o
                0x08006fd4                USB_GetMode
 .text.USB_ActivateSetup
                0x08006ff0       0x46 ./Drivers/STM32F4xx_HAL_Drivers/stm32f4xx_ll_usb.o
                0x08006ff0                USB_ActivateSetup
 *fill*         0x08007036        0x2 
 .text.USB_EP0_OutStart
                0x08007038       0xbc ./Drivers/STM32F4xx_HAL_Drivers/stm32f4xx_ll_usb.o
                0x08007038                USB_EP0_OutStart
 .text.USB_CoreReset
                0x080070f4       0x62 ./Drivers/STM32F4xx_HAL_Drivers/stm32f4xx_ll_usb.o
 *fill*         0x08007156        0x2 
 .text.USBD_HID_Init
                0x08007158       0xd0 ./Middlewares/STM32_USBD_Library/Class/HID/usbd_hid.o
 .text.USBD_HID_DeInit
                0x08007228       0x90 ./Middlewares/STM32_USBD_Library/Class/HID/usbd_hid.o
 .text.USBD_HID_Setup
                0x080072b8      0x210 ./Middlewares/STM32_USBD_Library/Class/HID/usbd_hid.o
 .text.USBD_HID_SendReport
                0x080074c8       0x60 ./Middlewares/STM32_USBD_Library/Class/HID/usbd_hid.o
                0x080074c8                USBD_HID_SendReport
 .text.USBD_HID_GetFSCfgDesc
                0x08007528       0x34 ./Middlewares/STM32_USBD_Library/Class/HID/usbd_hid.o
 .text.USBD_HID_GetHSCfgDesc
                0x0800755c       0x34 ./Middlewares/STM32_USBD_Library/Class/HID/usbd_hid.o
 .text.USBD_HID_GetOtherSpeedCfgDesc
                0x08007590       0x34 ./Middlewares/STM32_USBD_Library/Class/HID/usbd_hid.o
 .text.USBD_HID_DataIn
                0x080075c4       0x2c ./Middlewares/STM32_USBD_Library/Class/HID/usbd_hid.o
 .text.USBD_HID_GetDeviceQualifierDesc
                0x080075f0       0x20 ./Middlewares/STM32_USBD_Library/Class/HID/usbd_hid.o
 .text.USBD_Init
                0x08007610       0x60 ./Middlewares/STM32_USBD_Library/Core/usbd_core.o
                0x08007610                USBD_Init
 .text.USBD_DeInit
                0x08007670       0x60 ./Middlewares/STM32_USBD_Library/Core/usbd_core.o
                0x08007670                USBD_DeInit
 .text.USBD_RegisterClass
                0x080076d0       0x6c ./Middlewares/STM32_USBD_Library/Core/usbd_core.o
                0x080076d0                USBD_RegisterClass
 .text.USBD_Start
                0x0800773c       0x18 ./Middlewares/STM32_USBD_Library/Core/usbd_core.o
                0x0800773c                USBD_Start
 .text.USBD_Stop
                0x08007754       0x36 ./Middlewares/STM32_USBD_Library/Core/usbd_core.o
                0x08007754                USBD_Stop
 .text.USBD_RunTestMode
                0x0800778a       0x16 ./Middlewares/STM32_USBD_Library/Core/usbd_core.o
                0x0800778a                USBD_RunTestMode
 .text.USBD_SetClassConfig
                0x080077a0       0x38 ./Middlewares/STM32_USBD_Library/Core/usbd_core.o
                0x080077a0                USBD_SetClassConfig
 .text.USBD_ClrClassConfig
                0x080077d8       0x34 ./Middlewares/STM32_USBD_Library/Core/usbd_core.o
                0x080077d8                USBD_ClrClassConfig
 .text.USBD_LL_SetupStage
                0x0800780c       0xaa ./Middlewares/STM32_USBD_Library/Core/usbd_core.o
                0x0800780c                USBD_LL_SetupStage
 .text.USBD_LL_DataOutStage
                0x080078b6      0x166 ./Middlewares/STM32_USBD_Library/Core/usbd_core.o
                0x080078b6                USBD_LL_DataOutStage
 .text.USBD_LL_DataInStage
                0x08007a1c      0x164 ./Middlewares/STM32_USBD_Library/Core/usbd_core.o
                0x08007a1c                USBD_LL_DataInStage
 .text.USBD_LL_Reset
                0x08007b80       0xa4 ./Middlewares/STM32_USBD_Library/Core/usbd_core.o
                0x08007b80                USBD_LL_Reset
 .text.USBD_LL_SetSpeed
                0x08007c24       0x20 ./Middlewares/STM32_USBD_Library/Core/usbd_core.o
                0x08007c24                USBD_LL_SetSpeed
 .text.USBD_LL_Suspend
                0x08007c44       0x38 ./Middlewares/STM32_USBD_Library/Core/usbd_core.o
                0x08007c44                USBD_LL_Suspend
 .text.USBD_LL_Resume
                0x08007c7c       0x30 ./Middlewares/STM32_USBD_Library/Core/usbd_core.o
                0x08007c7c                USBD_LL_Resume
 .text.USBD_LL_SOF
                0x08007cac       0x40 ./Middlewares/STM32_USBD_Library/Core/usbd_core.o
                0x08007cac                USBD_LL_SOF
 .text.USBD_LL_IsoINIncomplete
                0x08007cec       0x64 ./Middlewares/STM32_USBD_Library/Core/usbd_core.o
                0x08007cec                USBD_LL_IsoINIncomplete
 .text.USBD_LL_IsoOUTIncomplete
                0x08007d50       0x64 ./Middlewares/STM32_USBD_Library/Core/usbd_core.o
                0x08007d50                USBD_LL_IsoOUTIncomplete
 .text.USBD_LL_DevConnected
                0x08007db4       0x16 ./Middlewares/STM32_USBD_Library/Core/usbd_core.o
                0x08007db4                USBD_LL_DevConnected
 .text.USBD_LL_DevDisconnected
                0x08007dca       0x46 ./Middlewares/STM32_USBD_Library/Core/usbd_core.o
                0x08007dca                USBD_LL_DevDisconnected
 .text.USBD_CoreFindIF
                0x08007e10       0x1a ./Middlewares/STM32_USBD_Library/Core/usbd_core.o
                0x08007e10                USBD_CoreFindIF
 .text.USBD_CoreFindEP
                0x08007e2a       0x1a ./Middlewares/STM32_USBD_Library/Core/usbd_core.o
                0x08007e2a                USBD_CoreFindEP
 .text.USBD_GetEpDesc
                0x08007e44       0x70 ./Middlewares/STM32_USBD_Library/Core/usbd_core.o
                0x08007e44                USBD_GetEpDesc
 .text.USBD_GetNextDesc
                0x08007eb4       0x38 ./Middlewares/STM32_USBD_Library/Core/usbd_core.o
                0x08007eb4                USBD_GetNextDesc
 .text.SWAPBYTE
                0x08007eec       0x3e ./Middlewares/STM32_USBD_Library/Core/usbd_ctlreq.o
 *fill*         0x08007f2a        0x2 
 .text.USBD_StdDevReq
                0x08007f2c       0xe4 ./Middlewares/STM32_USBD_Library/Core/usbd_ctlreq.o
                0x08007f2c                USBD_StdDevReq
 .text.USBD_StdItfReq
                0x08008010       0xd8 ./Middlewares/STM32_USBD_Library/Core/usbd_ctlreq.o
                0x08008010                USBD_StdItfReq
 .text.USBD_StdEPReq
                0x080080e8      0x33a ./Middlewares/STM32_USBD_Library/Core/usbd_ctlreq.o
                0x080080e8                USBD_StdEPReq
 *fill*         0x08008422        0x2 
 .text.USBD_GetDescriptor
                0x08008424      0x2d4 ./Middlewares/STM32_USBD_Library/Core/usbd_ctlreq.o
 .text.USBD_SetAddress
                0x080086f8       0x88 ./Middlewares/STM32_USBD_Library/Core/usbd_ctlreq.o
 .text.USBD_SetConfig
                0x08008780      0x154 ./Middlewares/STM32_USBD_Library/Core/usbd_ctlreq.o
 .text.USBD_GetConfig
                0x080088d4       0x6c ./Middlewares/STM32_USBD_Library/Core/usbd_ctlreq.o
 .text.USBD_GetStatus
                0x08008940       0x68 ./Middlewares/STM32_USBD_Library/Core/usbd_ctlreq.o
 .text.USBD_SetFeature
                0x080089a8       0x52 ./Middlewares/STM32_USBD_Library/Core/usbd_ctlreq.o
 .text.USBD_ClrFeature
                0x080089fa       0x44 ./Middlewares/STM32_USBD_Library/Core/usbd_ctlreq.o
 .text.USBD_ParseSetupRequest
                0x08008a3e       0x74 ./Middlewares/STM32_USBD_Library/Core/usbd_ctlreq.o
                0x08008a3e                USBD_ParseSetupRequest
 .text.USBD_CtlError
                0x08008ab2       0x22 ./Middlewares/STM32_USBD_Library/Core/usbd_ctlreq.o
                0x08008ab2                USBD_CtlError
 .text.USBD_GetString
                0x08008ad4       0xa4 ./Middlewares/STM32_USBD_Library/Core/usbd_ctlreq.o
                0x08008ad4                USBD_GetString
 .text.USBD_GetLen
                0x08008b78       0x34 ./Middlewares/STM32_USBD_Library/Core/usbd_ctlreq.o
 .text.USBD_CtlSendData
                0x08008bac       0x36 ./Middlewares/STM32_USBD_Library/Core/usbd_ioreq.o
                0x08008bac                USBD_CtlSendData
 .text.USBD_CtlContinueSendData
                0x08008be2       0x22 ./Middlewares/STM32_USBD_Library/Core/usbd_ioreq.o
                0x08008be2                USBD_CtlContinueSendData
 .text.USBD_CtlContinueRx
                0x08008c04       0x22 ./Middlewares/STM32_USBD_Library/Core/usbd_ioreq.o
                0x08008c04                USBD_CtlContinueRx
 .text.USBD_CtlSendStatus
                0x08008c26       0x26 ./Middlewares/STM32_USBD_Library/Core/usbd_ioreq.o
                0x08008c26                USBD_CtlSendStatus
 .text.USBD_CtlReceiveStatus
                0x08008c4c       0x26 ./Middlewares/STM32_USBD_Library/Core/usbd_ioreq.o
                0x08008c4c                USBD_CtlReceiveStatus
 *fill*         0x08008c72        0x2 
 .text.malloc   0x08008c74       0x10 /Applications/STM32CubeIDE.app/Contents/Eclipse/plugins/com.st.stm32cube.ide.mcu.externaltools.gnu-tools-for-stm32.13.3.rel1.macos64_1.0.0.202411102158/tools/bin/../lib/gcc/arm-none-eabi/13.3.1/../../../../arm-none-eabi/lib/thumb/v7e-m+fp/hard/libc_nano.a(libc_a-malloc.o)
                0x08008c74                malloc
 .text.free     0x08008c84       0x10 /Applications/STM32CubeIDE.app/Contents/Eclipse/plugins/com.st.stm32cube.ide.mcu.externaltools.gnu-tools-for-stm32.13.3.rel1.macos64_1.0.0.202411102158/tools/bin/../lib/gcc/arm-none-eabi/13.3.1/../../../../arm-none-eabi/lib/thumb/v7e-m+fp/hard/libc_nano.a(libc_a-malloc.o)
                0x08008c84                free
 .text.sbrk_aligned
                0x08008c94       0x44 /Applications/STM32CubeIDE.app/Contents/Eclipse/plugins/com.st.stm32cube.ide.mcu.externaltools.gnu-tools-for-stm32.13.3.rel1.macos64_1.0.0.202411102158/tools/bin/../lib/gcc/arm-none-eabi/13.3.1/../../../../arm-none-eabi/lib/thumb/v7e-m+fp/hard/libc_nano.a(libc_a-mallocr.o)
 .text._malloc_r
                0x08008cd8      0x100 /Applications/STM32CubeIDE.app/Contents/Eclipse/plugins/com.st.stm32cube.ide.mcu.externaltools.gnu-tools-for-stm32.13.3.rel1.macos64_1.0.0.202411102158/tools/bin/../lib/gcc/arm-none-eabi/13.3.1/../../../../arm-none-eabi/lib/thumb/v7e-m+fp/hard/libc_nano.a(libc_a-mallocr.o)
                0x08008cd8                _malloc_r
 .text.__malloc_lock
                0x08008dd8        0xc /Applications/STM32CubeIDE.app/Contents/Eclipse/plugins/com.st.stm32cube.ide.mcu.externaltools.gnu-tools-for-stm32.13.3.rel1.macos64_1.0.0.202411102158/tools/bin/../lib/gcc/arm-none-eabi/13.3.1/../../../../arm-none-eabi/lib/thumb/v7e-m+fp/hard/libc_nano.a(libc_a-mlock.o)
                0x08008dd8                __malloc_lock
 .text.__malloc_unlock
                0x08008de4        0xc /Applications/STM32CubeIDE.app/Contents/Eclipse/plugins/com.st.stm32cube.ide.mcu.externaltools.gnu-tools-for-stm32.13.3.rel1.macos64_1.0.0.202411102158/tools/bin/../lib/gcc/arm-none-eabi/13.3.1/../../../../arm-none-eabi/lib/thumb/v7e-m+fp/hard/libc_nano.a(libc_a-mlock.o)
                0x08008de4                __malloc_unlock
 .text._sbrk_r  0x08008df0       0x20 /Applications/STM32CubeIDE.app/Contents/Eclipse/plugins/com.st.stm32cube.ide.mcu.externaltools.gnu-tools-for-stm32.13.3.rel1.macos64_1.0.0.202411102158/tools/bin/../lib/gcc/arm-none-eabi/13.3.1/../../../../arm-none-eabi/lib/thumb/v7e-m+fp/hard/libc_nano.a(libc_a-sbrkr.o)
                0x08008df0                _sbrk_r
 .text.__errno  0x08008e10        0xc /Applications/STM32CubeIDE.app/Contents/Eclipse/plugins/com.st.stm32cube.ide.mcu.externaltools.gnu-tools-for-stm32.13.3.rel1.macos64_1.0.0.202411102158/tools/bin/../lib/gcc/arm-none-eabi/13.3.1/../../../../arm-none-eabi/lib/thumb/v7e-m+fp/hard/libc_nano.a(libc_a-errno.o)
                0x08008e10                __errno
 .text.__libc_init_array
                0x08008e1c       0x48 /Applications/STM32CubeIDE.app/Contents/Eclipse/plugins/com.st.stm32cube.ide.mcu.externaltools.gnu-tools-for-stm32.13.3.rel1.macos64_1.0.0.202411102158/tools/bin/../lib/gcc/arm-none-eabi/13.3.1/../../../../arm-none-eabi/lib/thumb/v7e-m+fp/hard/libc_nano.a(libc_a-init.o)
                0x08008e1c                __libc_init_array
 .text.__retarget_lock_acquire_recursive
                0x08008e64        0x2 /Applications/STM32CubeIDE.app/Contents/Eclipse/plugins/com.st.stm32cube.ide.mcu.externaltools.gnu-tools-for-stm32.13.3.rel1.macos64_1.0.0.202411102158/tools/bin/../lib/gcc/arm-none-eabi/13.3.1/../../../../arm-none-eabi/lib/thumb/v7e-m+fp/hard/libc_nano.a(libc_a-lock.o)
                0x08008e64                __retarget_lock_acquire_recursive
 .text.__retarget_lock_release_recursive
                0x08008e66        0x2 /Applications/STM32CubeIDE.app/Contents/Eclipse/plugins/com.st.stm32cube.ide.mcu.externaltools.gnu-tools-for-stm32.13.3.rel1.macos64_1.0.0.202411102158/tools/bin/../lib/gcc/arm-none-eabi/13.3.1/../../../../arm-none-eabi/lib/thumb/v7e-m+fp/hard/libc_nano.a(libc_a-lock.o)
                0x08008e66                __retarget_lock_release_recursive
 .text._free_r  0x08008e68       0x94 /Applications/STM32CubeIDE.app/Contents/Eclipse/plugins/com.st.stm32cube.ide.mcu.externaltools.gnu-tools-for-stm32.13.3.rel1.macos64_1.0.0.202411102158/tools/bin/../lib/gcc/arm-none-eabi/13.3.1/../../../../arm-none-eabi/lib/thumb/v7e-m+fp/hard/libc_nano.a(libc_a-freer.o)
                0x08008e68                _free_r
 *(.glue_7)
 .glue_7        0x08008efc        0x0 linker stubs
 *(.glue_7t)
 .glue_7t       0x08008efc        0x0 linker stubs
 *(.eh_frame)
 .eh_frame      0x08008efc        0x0 /Applications/STM32CubeIDE.app/Contents/Eclipse/plugins/com.st.stm32cube.ide.mcu.externaltools.gnu-tools-for-stm32.13.3.rel1.macos64_1.0.0.202411102158/tools/bin/../lib/gcc/arm-none-eabi/13.3.1/thumb/v7e-m+fp/hard/crtbegin.o
 *(.init)
 .init          0x08008efc        0x4 /Applications/STM32CubeIDE.app/Contents/Eclipse/plugins/com.st.stm32cube.ide.mcu.externaltools.gnu-tools-for-stm32.13.3.rel1.macos64_1.0.0.202411102158/tools/bin/../lib/gcc/arm-none-eabi/13.3.1/thumb/v7e-m+fp/hard/crti.o
                0x08008efc                _init
 .init          0x08008f00        0x8 /Applications/STM32CubeIDE.app/Contents/Eclipse/plugins/com.st.stm32cube.ide.mcu.externaltools.gnu-tools-for-stm32.13.3.rel1.macos64_1.0.0.202411102158/tools/bin/../lib/gcc/arm-none-eabi/13.3.1/thumb/v7e-m+fp/hard/crtn.o
 *(.fini)
 .fini          0x08008f08        0x4 /Applications/STM32CubeIDE.app/Contents/Eclipse/plugins/com.st.stm32cube.ide.mcu.externaltools.gnu-tools-for-stm32.13.3.rel1.macos64_1.0.0.202411102158/tools/bin/../lib/gcc/arm-none-eabi/13.3.1/thumb/v7e-m+fp/hard/crti.o
                0x08008f08                _fini
 .fini          0x08008f0c        0x8 /Applications/STM32CubeIDE.app/Contents/Eclipse/plugins/com.st.stm32cube.ide.mcu.externaltools.gnu-tools-for-stm32.13.3.rel1.macos64_1.0.0.202411102158/tools/bin/../lib/gcc/arm-none-eabi/13.3.1/thumb/v7e-m+fp/hard/crtn.o
                0x08008f14                        . = ALIGN (0x4)
                0x08008f14                        _etext = .

.vfp11_veneer   0x08008f14        0x0
 .vfp11_veneer  0x08008f14        0x0 linker stubs

.v4_bx          0x08008f14        0x0
 .v4_bx         0x08008f14        0x0 linker stubs

.iplt           0x08008f14        0x0
 .iplt          0x08008f14        0x0 /Applications/STM32CubeIDE.app/Contents/Eclipse/plugins/com.st.stm32cube.ide.mcu.externaltools.gnu-tools-for-stm32.13.3.rel1.macos64_1.0.0.202411102158/tools/bin/../lib/gcc/arm-none-eabi/13.3.1/thumb/v7e-m+fp/hard/crtbegin.o

.rodata         0x08008f14       0x98
                0x08008f14                        . = ALIGN (0x4)
 *(.rodata)
 .rodata        0x08008f14       0x7e ./Application/User/usbd_desc.o
 *(.rodata*)
 *fill*         0x08008f92        0x2 
 .rodata.GPIO_PIN
                0x08008f94        0x8 ./Drivers/BSP/STM32F4_DISCO/stm32f4_discovery.o
                0x08008f94                GPIO_PIN
 .rodata.AHBPrescTable
                0x08008f9c       0x10 ./Drivers/CMSIS/system_stm32f4xx.o
                0x08008f9c                AHBPrescTable
                0x08008fac                        . = ALIGN (0x4)

.ARM.extab      0x08008fac        0x0
                0x08008fac                        . = ALIGN (0x4)
 *(.ARM.extab* .gnu.linkonce.armextab.*)
                0x08008fac                        . = ALIGN (0x4)

.ARM            0x08008fac        0x8
                0x08008fac                        . = ALIGN (0x4)
                0x08008fac                        __exidx_start = .
 *(.ARM.exidx*)
 .ARM.exidx     0x08008fac        0x8 /Applications/STM32CubeIDE.app/Contents/Eclipse/plugins/com.st.stm32cube.ide.mcu.externaltools.gnu-tools-for-stm32.13.3.rel1.macos64_1.0.0.202411102158/tools/bin/../lib/gcc/arm-none-eabi/13.3.1/thumb/v7e-m+fp/hard/libgcc.a(_udivmoddi4.o)
                0x08008fb4                        __exidx_end = .
                0x08008fb4                        . = ALIGN (0x4)

.preinit_array  0x08008fb4        0x0
                0x08008fb4                        . = ALIGN (0x4)
                0x08008fb4                        PROVIDE (__preinit_array_start = .)
 *(.preinit_array*)
                0x08008fb4                        PROVIDE (__preinit_array_end = .)
                0x08008fb4                        . = ALIGN (0x4)

.init_array     0x08008fb4        0x4
                0x08008fb4                        . = ALIGN (0x4)
                0x08008fb4                        PROVIDE (__init_array_start = .)
 *(SORT_BY_NAME(.init_array.*))
 *(.init_array*)
 .init_array    0x08008fb4        0x4 /Applications/STM32CubeIDE.app/Contents/Eclipse/plugins/com.st.stm32cube.ide.mcu.externaltools.gnu-tools-for-stm32.13.3.rel1.macos64_1.0.0.202411102158/tools/bin/../lib/gcc/arm-none-eabi/13.3.1/thumb/v7e-m+fp/hard/crtbegin.o
                0x08008fb8                        PROVIDE (__init_array_end = .)
                0x08008fb8                        . = ALIGN (0x4)

.fini_array     0x08008fb8        0x4
                0x08008fb8                        . = ALIGN (0x4)
                [!provide]                        PROVIDE (__fini_array_start = .)
 *(SORT_BY_NAME(.fini_array.*))
 *(.fini_array*)
 .fini_array    0x08008fb8        0x4 /Applications/STM32CubeIDE.app/Contents/Eclipse/plugins/com.st.stm32cube.ide.mcu.externaltools.gnu-tools-for-stm32.13.3.rel1.macos64_1.0.0.202411102158/tools/bin/../lib/gcc/arm-none-eabi/13.3.1/thumb/v7e-m+fp/hard/crtbegin.o
                [!provide]                        PROVIDE (__fini_array_end = .)
                0x08008fbc                        . = ALIGN (0x4)
                0x08008fbc                        _sidata = LOADADDR (.data)

.rel.dyn        0x08008fbc        0x0
 .rel.iplt      0x08008fbc        0x0 /Applications/STM32CubeIDE.app/Contents/Eclipse/plugins/com.st.stm32cube.ide.mcu.externaltools.gnu-tools-for-stm32.13.3.rel1.macos64_1.0.0.202411102158/tools/bin/../lib/gcc/arm-none-eabi/13.3.1/thumb/v7e-m+fp/hard/crtbegin.o

.data           0x20000000      0x1d4 load address 0x08008fbc
                0x20000000                        . = ALIGN (0x4)
                0x20000000                        _sdata = .
 *(.data)
 *(.data*)
 .data.ThreadholdAcceleroLow
                0x20000000        0x2 ./Application/User/main.o
 .data.ThreadholdAcceleroHigh
                0x20000002        0x2 ./Application/User/main.o
 .data.HID_Desc
                0x20000004       0x1c ./Application/User/usbd_desc.o
                0x20000004                HID_Desc
 .data.hUSBDDeviceDesc
                0x20000020       0x12 ./Application/User/usbd_desc.o
                0x20000020                hUSBDDeviceDesc
 *fill*         0x20000032        0x2 
 .data.USBD_LangIDDesc
                0x20000034        0x4 ./Application/User/usbd_desc.o
                0x20000034                USBD_LangIDDesc
 .data.Lis302dlDrv
                0x20000038       0x34 ./Drivers/BSP/Components/lis302dl.o
                0x20000038                Lis302dlDrv
 .data.Lis3dshDrv
                0x2000006c       0x34 ./Drivers/BSP/Components/lis3dsh.o
                0x2000006c                Lis3dshDrv
 .data.GPIO_PORT
                0x200000a0       0x10 ./Drivers/BSP/STM32F4_DISCO/stm32f4_discovery.o
                0x200000a0                GPIO_PORT
 .data.BUTTON_PORT
                0x200000b0        0x4 ./Drivers/BSP/STM32F4_DISCO/stm32f4_discovery.o
                0x200000b0                BUTTON_PORT
 .data.SpixTimeout
                0x200000b4        0x4 ./Drivers/BSP/STM32F4_DISCO/stm32f4_discovery.o
                0x200000b4                SpixTimeout
 .data.SystemCoreClock
                0x200000b8        0x4 ./Drivers/CMSIS/system_stm32f4xx.o
                0x200000b8                SystemCoreClock
 .data.uwTickPrio
                0x200000bc        0x4 ./Drivers/STM32F4xx_HAL_Drivers/stm32f4xx_hal.o
                0x200000bc                uwTickPrio
 .data.uwTickFreq
                0x200000c0        0x1 ./Drivers/STM32F4xx_HAL_Drivers/stm32f4xx_hal.o
                0x200000c0                uwTickFreq
 *fill*         0x200000c1        0x3 
 .data.USBD_HID
                0x200000c4       0x38 ./Middlewares/STM32_USBD_Library/Class/HID/usbd_hid.o
                0x200000c4                USBD_HID
 .data.USBD_HID_CfgDesc
                0x200000fc       0x22 ./Middlewares/STM32_USBD_Library/Class/HID/usbd_hid.o
 *fill*         0x2000011e        0x2 
 .data.USBD_HID_Desc
                0x20000120        0x9 ./Middlewares/STM32_USBD_Library/Class/HID/usbd_hid.o
 *fill*         0x20000129        0x3 
 .data.USBD_HID_DeviceQualifierDesc
                0x2000012c        0xa ./Middlewares/STM32_USBD_Library/Class/HID/usbd_hid.o
 *fill*         0x20000136        0x2 
 .data.HID_MOUSE_ReportDesc
                0x20000138       0x4a ./Middlewares/STM32_USBD_Library/Class/HID/usbd_hid.o
 .data.HIDInEpAdd
                0x20000182        0x1 ./Middlewares/STM32_USBD_Library/Class/HID/usbd_hid.o
 *fill*         0x20000183        0x1 
 .data._impure_ptr
                0x20000184        0x4 /Applications/STM32CubeIDE.app/Contents/Eclipse/plugins/com.st.stm32cube.ide.mcu.externaltools.gnu-tools-for-stm32.13.3.rel1.macos64_1.0.0.202411102158/tools/bin/../lib/gcc/arm-none-eabi/13.3.1/../../../../arm-none-eabi/lib/thumb/v7e-m+fp/hard/libc_nano.a(libc_a-impure.o)
                0x20000184                _impure_ptr
 .data._impure_data
                0x20000188       0x4c /Applications/STM32CubeIDE.app/Contents/Eclipse/plugins/com.st.stm32cube.ide.mcu.externaltools.gnu-tools-for-stm32.13.3.rel1.macos64_1.0.0.202411102158/tools/bin/../lib/gcc/arm-none-eabi/13.3.1/../../../../arm-none-eabi/lib/thumb/v7e-m+fp/hard/libc_nano.a(libc_a-impure.o)
                0x20000188                _impure_data
 *(.RamFunc)
 *(.RamFunc*)
                0x200001d4                        . = ALIGN (0x4)
                0x200001d4                        _edata = .
                0x08009190                        _siccmram = LOADADDR (.ccmram)

.igot.plt       0x200001d4        0x0 load address 0x08009190
 .igot.plt      0x200001d4        0x0 /Applications/STM32CubeIDE.app/Contents/Eclipse/plugins/com.st.stm32cube.ide.mcu.externaltools.gnu-tools-for-stm32.13.3.rel1.macos64_1.0.0.202411102158/tools/bin/../lib/gcc/arm-none-eabi/13.3.1/thumb/v7e-m+fp/hard/crtbegin.o

.ccmram         0x10000000        0x0 load address 0x08009190
                0x10000000                        . = ALIGN (0x4)
                0x10000000                        _sccmram = .
 *(.ccmram)
 *(.ccmram*)
                0x10000000                        . = ALIGN (0x4)
                0x10000000                        _eccmram = .
                0x10000000                        . = ALIGN (0x4)

.bss            0x200001d4      0xb0c
                0x200001d4                        _sbss = .
                0x200001d4                        __bss_start__ = _sbss
 *(.bss)
 .bss           0x200001d4       0x1c /Applications/STM32CubeIDE.app/Contents/Eclipse/plugins/com.st.stm32cube.ide.mcu.externaltools.gnu-tools-for-stm32.13.3.rel1.macos64_1.0.0.202411102158/tools/bin/../lib/gcc/arm-none-eabi/13.3.1/thumb/v7e-m+fp/hard/crtbegin.o
 *(.bss*)
 .bss.UserButtonPressed
                0x200001f0        0x1 ./Application/User/main.o
                0x200001f0                UserButtonPressed
 .bss.DemoEnterCondition
                0x200001f1        0x1 ./Application/User/main.o
                0x200001f1                DemoEnterCondition
 .bss.X_Offset  0x200001f2        0x2 ./Application/User/main.o
                0x200001f2                X_Offset
 .bss.Y_Offset  0x200001f4        0x2 ./Application/User/main.o
                0x200001f4                Y_Offset
 *fill*         0x200001f6        0x2 
 .bss.Buffer    0x200001f8        0x6 ./Application/User/main.o
                0x200001f8                Buffer
 *fill*         0x200001fe        0x2 
 .bss.hUSBDDevice
                0x20000200      0x2dc ./Application/User/main.o
                0x20000200                hUSBDDevice
 .bss.PrescalerValue
                0x200004dc        0x2 ./Application/User/main.o
                0x200004dc                PrescalerValue
 *fill*         0x200004de        0x2 
 .bss.htim4     0x200004e0       0x48 ./Application/User/main.o
                0x200004e0                htim4
 .bss.sConfigTim4
                0x20000528       0x1c ./Application/User/main.o
                0x20000528                sConfigTim4
 .bss.Counter   0x20000544        0x1 ./Application/User/main.o
                0x20000544                Counter
 *fill*         0x20000545        0x1 
 .bss.MaxAcceleration
                0x20000546        0x2 ./Application/User/main.o
                0x20000546                MaxAcceleration
 .bss.HID_Buffer.0
                0x20000548        0x4 ./Application/User/main.o
 .bss.__sbrk_heap_end
                0x2000054c        0x4 ./Application/User/sysmem.o
 .bss.hpcd      0x20000550      0x4e4 ./Application/User/usbd_conf.o
                0x20000550                hpcd
 .bss.USBD_StrDesc
                0x20000a34      0x100 ./Application/User/usbd_desc.o
                0x20000a34                USBD_StrDesc
 .bss.SpiHandle
                0x20000b34       0x58 ./Drivers/BSP/STM32F4_DISCO/stm32f4_discovery.o
 .bss.AcceleroDrv
                0x20000b8c        0x4 ./Drivers/BSP/STM32F4_DISCO/stm32f4_discovery_accelerometer.o
 .bss.uwTick    0x20000b90        0x4 ./Drivers/STM32F4xx_HAL_Drivers/stm32f4xx_hal.o
                0x20000b90                uwTick
 .bss.cfgidx.0  0x20000b94        0x1 ./Middlewares/STM32_USBD_Library/Core/usbd_ctlreq.o
 *fill*         0x20000b95        0x3 
 .bss.__malloc_sbrk_start
                0x20000b98        0x4 /Applications/STM32CubeIDE.app/Contents/Eclipse/plugins/com.st.stm32cube.ide.mcu.externaltools.gnu-tools-for-stm32.13.3.rel1.macos64_1.0.0.202411102158/tools/bin/../lib/gcc/arm-none-eabi/13.3.1/../../../../arm-none-eabi/lib/thumb/v7e-m+fp/hard/libc_nano.a(libc_a-mallocr.o)
                0x20000b98                __malloc_sbrk_start
 .bss.__malloc_free_list
                0x20000b9c        0x4 /Applications/STM32CubeIDE.app/Contents/Eclipse/plugins/com.st.stm32cube.ide.mcu.externaltools.gnu-tools-for-stm32.13.3.rel1.macos64_1.0.0.202411102158/tools/bin/../lib/gcc/arm-none-eabi/13.3.1/../../../../arm-none-eabi/lib/thumb/v7e-m+fp/hard/libc_nano.a(libc_a-mallocr.o)
                0x20000b9c                __malloc_free_list
 .bss.__sf      0x20000ba0      0x138 /Applications/STM32CubeIDE.app/Contents/Eclipse/plugins/com.st.stm32cube.ide.mcu.externaltools.gnu-tools-for-stm32.13.3.rel1.macos64_1.0.0.202411102158/tools/bin/../lib/gcc/arm-none-eabi/13.3.1/../../../../arm-none-eabi/lib/thumb/v7e-m+fp/hard/libc_nano.a(libc_a-findfp.o)
                0x20000ba0                __sf
 .bss.__lock___malloc_recursive_mutex
                0x20000cd8        0x1 /Applications/STM32CubeIDE.app/Contents/Eclipse/plugins/com.st.stm32cube.ide.mcu.externaltools.gnu-tools-for-stm32.13.3.rel1.macos64_1.0.0.202411102158/tools/bin/../lib/gcc/arm-none-eabi/13.3.1/../../../../arm-none-eabi/lib/thumb/v7e-m+fp/hard/libc_nano.a(libc_a-lock.o)
                0x20000cd8                __lock___malloc_recursive_mutex
 *fill*         0x20000cd9        0x3 
 .bss.errno     0x20000cdc        0x4 /Applications/STM32CubeIDE.app/Contents/Eclipse/plugins/com.st.stm32cube.ide.mcu.externaltools.gnu-tools-for-stm32.13.3.rel1.macos64_1.0.0.202411102158/tools/bin/../lib/gcc/arm-none-eabi/13.3.1/../../../../arm-none-eabi/lib/thumb/v7e-m+fp/hard/libc_nano.a(libc_a-reent.o)
                0x20000cdc                errno
 *(COMMON)
                0x20000ce0                        . = ALIGN (0x4)
                0x20000ce0                        _ebss = .
                0x20000ce0                        __bss_end__ = _ebss

._user_heap_stack
                0x20000ce0      0x600
                0x20000ce0                        . = ALIGN (0x8)
                [!provide]                        PROVIDE (end = .)
                0x20000ce0                        PROVIDE (_end = .)
                0x20000ee0                        . = (. + _Min_Heap_Size)
 *fill*         0x20000ce0      0x200 
                0x200012e0                        . = (. + _Min_Stack_Size)
 *fill*         0x20000ee0      0x400 
                0x200012e0                        . = ALIGN (0x8)

/DISCARD/
 libc.a(*)
 libm.a(*)
 libgcc.a(*)

.ARM.attributes
                0x00000000       0x30
 *(.ARM.attributes)
 .ARM.attributes
                0x00000000       0x22 /Applications/STM32CubeIDE.app/Contents/Eclipse/plugins/com.st.stm32cube.ide.mcu.externaltools.gnu-tools-for-stm32.13.3.rel1.macos64_1.0.0.202411102158/tools/bin/../lib/gcc/arm-none-eabi/13.3.1/thumb/v7e-m+fp/hard/crti.o
 .ARM.attributes
                0x00000022       0x34 /Applications/STM32CubeIDE.app/Contents/Eclipse/plugins/com.st.stm32cube.ide.mcu.externaltools.gnu-tools-for-stm32.13.3.rel1.macos64_1.0.0.202411102158/tools/bin/../lib/gcc/arm-none-eabi/13.3.1/thumb/v7e-m+fp/hard/crtbegin.o
 .ARM.attributes
                0x00000056       0x21 ./Application/Startup/startup_stm32f407vgtx.o
 .ARM.attributes
                0x00000077       0x34 ./Application/User/main.o
 .ARM.attributes
                0x000000ab       0x34 ./Application/User/stm32f4xx_hal_msp.o
 .ARM.attributes
                0x000000df       0x34 ./Application/User/stm32f4xx_it.o
 .ARM.attributes
                0x00000113       0x34 ./Application/User/sysmem.o
 .ARM.attributes
                0x00000147       0x34 ./Application/User/usbd_conf.o
 .ARM.attributes
                0x0000017b       0x34 ./Application/User/usbd_desc.o
 .ARM.attributes
                0x000001af       0x34 ./Drivers/BSP/Components/lis302dl.o
 .ARM.attributes
                0x000001e3       0x34 ./Drivers/BSP/Components/lis3dsh.o
 .ARM.attributes
                0x00000217       0x34 ./Drivers/BSP/STM32F4_DISCO/stm32f4_discovery.o
 .ARM.attributes
                0x0000024b       0x34 ./Drivers/BSP/STM32F4_DISCO/stm32f4_discovery_accelerometer.o
 .ARM.attributes
                0x0000027f       0x34 ./Drivers/CMSIS/system_stm32f4xx.o
 .ARM.attributes
                0x000002b3       0x34 ./Drivers/STM32F4xx_HAL_Drivers/stm32f4xx_hal.o
 .ARM.attributes
                0x000002e7       0x34 ./Drivers/STM32F4xx_HAL_Drivers/stm32f4xx_hal_cortex.o
 .ARM.attributes
                0x0000031b       0x34 ./Drivers/STM32F4xx_HAL_Drivers/stm32f4xx_hal_gpio.o
 .ARM.attributes
                0x0000034f       0x34 ./Drivers/STM32F4xx_HAL_Drivers/stm32f4xx_hal_pcd.o
 .ARM.attributes
                0x00000383       0x34 ./Drivers/STM32F4xx_HAL_Drivers/stm32f4xx_hal_pcd_ex.o
 .ARM.attributes
                0x000003b7       0x34 ./Drivers/STM32F4xx_HAL_Drivers/stm32f4xx_hal_rcc.o
 .ARM.attributes
                0x000003eb       0x34 ./Drivers/STM32F4xx_HAL_Drivers/stm32f4xx_hal_spi.o
 .ARM.attributes
                0x0000041f       0x34 ./Drivers/STM32F4xx_HAL_Drivers/stm32f4xx_hal_tim.o
 .ARM.attributes
                0x00000453       0x34 ./Drivers/STM32F4xx_HAL_Drivers/stm32f4xx_ll_usb.o
 .ARM.attributes
                0x00000487       0x34 ./Middlewares/STM32_USBD_Library/Class/HID/usbd_hid.o
 .ARM.attributes
                0x000004bb       0x34 ./Middlewares/STM32_USBD_Library/Core/usbd_core.o
 .ARM.attributes
                0x000004ef       0x34 ./Middlewares/STM32_USBD_Library/Core/usbd_ctlreq.o
 .ARM.attributes
                0x00000523       0x34 ./Middlewares/STM32_USBD_Library/Core/usbd_ioreq.o
 .ARM.attributes
                0x00000557       0x34 /Applications/STM32CubeIDE.app/Contents/Eclipse/plugins/com.st.stm32cube.ide.mcu.externaltools.gnu-tools-for-stm32.13.3.rel1.macos64_1.0.0.202411102158/tools/bin/../lib/gcc/arm-none-eabi/13.3.1/../../../../arm-none-eabi/lib/thumb/v7e-m+fp/hard/libc_nano.a(libc_a-malloc.o)
 .ARM.attributes
                0x0000058b       0x34 /Applications/STM32CubeIDE.app/Contents/Eclipse/plugins/com.st.stm32cube.ide.mcu.externaltools.gnu-tools-for-stm32.13.3.rel1.macos64_1.0.0.202411102158/tools/bin/../lib/gcc/arm-none-eabi/13.3.1/../../../../arm-none-eabi/lib/thumb/v7e-m+fp/hard/libc_nano.a(libc_a-mallocr.o)
 .ARM.attributes
                0x000005bf       0x34 /Applications/STM32CubeIDE.app/Contents/Eclipse/plugins/com.st.stm32cube.ide.mcu.externaltools.gnu-tools-for-stm32.13.3.rel1.macos64_1.0.0.202411102158/tools/bin/../lib/gcc/arm-none-eabi/13.3.1/../../../../arm-none-eabi/lib/thumb/v7e-m+fp/hard/libc_nano.a(libc_a-mlock.o)
 .ARM.attributes
                0x000005f3       0x34 /Applications/STM32CubeIDE.app/Contents/Eclipse/plugins/com.st.stm32cube.ide.mcu.externaltools.gnu-tools-for-stm32.13.3.rel1.macos64_1.0.0.202411102158/tools/bin/../lib/gcc/arm-none-eabi/13.3.1/../../../../arm-none-eabi/lib/thumb/v7e-m+fp/hard/libc_nano.a(libc_a-findfp.o)
 .ARM.attributes
                0x00000627       0x34 /Applications/STM32CubeIDE.app/Contents/Eclipse/plugins/com.st.stm32cube.ide.mcu.externaltools.gnu-tools-for-stm32.13.3.rel1.macos64_1.0.0.202411102158/tools/bin/../lib/gcc/arm-none-eabi/13.3.1/../../../../arm-none-eabi/lib/thumb/v7e-m+fp/hard/libc_nano.a(libc_a-sbrkr.o)
 .ARM.attributes
                0x0000065b       0x34 /Applications/STM32CubeIDE.app/Contents/Eclipse/plugins/com.st.stm32cube.ide.mcu.externaltools.gnu-tools-for-stm32.13.3.rel1.macos64_1.0.0.202411102158/tools/bin/../lib/gcc/arm-none-eabi/13.3.1/../../../../arm-none-eabi/lib/thumb/v7e-m+fp/hard/libc_nano.a(libc_a-errno.o)
 .ARM.attributes
                0x0000068f       0x34 /Applications/STM32CubeIDE.app/Contents/Eclipse/plugins/com.st.stm32cube.ide.mcu.externaltools.gnu-tools-for-stm32.13.3.rel1.macos64_1.0.0.202411102158/tools/bin/../lib/gcc/arm-none-eabi/13.3.1/../../../../arm-none-eabi/lib/thumb/v7e-m+fp/hard/libc_nano.a(libc_a-init.o)
 .ARM.attributes
                0x000006c3       0x34 /Applications/STM32CubeIDE.app/Contents/Eclipse/plugins/com.st.stm32cube.ide.mcu.externaltools.gnu-tools-for-stm32.13.3.rel1.macos64_1.0.0.202411102158/tools/bin/../lib/gcc/arm-none-eabi/13.3.1/../../../../arm-none-eabi/lib/thumb/v7e-m+fp/hard/libc_nano.a(libc_a-lock.o)
 .ARM.attributes
                0x000006f7       0x34 /Applications/STM32CubeIDE.app/Contents/Eclipse/plugins/com.st.stm32cube.ide.mcu.externaltools.gnu-tools-for-stm32.13.3.rel1.macos64_1.0.0.202411102158/tools/bin/../lib/gcc/arm-none-eabi/13.3.1/../../../../arm-none-eabi/lib/thumb/v7e-m+fp/hard/libc_nano.a(libc_a-reent.o)
 .ARM.attributes
                0x0000072b       0x34 /Applications/STM32CubeIDE.app/Contents/Eclipse/plugins/com.st.stm32cube.ide.mcu.externaltools.gnu-tools-for-stm32.13.3.rel1.macos64_1.0.0.202411102158/tools/bin/../lib/gcc/arm-none-eabi/13.3.1/../../../../arm-none-eabi/lib/thumb/v7e-m+fp/hard/libc_nano.a(libc_a-impure.o)
 .ARM.attributes
                0x0000075f       0x34 /Applications/STM32CubeIDE.app/Contents/Eclipse/plugins/com.st.stm32cube.ide.mcu.externaltools.gnu-tools-for-stm32.13.3.rel1.macos64_1.0.0.202411102158/tools/bin/../lib/gcc/arm-none-eabi/13.3.1/../../../../arm-none-eabi/lib/thumb/v7e-m+fp/hard/libc_nano.a(libc_a-freer.o)
 .ARM.attributes
                0x00000793       0x22 /Applications/STM32CubeIDE.app/Contents/Eclipse/plugins/com.st.stm32cube.ide.mcu.externaltools.gnu-tools-for-stm32.13.3.rel1.macos64_1.0.0.202411102158/tools/bin/../lib/gcc/arm-none-eabi/13.3.1/thumb/v7e-m+fp/hard/libgcc.a(_aeabi_uldivmod.o)
 .ARM.attributes
                0x000007b5       0x34 /Applications/STM32CubeIDE.app/Contents/Eclipse/plugins/com.st.stm32cube.ide.mcu.externaltools.gnu-tools-for-stm32.13.3.rel1.macos64_1.0.0.202411102158/tools/bin/../lib/gcc/arm-none-eabi/13.3.1/thumb/v7e-m+fp/hard/libgcc.a(_udivmoddi4.o)
 .ARM.attributes
                0x000007e9       0x22 /Applications/STM32CubeIDE.app/Contents/Eclipse/plugins/com.st.stm32cube.ide.mcu.externaltools.gnu-tools-for-stm32.13.3.rel1.macos64_1.0.0.202411102158/tools/bin/../lib/gcc/arm-none-eabi/13.3.1/thumb/v7e-m+fp/hard/libgcc.a(_dvmd_tls.o)
 .ARM.attributes
                0x0000080b       0x22 /Applications/STM32CubeIDE.app/Contents/Eclipse/plugins/com.st.stm32cube.ide.mcu.externaltools.gnu-tools-for-stm32.13.3.rel1.macos64_1.0.0.202411102158/tools/bin/../lib/gcc/arm-none-eabi/13.3.1/thumb/v7e-m+fp/hard/crtn.o
OUTPUT(Demonstrations.elf elf32-littlearm)
LOAD linker stubs
LOAD /Applications/STM32CubeIDE.app/Contents/Eclipse/plugins/com.st.stm32cube.ide.mcu.externaltools.gnu-tools-for-stm32.13.3.rel1.macos64_1.0.0.202411102158/tools/bin/../lib/gcc/arm-none-eabi/13.3.1/../../../../arm-none-eabi/lib/thumb/v7e-m+fp/hard/libc.a
LOAD /Applications/STM32CubeIDE.app/Contents/Eclipse/plugins/com.st.stm32cube.ide.mcu.externaltools.gnu-tools-for-stm32.13.3.rel1.macos64_1.0.0.202411102158/tools/bin/../lib/gcc/arm-none-eabi/13.3.1/../../../../arm-none-eabi/lib/thumb/v7e-m+fp/hard/libm.a
LOAD /Applications/STM32CubeIDE.app/Contents/Eclipse/plugins/com.st.stm32cube.ide.mcu.externaltools.gnu-tools-for-stm32.13.3.rel1.macos64_1.0.0.202411102158/tools/bin/../lib/gcc/arm-none-eabi/13.3.1/thumb/v7e-m+fp/hard/libgcc.a

.debug_line     0x00000000    0x16cb0
 .debug_line    0x00000000       0x7a ./Application/Startup/startup_stm32f407vgtx.o
 .debug_line    0x0000007a      0xf1f ./Application/User/main.o
 .debug_line    0x00000f99      0xbc4 ./Application/User/stm32f4xx_hal_msp.o
 .debug_line    0x00001b5d      0xc77 ./Application/User/stm32f4xx_it.o
 .debug_line    0x000027d4      0x529 ./Application/User/sysmem.o
 .debug_line    0x00002cfd      0xd56 ./Application/User/usbd_conf.o
 .debug_line    0x00003a53      0xa57 ./Application/User/usbd_desc.o
 .debug_line    0x000044aa      0x671 ./Drivers/BSP/Components/lis302dl.o
 .debug_line    0x00004b1b      0x66e ./Drivers/BSP/Components/lis3dsh.o
 .debug_line    0x00005189      0xb5a ./Drivers/BSP/STM32F4_DISCO/stm32f4_discovery.o
 .debug_line    0x00005ce3      0xb76 ./Drivers/BSP/STM32F4_DISCO/stm32f4_discovery_accelerometer.o
 .debug_line    0x00006859      0x82b ./Drivers/CMSIS/system_stm32f4xx.o
 .debug_line    0x00007084      0xa74 ./Drivers/STM32F4xx_HAL_Drivers/stm32f4xx_hal.o
 .debug_line    0x00007af8      0xd45 ./Drivers/STM32F4xx_HAL_Drivers/stm32f4xx_hal_cortex.o
 .debug_line    0x0000883d      0xbcd ./Drivers/STM32F4xx_HAL_Drivers/stm32f4xx_hal_gpio.o
 .debug_line    0x0000940a     0x14ba ./Drivers/STM32F4xx_HAL_Drivers/stm32f4xx_hal_pcd.o
 .debug_line    0x0000a8c4      0x83e ./Drivers/STM32F4xx_HAL_Drivers/stm32f4xx_hal_pcd_ex.o
 .debug_line    0x0000b102      0xe84 ./Drivers/STM32F4xx_HAL_Drivers/stm32f4xx_hal_rcc.o
 .debug_line    0x0000bf86     0x1fc7 ./Drivers/STM32F4xx_HAL_Drivers/stm32f4xx_hal_spi.o
 .debug_line    0x0000df4d     0x37f2 ./Drivers/STM32F4xx_HAL_Drivers/stm32f4xx_hal_tim.o
 .debug_line    0x0001173f     0x1d9c ./Drivers/STM32F4xx_HAL_Drivers/stm32f4xx_ll_usb.o
 .debug_line    0x000134db      0xc9b ./Middlewares/STM32_USBD_Library/Class/HID/usbd_hid.o
 .debug_line    0x00014176      0xf6d ./Middlewares/STM32_USBD_Library/Core/usbd_core.o
 .debug_line    0x000150e3     0x114a ./Middlewares/STM32_USBD_Library/Core/usbd_ctlreq.o
 .debug_line    0x0001622d      0xa83 ./Middlewares/STM32_USBD_Library/Core/usbd_ioreq.o

.debug_line_str
                0x00000000       0x84
 .debug_line_str
                0x00000000       0x84 ./Application/Startup/startup_stm32f407vgtx.o

.debug_info     0x00000000    0x13bb4
 .debug_info    0x00000000       0x30 ./Application/Startup/startup_stm32f407vgtx.o
 .debug_info    0x00000030     0x1b0f ./Application/User/main.o
 .debug_info    0x00001b3f      0x9b6 ./Application/User/stm32f4xx_hal_msp.o
 .debug_info    0x000024f5      0x659 ./Application/User/stm32f4xx_it.o
 .debug_info    0x00002b4e      0x168 ./Application/User/sysmem.o
 .debug_info    0x00002cb6     0x1bcb ./Application/User/usbd_conf.o
 .debug_info    0x00004881      0x373 ./Application/User/usbd_desc.o
 .debug_info    0x00004bf4      0x51c ./Drivers/BSP/Components/lis302dl.o
 .debug_info    0x00005110      0x4d2 ./Drivers/BSP/Components/lis3dsh.o
 .debug_info    0x000055e2     0x15d2 ./Drivers/BSP/STM32F4_DISCO/stm32f4_discovery.o
 .debug_info    0x00006bb4      0x402 ./Drivers/BSP/STM32F4_DISCO/stm32f4_discovery_accelerometer.o
 .debug_info    0x00006fb6      0x512 ./Drivers/CMSIS/system_stm32f4xx.o
 .debug_info    0x000074c8      0x944 ./Drivers/STM32F4xx_HAL_Drivers/stm32f4xx_hal.o
 .debug_info    0x00007e0c      0xd8c ./Drivers/STM32F4xx_HAL_Drivers/stm32f4xx_hal_cortex.o
 .debug_info    0x00008b98      0x6c3 ./Drivers/STM32F4xx_HAL_Drivers/stm32f4xx_hal_gpio.o
 .debug_info    0x0000925b     0x156f ./Drivers/STM32F4xx_HAL_Drivers/stm32f4xx_hal_pcd.o
 .debug_info    0x0000a7ca      0x6ea ./Drivers/STM32F4xx_HAL_Drivers/stm32f4xx_hal_pcd_ex.o
 .debug_info    0x0000aeb4      0x8af ./Drivers/STM32F4xx_HAL_Drivers/stm32f4xx_hal_rcc.o
 .debug_info    0x0000b763     0x1659 ./Drivers/STM32F4xx_HAL_Drivers/stm32f4xx_hal_spi.o
 .debug_info    0x0000cdbc     0x299d ./Drivers/STM32F4xx_HAL_Drivers/stm32f4xx_hal_tim.o
 .debug_info    0x0000f759     0x1993 ./Drivers/STM32F4xx_HAL_Drivers/stm32f4xx_ll_usb.o
 .debug_info    0x000110ec      0xa90 ./Middlewares/STM32_USBD_Library/Class/HID/usbd_hid.o
 .debug_info    0x00011b7c      0xe05 ./Middlewares/STM32_USBD_Library/Core/usbd_core.o
 .debug_info    0x00012981      0xade ./Middlewares/STM32_USBD_Library/Core/usbd_ctlreq.o
 .debug_info    0x0001345f      0x755 ./Middlewares/STM32_USBD_Library/Core/usbd_ioreq.o

.debug_abbrev   0x00000000     0x352f
 .debug_abbrev  0x00000000       0x24 ./Application/Startup/startup_stm32f407vgtx.o
 .debug_abbrev  0x00000024      0x398 ./Application/User/main.o
 .debug_abbrev  0x000003bc      0x1b3 ./Application/User/stm32f4xx_hal_msp.o
 .debug_abbrev  0x0000056f      0x1cc ./Application/User/stm32f4xx_it.o
 .debug_abbrev  0x0000073b       0xbc ./Application/User/sysmem.o
 .debug_abbrev  0x000007f7      0x33a ./Application/User/usbd_conf.o
 .debug_abbrev  0x00000b31      0x1a2 ./Application/User/usbd_desc.o
 .debug_abbrev  0x00000cd3      0x1e4 ./Drivers/BSP/Components/lis302dl.o
 .debug_abbrev  0x00000eb7      0x1e4 ./Drivers/BSP/Components/lis3dsh.o
 .debug_abbrev  0x0000109b      0x2fa ./Drivers/BSP/STM32F4_DISCO/stm32f4_discovery.o
 .debug_abbrev  0x00001395      0x165 ./Drivers/BSP/STM32F4_DISCO/stm32f4_discovery_accelerometer.o
 .debug_abbrev  0x000014fa      0x11a ./Drivers/CMSIS/system_stm32f4xx.o
 .debug_abbrev  0x00001614      0x214 ./Drivers/STM32F4xx_HAL_Drivers/stm32f4xx_hal.o
 .debug_abbrev  0x00001828      0x31d ./Drivers/STM32F4xx_HAL_Drivers/stm32f4xx_hal_cortex.o
 .debug_abbrev  0x00001b45      0x1d4 ./Drivers/STM32F4xx_HAL_Drivers/stm32f4xx_hal_gpio.o
 .debug_abbrev  0x00001d19      0x2b9 ./Drivers/STM32F4xx_HAL_Drivers/stm32f4xx_hal_pcd.o
 .debug_abbrev  0x00001fd2      0x1da ./Drivers/STM32F4xx_HAL_Drivers/stm32f4xx_hal_pcd_ex.o
 .debug_abbrev  0x000021ac      0x2b7 ./Drivers/STM32F4xx_HAL_Drivers/stm32f4xx_hal_rcc.o
 .debug_abbrev  0x00002463      0x27a ./Drivers/STM32F4xx_HAL_Drivers/stm32f4xx_hal_spi.o
 .debug_abbrev  0x000026dd      0x278 ./Drivers/STM32F4xx_HAL_Drivers/stm32f4xx_hal_tim.o
 .debug_abbrev  0x00002955      0x2b3 ./Drivers/STM32F4xx_HAL_Drivers/stm32f4xx_ll_usb.o
 .debug_abbrev  0x00002c08      0x2a2 ./Middlewares/STM32_USBD_Library/Class/HID/usbd_hid.o
 .debug_abbrev  0x00002eaa      0x27c ./Middlewares/STM32_USBD_Library/Core/usbd_core.o
 .debug_abbrev  0x00003126      0x26f ./Middlewares/STM32_USBD_Library/Core/usbd_ctlreq.o
 .debug_abbrev  0x00003395      0x19a ./Middlewares/STM32_USBD_Library/Core/usbd_ioreq.o

.debug_aranges  0x00000000     0x12c8
 .debug_aranges
                0x00000000       0x28 ./Application/Startup/startup_stm32f407vgtx.o
 .debug_aranges
                0x00000028       0x70 ./Application/User/main.o
 .debug_aranges
                0x00000098       0x28 ./Application/User/stm32f4xx_hal_msp.o
 .debug_aranges
                0x000000c0       0x70 ./Application/User/stm32f4xx_it.o
 .debug_aranges
                0x00000130       0x20 ./Application/User/sysmem.o
 .debug_aranges
                0x00000150      0x100 ./Application/User/usbd_conf.o
 .debug_aranges
                0x00000250       0x50 ./Application/User/usbd_desc.o
 .debug_aranges
                0x000002a0       0x78 ./Drivers/BSP/Components/lis302dl.o
 .debug_aranges
                0x00000318       0x68 ./Drivers/BSP/Components/lis3dsh.o
 .debug_aranges
                0x00000380       0xd8 ./Drivers/BSP/STM32F4_DISCO/stm32f4_discovery.o
 .debug_aranges
                0x00000458       0x48 ./Drivers/BSP/STM32F4_DISCO/stm32f4_discovery_accelerometer.o
 .debug_aranges
                0x000004a0       0x28 ./Drivers/CMSIS/system_stm32f4xx.o
 .debug_aranges
                0x000004c8       0xf0 ./Drivers/STM32F4xx_HAL_Drivers/stm32f4xx_hal.o
 .debug_aranges
                0x000005b8      0x130 ./Drivers/STM32F4xx_HAL_Drivers/stm32f4xx_hal_cortex.o
 .debug_aranges
                0x000006e8       0x58 ./Drivers/STM32F4xx_HAL_Drivers/stm32f4xx_hal_gpio.o
 .debug_aranges
                0x00000740      0x148 ./Drivers/STM32F4xx_HAL_Drivers/stm32f4xx_hal_pcd.o
 .debug_aranges
                0x00000888       0x38 ./Drivers/STM32F4xx_HAL_Drivers/stm32f4xx_hal_pcd_ex.o
 .debug_aranges
                0x000008c0       0x88 ./Drivers/STM32F4xx_HAL_Drivers/stm32f4xx_hal_rcc.o
 .debug_aranges
                0x00000948      0x1f0 ./Drivers/STM32F4xx_HAL_Drivers/stm32f4xx_hal_spi.o
 .debug_aranges
                0x00000b38      0x3d0 ./Drivers/STM32F4xx_HAL_Drivers/stm32f4xx_hal_tim.o
 .debug_aranges
                0x00000f08      0x1a0 ./Drivers/STM32F4xx_HAL_Drivers/stm32f4xx_ll_usb.o
 .debug_aranges
                0x000010a8       0x68 ./Middlewares/STM32_USBD_Library/Class/HID/usbd_hid.o
 .debug_aranges
                0x00001110       0xd8 ./Middlewares/STM32_USBD_Library/Core/usbd_core.o
 .debug_aranges
                0x000011e8       0x90 ./Middlewares/STM32_USBD_Library/Core/usbd_ctlreq.o
 .debug_aranges
                0x00001278       0x50 ./Middlewares/STM32_USBD_Library/Core/usbd_ioreq.o

.debug_str      0x00000000    0xd2adf
 .debug_str     0x00000000    0xd2adf ./Application/Startup/startup_stm32f407vgtx.o
                                 0xa0 (size before relaxing)
 .debug_str     0x000d2adf    0xcd85e ./Application/User/main.o
 .debug_str     0x000d2adf    0xcc92b ./Application/User/stm32f4xx_hal_msp.o
 .debug_str     0x000d2adf    0xcc737 ./Application/User/stm32f4xx_it.o
 .debug_str     0x000d2adf     0x77b3 ./Application/User/sysmem.o
 .debug_str     0x000d2adf    0xcaafa ./Application/User/usbd_conf.o
 .debug_str     0x000d2adf    0xc9b37 ./Application/User/usbd_desc.o
 .debug_str     0x000d2adf     0x4bc0 ./Drivers/BSP/Components/lis302dl.o
 .debug_str     0x000d2adf     0x52ee ./Drivers/BSP/Components/lis3dsh.o
 .debug_str     0x000d2adf    0xc7376 ./Drivers/BSP/STM32F4_DISCO/stm32f4_discovery.o
 .debug_str     0x000d2adf    0xc800b ./Drivers/BSP/STM32F4_DISCO/stm32f4_discovery_accelerometer.o
 .debug_str     0x000d2adf    0xc55cb ./Drivers/CMSIS/system_stm32f4xx.o
 .debug_str     0x000d2adf    0xc613f ./Drivers/STM32F4xx_HAL_Drivers/stm32f4xx_hal.o
 .debug_str     0x000d2adf    0xc5ebb ./Drivers/STM32F4xx_HAL_Drivers/stm32f4xx_hal_cortex.o
 .debug_str     0x000d2adf    0xc5736 ./Drivers/STM32F4xx_HAL_Drivers/stm32f4xx_hal_gpio.o
 .debug_str     0x000d2adf    0xc6099 ./Drivers/STM32F4xx_HAL_Drivers/stm32f4xx_hal_pcd.o
 .debug_str     0x000d2adf    0xc5989 ./Drivers/STM32F4xx_HAL_Drivers/stm32f4xx_hal_pcd_ex.o
 .debug_str     0x000d2adf    0xc59ef ./Drivers/STM32F4xx_HAL_Drivers/stm32f4xx_hal_rcc.o
 .debug_str     0x000d2adf    0xc5ee0 ./Drivers/STM32F4xx_HAL_Drivers/stm32f4xx_hal_spi.o
 .debug_str     0x000d2adf    0xc6945 ./Drivers/STM32F4xx_HAL_Drivers/stm32f4xx_hal_tim.o
 .debug_str     0x000d2adf    0xc5f74 ./Drivers/STM32F4xx_HAL_Drivers/stm32f4xx_ll_usb.o
 .debug_str     0x000d2adf    0xc9ff4 ./Middlewares/STM32_USBD_Library/Class/HID/usbd_hid.o
 .debug_str     0x000d2adf    0xc9f59 ./Middlewares/STM32_USBD_Library/Core/usbd_core.o
 .debug_str     0x000d2adf    0xc9d84 ./Middlewares/STM32_USBD_Library/Core/usbd_ctlreq.o
 .debug_str     0x000d2adf    0xc9c59 ./Middlewares/STM32_USBD_Library/Core/usbd_ioreq.o

.debug_rnglists
                0x00000000      0xe3d
 .debug_rnglists
                0x00000000       0x19 ./Application/Startup/startup_stm32f407vgtx.o
 .debug_rnglists
                0x00000019       0x54 ./Application/User/main.o
 .debug_rnglists
                0x0000006d       0x19 ./Application/User/stm32f4xx_hal_msp.o
 .debug_rnglists
                0x00000086       0x4f ./Application/User/stm32f4xx_it.o
 .debug_rnglists
                0x000000d5       0x13 ./Application/User/sysmem.o
 .debug_rnglists
                0x000000e8       0xbd ./Application/User/usbd_conf.o
 .debug_rnglists
                0x000001a5       0x37 ./Application/User/usbd_desc.o
 .debug_rnglists
                0x000001dc       0x57 ./Drivers/BSP/Components/lis302dl.o
 .debug_rnglists
                0x00000233       0x4b ./Drivers/BSP/Components/lis3dsh.o
 .debug_rnglists
                0x0000027e       0xa0 ./Drivers/BSP/STM32F4_DISCO/stm32f4_discovery.o
 .debug_rnglists
                0x0000031e       0x32 ./Drivers/BSP/STM32F4_DISCO/stm32f4_discovery_accelerometer.o
 .debug_rnglists
                0x00000350       0x1a ./Drivers/CMSIS/system_stm32f4xx.o
 .debug_rnglists
                0x0000036a       0xaf ./Drivers/STM32F4xx_HAL_Drivers/stm32f4xx_hal.o
 .debug_rnglists
                0x00000419       0xe0 ./Drivers/STM32F4xx_HAL_Drivers/stm32f4xx_hal_cortex.o
 .debug_rnglists