../../Drivers/CMSIS/Include/core_cm4.h:1814:22:__NVIC_SetPriority	16	static
../../Drivers/CMSIS/Include/core_cm4.h:2022:26:SysTick_Config	16	static
/Users/charlesmurphy/STM32CubeIDE/workspace_1.18.0/Demonstrations/Src/main.c:78:5:main	8	static
/Users/charlesmurphy/STM32CubeIDE/workspace_1.18.0/Demonstrations/Src/main.c:114:13:Demo_Exec	16	static
/Users/charlesmurphy/STM32CubeIDE/workspace_1.18.0/Demonstrations/Src/main.c:213:13:TIM4_Config	8	static
/Users/charlesmurphy/STM32CubeIDE/workspace_1.18.0/Demonstrations/Src/main.c:295:6:HAL_SYSTICK_Callback	16	static
/Users/charlesmurphy/STM32CubeIDE/workspace_1.18.0/Demonstrations/Src/main.c:406:6:HAL_GPIO_EXTI_Callback	16	static
/Users/charlesmurphy/STM32CubeIDE/workspace_1.18.0/Demonstrations/Src/main.c:419:13:Error_Handler	8	static
/Users/charlesmurphy/STM32CubeIDE/workspace_1.18.0/Demonstrations/Src/main.c:448:13:SystemClock_Config	88	static
