../../Drivers/CMSIS/Include/core_cm4.h:1814:22:__NVIC_SetPriority	2
../../Drivers/CMSIS/Include/core_cm4.h:2022:26:SysTick_Config	2
/Users/charlesmurphy/STM32CubeIDE/workspace_1.18.0/Demonstrations/Src/main.c:83:5:main	1
/Users/charlesmurphy/STM32CubeIDE/workspace_1.18.0/Demonstrations/Src/main.c:119:13:Demo_Exec	9
/Users/charlesmurphy/STM32CubeIDE/workspace_1.18.0/Demonstrations/Src/main.c:222:17:Demo_USBConfig	1
/Users/charlesmurphy/STM32CubeIDE/workspace_1.18.0/Demonstrations/Src/main.c:241:13:TIM4_Config	6
/Users/charlesmurphy/STM32CubeIDE/workspace_1.18.0/Demonstrations/Src/main.c:323:6:HAL_SYSTICK_Callback	12
/Users/charlesmurphy/STM32CubeIDE/workspace_1.18.0/Demonstrations/Src/main.c:441:6:HAL_GPIO_EXTI_Callback	2
/Users/charlesmurphy/STM32CubeIDE/workspace_1.18.0/Demonstrations/Src/main.c:454:17:USBD_HID_GetPos	5
/Users/charlesmurphy/STM32CubeIDE/workspace_1.18.0/Demonstrations/Src/main.c:489:13:Error_Handler	1
/Users/charlesmurphy/STM32CubeIDE/workspace_1.18.0/Demonstrations/Src/main.c:518:13:SystemClock_Config	2
