/Users/charlesmurphy/STM32CubeIDE/workspace_1.18.0/Demonstrations/Src/stm32f4xx_it.c:50:6:NMI_Handler	4	static
/Users/charlesmurphy/STM32CubeIDE/workspace_1.18.0/Demonstrations/Src/stm32f4xx_it.c:59:6:HardFault_Handler	4	static
/Users/charlesmurphy/STM32CubeIDE/workspace_1.18.0/Demonstrations/Src/stm32f4xx_it.c:72:6:MemManage_Handler	4	static
/Users/charlesmurphy/STM32CubeIDE/workspace_1.18.0/Demonstrations/Src/stm32f4xx_it.c:85:6:BusFault_Handler	4	static
/Users/charlesmurphy/STM32CubeIDE/workspace_1.18.0/Demonstrations/Src/stm32f4xx_it.c:98:6:UsageFault_Handler	4	static
/Users/charlesmurphy/STM32CubeIDE/workspace_1.18.0/Demonstrations/Src/stm32f4xx_it.c:111:6:SVC_Handler	4	static
/Users/charlesmurphy/STM32CubeIDE/workspace_1.18.0/Demonstrations/Src/stm32f4xx_it.c:120:6:DebugMon_Handler	4	static
/Users/charlesmurphy/STM32CubeIDE/workspace_1.18.0/Demonstrations/Src/stm32f4xx_it.c:129:6:PendSV_Handler	4	static
/Users/charlesmurphy/STM32CubeIDE/workspace_1.18.0/Demonstrations/Src/stm32f4xx_it.c:138:6:SysTick_Handler	8	static
/Users/charlesmurphy/STM32CubeIDE/workspace_1.18.0/Demonstrations/Src/stm32f4xx_it.c:159:6:EXTI0_IRQHandler	8	static
/Users/charlesmurphy/STM32CubeIDE/workspace_1.18.0/Demonstrations/Src/stm32f4xx_it.c:171:6:OTG_FS_IRQHandler	8	static
